device: NVIDIA GeForce RTX 4070 Laptop GPU | 8.0 GiB | sm_89 | bf16=True
run: ablation_002_lr_1e-3  precision: bfloat16  max_iters: 8000
model: 52.9M params (52,901,712)
iter      0 | loss 10.4335 | lr 9.99e-07 | grad_norm 13.489 | tok/s 13,917 | data_time_frac 3.9% | peak_vram 1930MiB
iter     25 | loss 8.6659 | lr 2.60e-05 | grad_norm 3.143 | tok/s 17,083 | data_time_frac 7.4% | peak_vram 2344MiB
iter     50 | loss 7.2616 | lr 5.09e-05 | grad_norm 2.124 | tok/s 16,705 | data_time_frac 9.9% | peak_vram 2344MiB
iter     75 | loss 6.0802 | lr 7.59e-05 | grad_norm 2.150 | tok/s 16,379 | data_time_frac 11.1% | peak_vram 2344MiB
iter    100 | loss 5.0484 | lr 1.01e-04 | grad_norm 1.571 | tok/s 16,526 | data_time_frac 11.1% | peak_vram 2344MiB
iter    125 | loss 4.5363 | lr 1.26e-04 | grad_norm 1.597 | tok/s 16,527 | data_time_frac 11.7% | peak_vram 2344MiB
iter    150 | loss 4.2073 | lr 1.51e-04 | grad_norm 1.106 | tok/s 16,507 | data_time_frac 11.8% | peak_vram 2344MiB
iter    175 | loss 3.9697 | lr 1.76e-04 | grad_norm 1.106 | tok/s 16,497 | data_time_frac 12.2% | peak_vram 2344MiB
iter    200 | loss 3.8859 | lr 2.01e-04 | grad_norm 1.124 | tok/s 16,532 | data_time_frac 12.6% | peak_vram 2344MiB
iter    225 | loss 3.7171 | lr 2.26e-04 | grad_norm 1.139 | tok/s 16,670 | data_time_frac 12.0% | peak_vram 2344MiB
iter    250 | loss 3.5351 | lr 2.51e-04 | grad_norm 1.077 | tok/s 16,691 | data_time_frac 12.0% | peak_vram 2344MiB
iter    275 | loss 3.4383 | lr 2.76e-04 | grad_norm 1.488 | tok/s 16,726 | data_time_frac 11.8% | peak_vram 2344MiB
iter    300 | loss 3.3310 | lr 3.01e-04 | grad_norm 1.320 | tok/s 16,733 | data_time_frac 11.7% | peak_vram 2344MiB
iter    325 | loss 3.2211 | lr 3.26e-04 | grad_norm 1.415 | tok/s 16,804 | data_time_frac 11.2% | peak_vram 2344MiB
iter    350 | loss 3.0726 | lr 3.51e-04 | grad_norm 1.431 | tok/s 16,811 | data_time_frac 10.9% | peak_vram 2344MiB
iter    375 | loss 3.0115 | lr 3.76e-04 | grad_norm 1.468 | tok/s 16,892 | data_time_frac 10.4% | peak_vram 2344MiB
iter    400 | loss 2.9522 | lr 4.01e-04 | grad_norm 1.147 | tok/s 16,972 | data_time_frac 10.0% | peak_vram 2344MiB
iter    425 | loss 2.8494 | lr 4.26e-04 | grad_norm 1.233 | tok/s 17,029 | data_time_frac 9.6% | peak_vram 2344MiB
iter    450 | loss 2.7935 | lr 4.51e-04 | grad_norm 0.959 | tok/s 17,081 | data_time_frac 9.3% | peak_vram 2344MiB
iter    475 | loss 2.8297 | lr 4.76e-04 | grad_norm 1.225 | tok/s 17,142 | data_time_frac 8.9% | peak_vram 2344MiB
iter    500 | loss 2.6690 | lr 5.00e-04 | grad_norm 1.141 | tok/s 17,157 | data_time_frac 8.8% | peak_vram 2344MiB
  eval @ iter 500: train 2.6659  val 2.7221
  new best val_loss 2.7221 — saved checkpoints\ablation_002_lr_1e-3\best.pt
iter    525 | loss 2.6199 | lr 5.25e-04 | grad_norm 0.861 | tok/s 16,957 | data_time_frac 8.6% | peak_vram 2344MiB
iter    550 | loss 2.5851 | lr 5.50e-04 | grad_norm 1.107 | tok/s 16,960 | data_time_frac 8.7% | peak_vram 2344MiB
iter    575 | loss 2.5912 | lr 5.75e-04 | grad_norm 1.023 | tok/s 16,956 | data_time_frac 8.8% | peak_vram 2344MiB
iter    600 | loss 2.4222 | lr 6.00e-04 | grad_norm 0.912 | tok/s 16,944 | data_time_frac 9.0% | peak_vram 2344MiB
iter    625 | loss 2.5016 | lr 6.25e-04 | grad_norm 0.966 | tok/s 16,934 | data_time_frac 9.3% | peak_vram 2344MiB
iter    650 | loss 2.4231 | lr 6.50e-04 | grad_norm 0.866 | tok/s 16,948 | data_time_frac 9.5% | peak_vram 2344MiB
iter    675 | loss 2.4228 | lr 6.75e-04 | grad_norm 0.773 | tok/s 16,969 | data_time_frac 9.5% | peak_vram 2344MiB
iter    700 | loss 2.4120 | lr 7.00e-04 | grad_norm 0.779 | tok/s 16,967 | data_time_frac 9.7% | peak_vram 2344MiB
iter    725 | loss 2.2593 | lr 7.25e-04 | grad_norm 0.740 | tok/s 16,968 | data_time_frac 10.0% | peak_vram 2344MiB
iter    750 | loss 2.3042 | lr 7.50e-04 | grad_norm 0.779 | tok/s 16,977 | data_time_frac 10.1% | peak_vram 2344MiB
iter    775 | loss 2.3245 | lr 7.75e-04 | grad_norm 0.665 | tok/s 16,998 | data_time_frac 10.1% | peak_vram 2344MiB
iter    800 | loss 2.2610 | lr 8.00e-04 | grad_norm 0.630 | tok/s 17,015 | data_time_frac 10.2% | peak_vram 2344MiB
iter    825 | loss 2.2510 | lr 8.25e-04 | grad_norm 0.684 | tok/s 17,008 | data_time_frac 10.4% | peak_vram 2344MiB
iter    850 | loss 2.2060 | lr 8.50e-04 | grad_norm 0.628 | tok/s 17,051 | data_time_frac 10.2% | peak_vram 2344MiB
iter    875 | loss 2.1855 | lr 8.75e-04 | grad_norm 0.610 | tok/s 17,098 | data_time_frac 10.0% | peak_vram 2344MiB
iter    900 | loss 2.2019 | lr 9.00e-04 | grad_norm 0.603 | tok/s 17,142 | data_time_frac 9.8% | peak_vram 2344MiB
iter    925 | loss 2.0942 | lr 9.25e-04 | grad_norm 0.570 | tok/s 17,186 | data_time_frac 9.6% | peak_vram 2344MiB
iter    950 | loss 2.1809 | lr 9.50e-04 | grad_norm 0.563 | tok/s 17,226 | data_time_frac 9.4% | peak_vram 2344MiB
iter    975 | loss 2.1457 | lr 9.75e-04 | grad_norm 0.547 | tok/s 17,262 | data_time_frac 9.2% | peak_vram 2344MiB
iter   1000 | loss 2.1715 | lr 1.00e-03 | grad_norm 0.647 | tok/s 17,243 | data_time_frac 9.3% | peak_vram 2344MiB
  eval @ iter 1000: train 2.1176  val 2.1383
  new best val_loss 2.1383 — saved checkpoints\ablation_002_lr_1e-3\best.pt
iter   1025 | loss 2.1161 | lr 1.00e-03 | grad_norm 0.585 | tok/s 17,118 | data_time_frac 9.4% | peak_vram 2344MiB
iter   1050 | loss 2.0994 | lr 1.00e-03 | grad_norm 0.536 | tok/s 17,095 | data_time_frac 9.6% | peak_vram 2344MiB
iter   1075 | loss 2.0752 | lr 1.00e-03 | grad_norm 0.514 | tok/s 17,045 | data_time_frac 9.9% | peak_vram 2344MiB
iter   1100 | loss 2.0807 | lr 1.00e-03 | grad_norm 0.477 | tok/s 16,991 | data_time_frac 10.3% | peak_vram 2344MiB
iter   1125 | loss 2.0510 | lr 9.99e-04 | grad_norm 0.498 | tok/s 16,968 | data_time_frac 10.6% | peak_vram 2344MiB
iter   1150 | loss 2.0388 | lr 9.99e-04 | grad_norm 0.489 | tok/s 16,941 | data_time_frac 10.9% | peak_vram 2344MiB
iter   1175 | loss 2.0324 | lr 9.99e-04 | grad_norm 0.488 | tok/s 16,949 | data_time_frac 10.9% | peak_vram 2344MiB
iter   1200 | loss 1.9692 | lr 9.98e-04 | grad_norm 0.458 | tok/s 16,928 | data_time_frac 11.0% | peak_vram 2344MiB
iter   1225 | loss 1.9655 | lr 9.98e-04 | grad_norm 0.461 | tok/s 16,925 | data_time_frac 11.0% | peak_vram 2344MiB
iter   1250 | loss 1.9799 | lr 9.97e-04 | grad_norm 0.431 | tok/s 16,937 | data_time_frac 10.9% | peak_vram 2344MiB
iter   1275 | loss 2.0327 | lr 9.97e-04 | grad_norm 0.487 | tok/s 16,948 | data_time_frac 10.9% | peak_vram 2344MiB
iter   1300 | loss 1.9928 | lr 9.96e-04 | grad_norm 0.464 | tok/s 16,946 | data_time_frac 10.9% | peak_vram 2344MiB
iter   1325 | loss 1.9841 | lr 9.95e-04 | grad_norm 0.434 | tok/s 16,963 | data_time_frac 10.7% | peak_vram 2344MiB
iter   1350 | loss 2.0475 | lr 9.94e-04 | grad_norm 0.445 | tok/s 16,973 | data_time_frac 10.7% | peak_vram 2344MiB
iter   1375 | loss 1.9248 | lr 9.94e-04 | grad_norm 0.433 | tok/s 16,996 | data_time_frac 10.6% | peak_vram 2344MiB
iter   1400 | loss 1.9742 | lr 9.93e-04 | grad_norm 0.420 | tok/s 17,029 | data_time_frac 10.6% | peak_vram 2344MiB
iter   1425 | loss 1.8908 | lr 9.92e-04 | grad_norm 0.408 | tok/s 17,048 | data_time_frac 10.7% | peak_vram 2344MiB
iter   1450 | loss 1.9301 | lr 9.91e-04 | grad_norm 0.472 | tok/s 17,066 | data_time_frac 10.8% | peak_vram 2344MiB
iter   1475 | loss 1.8819 | lr 9.90e-04 | grad_norm 0.419 | tok/s 17,081 | data_time_frac 11.0% | peak_vram 2344MiB
iter   1500 | loss 1.9065 | lr 9.89e-04 | grad_norm 0.427 | tok/s 17,101 | data_time_frac 11.1% | peak_vram 2344MiB
  eval @ iter 1500: train 1.8863  val 1.9451
  new best val_loss 1.9451 — saved checkpoints\ablation_002_lr_1e-3\best.pt
iter   1525 | loss 1.9792 | lr 9.88e-04 | grad_norm 0.426 | tok/s 17,079 | data_time_frac 11.2% | peak_vram 2344MiB
iter   1550 | loss 1.8991 | lr 9.86e-04 | grad_norm 0.434 | tok/s 17,108 | data_time_frac 11.3% | peak_vram 2344MiB
iter   1575 | loss 1.9474 | lr 9.85e-04 | grad_norm 0.389 | tok/s 17,133 | data_time_frac 11.4% | peak_vram 2344MiB
iter   1600 | loss 1.8454 | lr 9.84e-04 | grad_norm 0.395 | tok/s 17,165 | data_time_frac 11.5% | peak_vram 2344MiB
iter   1625 | loss 1.8383 | lr 9.82e-04 | grad_norm 0.384 | tok/s 17,218 | data_time_frac 11.4% | peak_vram 2344MiB
iter   1650 | loss 1.8813 | lr 9.81e-04 | grad_norm 0.421 | tok/s 17,275 | data_time_frac 11.3% | peak_vram 2344MiB
iter   1675 | loss 1.8661 | lr 9.80e-04 | grad_norm 0.369 | tok/s 17,331 | data_time_frac 11.2% | peak_vram 2344MiB
iter   1700 | loss 1.9127 | lr 9.78e-04 | grad_norm 0.429 | tok/s 17,386 | data_time_frac 11.1% | peak_vram 2344MiB
iter   1725 | loss 1.8291 | lr 9.76e-04 | grad_norm 0.374 | tok/s 17,437 | data_time_frac 11.0% | peak_vram 2344MiB
iter   1750 | loss 1.8333 | lr 9.75e-04 | grad_norm 0.385 | tok/s 17,490 | data_time_frac 10.9% | peak_vram 2344MiB
iter   1775 | loss 1.7859 | lr 9.73e-04 | grad_norm 0.378 | tok/s 17,541 | data_time_frac 10.8% | peak_vram 2344MiB
iter   1800 | loss 1.8385 | lr 9.71e-04 | grad_norm 0.379 | tok/s 17,592 | data_time_frac 10.7% | peak_vram 2344MiB
iter   1825 | loss 1.7707 | lr 9.70e-04 | grad_norm 0.379 | tok/s 17,642 | data_time_frac 10.6% | peak_vram 2344MiB
iter   1850 | loss 1.7793 | lr 9.68e-04 | grad_norm 0.383 | tok/s 17,691 | data_time_frac 10.5% | peak_vram 2344MiB
iter   1875 | loss 1.7814 | lr 9.66e-04 | grad_norm 0.358 | tok/s 17,740 | data_time_frac 10.4% | peak_vram 2344MiB
iter   1900 | loss 1.7947 | lr 9.64e-04 | grad_norm 0.403 | tok/s 17,787 | data_time_frac 10.3% | peak_vram 2344MiB
iter   1925 | loss 1.8375 | lr 9.62e-04 | grad_norm 0.385 | tok/s 17,834 | data_time_frac 10.2% | peak_vram 2344MiB
iter   1950 | loss 1.8279 | lr 9.60e-04 | grad_norm 0.370 | tok/s 17,880 | data_time_frac 10.1% | peak_vram 2344MiB
iter   1975 | loss 1.7743 | lr 9.58e-04 | grad_norm 0.368 | tok/s 17,926 | data_time_frac 10.0% | peak_vram 2344MiB
iter   2000 | loss 1.8048 | lr 9.55e-04 | grad_norm 0.375 | tok/s 17,970 | data_time_frac 9.9% | peak_vram 2344MiB
  eval @ iter 2000: train 1.7781  val 1.8215
  new best val_loss 1.8215 — saved checkpoints\ablation_002_lr_1e-3\best.pt
iter   2025 | loss 1.7837 | lr 9.53e-04 | grad_norm 0.403 | tok/s 17,971 | data_time_frac 9.8% | peak_vram 2344MiB
iter   2050 | loss 1.7754 | lr 9.51e-04 | grad_norm 0.362 | tok/s 18,014 | data_time_frac 9.8% | peak_vram 2344MiB
iter   2075 | loss 1.7695 | lr 9.49e-04 | grad_norm 0.357 | tok/s 18,056 | data_time_frac 9.7% | peak_vram 2344MiB
iter   2100 | loss 1.8463 | lr 9.46e-04 | grad_norm 0.363 | tok/s 18,098 | data_time_frac 9.6% | peak_vram 2344MiB
iter   2125 | loss 1.7587 | lr 9.44e-04 | grad_norm 0.355 | tok/s 18,140 | data_time_frac 9.5% | peak_vram 2344MiB
iter   2150 | loss 1.7379 | lr 9.41e-04 | grad_norm 0.352 | tok/s 18,181 | data_time_frac 9.4% | peak_vram 2344MiB
iter   2175 | loss 1.7994 | lr 9.39e-04 | grad_norm 0.365 | tok/s 18,220 | data_time_frac 9.3% | peak_vram 2344MiB
iter   2200 | loss 1.7784 | lr 9.36e-04 | grad_norm 0.384 | tok/s 18,260 | data_time_frac 9.3% | peak_vram 2344MiB
iter   2225 | loss 1.8263 | lr 9.34e-04 | grad_norm 0.377 | tok/s 18,298 | data_time_frac 9.2% | peak_vram 2344MiB
iter   2250 | loss 1.7530 | lr 9.31e-04 | grad_norm 0.341 | tok/s 18,337 | data_time_frac 9.1% | peak_vram 2344MiB
iter   2275 | loss 1.8386 | lr 9.28e-04 | grad_norm 0.384 | tok/s 18,374 | data_time_frac 9.0% | peak_vram 2344MiB
iter   2300 | loss 1.7400 | lr 9.26e-04 | grad_norm 0.333 | tok/s 18,412 | data_time_frac 9.0% | peak_vram 2344MiB
iter   2325 | loss 1.7609 | lr 9.23e-04 | grad_norm 0.354 | tok/s 18,448 | data_time_frac 8.9% | peak_vram 2344MiB
iter   2350 | loss 1.8154 | lr 9.20e-04 | grad_norm 0.351 | tok/s 18,484 | data_time_frac 8.8% | peak_vram 2344MiB
iter   2375 | loss 1.7668 | lr 9.17e-04 | grad_norm 0.351 | tok/s 18,518 | data_time_frac 8.7% | peak_vram 2344MiB
iter   2400 | loss 1.7443 | lr 9.14e-04 | grad_norm 0.353 | tok/s 18,551 | data_time_frac 8.7% | peak_vram 2344MiB
iter   2425 | loss 1.7430 | lr 9.11e-04 | grad_norm 0.357 | tok/s 18,585 | data_time_frac 8.6% | peak_vram 2344MiB
iter   2450 | loss 1.7633 | lr 9.08e-04 | grad_norm 0.353 | tok/s 18,617 | data_time_frac 8.6% | peak_vram 2344MiB
iter   2475 | loss 1.7093 | lr 9.05e-04 | grad_norm 0.337 | tok/s 18,649 | data_time_frac 8.5% | peak_vram 2344MiB
iter   2500 | loss 1.6895 | lr 9.02e-04 | grad_norm 0.331 | tok/s 18,680 | data_time_frac 8.5% | peak_vram 2344MiB
  eval @ iter 2500: train 1.7659  val 1.7590
  new best val_loss 1.7590 — saved checkpoints\ablation_002_lr_1e-3\best.pt
iter   2525 | loss 1.7641 | lr 8.99e-04 | grad_norm 0.362 | tok/s 18,673 | data_time_frac 8.4% | peak_vram 2344MiB
iter   2550 | loss 1.6961 | lr 8.95e-04 | grad_norm 0.351 | tok/s 18,703 | data_time_frac 8.4% | peak_vram 2344MiB
iter   2575 | loss 1.7443 | lr 8.92e-04 | grad_norm 0.334 | tok/s 18,732 | data_time_frac 8.3% | peak_vram 2344MiB
iter   2600 | loss 1.7340 | lr 8.89e-04 | grad_norm 0.352 | tok/s 18,761 | data_time_frac 8.3% | peak_vram 2344MiB
iter   2625 | loss 1.7421 | lr 8.86e-04 | grad_norm 0.328 | tok/s 18,786 | data_time_frac 8.2% | peak_vram 2344MiB
iter   2650 | loss 1.6777 | lr 8.82e-04 | grad_norm 0.384 | tok/s 18,805 | data_time_frac 8.2% | peak_vram 2344MiB
iter   2675 | loss 1.7613 | lr 8.79e-04 | grad_norm 0.362 | tok/s 18,814 | data_time_frac 8.3% | peak_vram 2344MiB
iter   2700 | loss 1.7364 | lr 8.75e-04 | grad_norm 0.344 | tok/s 18,831 | data_time_frac 8.3% | peak_vram 2344MiB
iter   2725 | loss 1.7663 | lr 8.72e-04 | grad_norm 0.341 | tok/s 18,857 | data_time_frac 8.2% | peak_vram 2344MiB
iter   2750 | loss 1.7297 | lr 8.68e-04 | grad_norm 0.360 | tok/s 18,884 | data_time_frac 8.2% | peak_vram 2344MiB
iter   2775 | loss 1.7562 | lr 8.65e-04 | grad_norm 0.353 | tok/s 18,909 | data_time_frac 8.1% | peak_vram 2344MiB
iter   2800 | loss 1.6449 | lr 8.61e-04 | grad_norm 0.337 | tok/s 18,935 | data_time_frac 8.1% | peak_vram 2344MiB
iter   2825 | loss 1.6635 | lr 8.57e-04 | grad_norm 0.339 | tok/s 18,960 | data_time_frac 8.1% | peak_vram 2344MiB
iter   2850 | loss 1.6571 | lr 8.54e-04 | grad_norm 0.320 | tok/s 18,986 | data_time_frac 8.0% | peak_vram 2344MiB
iter   2875 | loss 1.6781 | lr 8.50e-04 | grad_norm 0.354 | tok/s 19,009 | data_time_frac 8.0% | peak_vram 2344MiB
iter   2900 | loss 1.7192 | lr 8.46e-04 | grad_norm 0.356 | tok/s 19,022 | data_time_frac 8.0% | peak_vram 2344MiB
iter   2925 | loss 1.7044 | lr 8.42e-04 | grad_norm 0.362 | tok/s 19,039 | data_time_frac 7.9% | peak_vram 2344MiB
iter   2950 | loss 1.7542 | lr 8.38e-04 | grad_norm 0.331 | tok/s 19,061 | data_time_frac 7.9% | peak_vram 2344MiB
iter   2975 | loss 1.6807 | lr 8.35e-04 | grad_norm 0.328 | tok/s 19,082 | data_time_frac 7.9% | peak_vram 2344MiB
iter   3000 | loss 1.6199 | lr 8.31e-04 | grad_norm 0.340 | tok/s 19,105 | data_time_frac 7.8% | peak_vram 2344MiB
  eval @ iter 3000: train 1.7077  val 1.7379
  new best val_loss 1.7379 — saved checkpoints\ablation_002_lr_1e-3\best.pt
iter   3025 | loss 1.6791 | lr 8.27e-04 | grad_norm 0.328 | tok/s 19,079 | data_time_frac 7.9% | peak_vram 2344MiB
iter   3050 | loss 1.7436 | lr 8.23e-04 | grad_norm 0.350 | tok/s 19,084 | data_time_frac 8.0% | peak_vram 2344MiB
iter   3075 | loss 1.7008 | lr 8.19e-04 | grad_norm 0.338 | tok/s 19,106 | data_time_frac 7.9% | peak_vram 2344MiB
iter   3100 | loss 1.6983 | lr 8.15e-04 | grad_norm 0.330 | tok/s 19,129 | data_time_frac 7.9% | peak_vram 2344MiB
iter   3125 | loss 1.6992 | lr 8.10e-04 | grad_norm 0.328 | tok/s 19,145 | data_time_frac 7.9% | peak_vram 2344MiB
iter   3150 | loss 1.6047 | lr 8.06e-04 | grad_norm 0.342 | tok/s 19,168 | data_time_frac 7.9% | peak_vram 2344MiB
iter   3175 | loss 1.5903 | lr 8.02e-04 | grad_norm 0.324 | tok/s 19,190 | data_time_frac 7.8% | peak_vram 2344MiB
iter   3200 | loss 1.6862 | lr 7.98e-04 | grad_norm 0.335 | tok/s 19,212 | data_time_frac 7.8% | peak_vram 2344MiB
iter   3225 | loss 1.6185 | lr 7.94e-04 | grad_norm 0.345 | tok/s 19,233 | data_time_frac 7.8% | peak_vram 2344MiB
iter   3250 | loss 1.7692 | lr 7.89e-04 | grad_norm 0.333 | tok/s 19,255 | data_time_frac 7.7% | peak_vram 2344MiB
iter   3275 | loss 1.6560 | lr 7.85e-04 | grad_norm 0.340 | tok/s 19,276 | data_time_frac 7.7% | peak_vram 2344MiB
iter   3300 | loss 1.7486 | lr 7.81e-04 | grad_norm 0.327 | tok/s 19,297 | data_time_frac 7.6% | peak_vram 2344MiB
iter   3325 | loss 1.6689 | lr 7.76e-04 | grad_norm 0.315 | tok/s 19,318 | data_time_frac 7.6% | peak_vram 2344MiB
iter   3350 | loss 1.6194 | lr 7.72e-04 | grad_norm 0.347 | tok/s 19,339 | data_time_frac 7.6% | peak_vram 2344MiB
iter   3375 | loss 1.6647 | lr 7.68e-04 | grad_norm 0.353 | tok/s 19,360 | data_time_frac 7.5% | peak_vram 2344MiB
iter   3400 | loss 1.6376 | lr 7.63e-04 | grad_norm 0.313 | tok/s 19,380 | data_time_frac 7.5% | peak_vram 2344MiB
iter   3425 | loss 1.5943 | lr 7.59e-04 | grad_norm 0.330 | tok/s 19,399 | data_time_frac 7.4% | peak_vram 2344MiB
iter   3450 | loss 1.6690 | lr 7.54e-04 | grad_norm 0.340 | tok/s 19,419 | data_time_frac 7.4% | peak_vram 2344MiB
iter   3475 | loss 1.6243 | lr 7.50e-04 | grad_norm 0.320 | tok/s 19,438 | data_time_frac 7.4% | peak_vram 2344MiB
iter   3500 | loss 1.6412 | lr 7.45e-04 | grad_norm 0.334 | tok/s 19,457 | data_time_frac 7.3% | peak_vram 2344MiB
  eval @ iter 3500: train 1.6175  val 1.6335
  new best val_loss 1.6335 — saved checkpoints\ablation_002_lr_1e-3\best.pt
iter   3525 | loss 1.6462 | lr 7.41e-04 | grad_norm 0.312 | tok/s 19,447 | data_time_frac 7.3% | peak_vram 2344MiB
iter   3550 | loss 1.7053 | lr 7.36e-04 | grad_norm 0.367 | tok/s 19,466 | data_time_frac 7.3% | peak_vram 2344MiB
iter   3575 | loss 1.6338 | lr 7.31e-04 | grad_norm 0.316 | tok/s 19,485 | data_time_frac 7.2% | peak_vram 2344MiB
iter   3600 | loss 1.5379 | lr 7.27e-04 | grad_norm 0.316 | tok/s 19,502 | data_time_frac 7.2% | peak_vram 2344MiB
iter   3625 | loss 1.6193 | lr 7.22e-04 | grad_norm 0.332 | tok/s 19,520 | data_time_frac 7.2% | peak_vram 2344MiB
iter   3650 | loss 1.5350 | lr 7.18e-04 | grad_norm 0.330 | tok/s 19,538 | data_time_frac 7.1% | peak_vram 2344MiB
iter   3675 | loss 1.6051 | lr 7.13e-04 | grad_norm 0.307 | tok/s 19,556 | data_time_frac 7.1% | peak_vram 2344MiB
iter   3700 | loss 1.6562 | lr 7.08e-04 | grad_norm 0.325 | tok/s 19,573 | data_time_frac 7.1% | peak_vram 2344MiB
iter   3725 | loss 1.6384 | lr 7.03e-04 | grad_norm 0.357 | tok/s 19,587 | data_time_frac 7.0% | peak_vram 2344MiB
iter   3750 | loss 1.5916 | lr 6.99e-04 | grad_norm 0.365 | tok/s 19,598 | data_time_frac 7.0% | peak_vram 2344MiB
iter   3775 | loss 1.6264 | lr 6.94e-04 | grad_norm 0.348 | tok/s 19,612 | data_time_frac 7.0% | peak_vram 2344MiB
iter   3800 | loss 1.6289 | lr 6.89e-04 | grad_norm 0.316 | tok/s 19,623 | data_time_frac 6.9% | peak_vram 2344MiB
iter   3825 | loss 1.6077 | lr 6.84e-04 | grad_norm 0.334 | tok/s 19,636 | data_time_frac 6.9% | peak_vram 2344MiB
iter   3850 | loss 1.6787 | lr 6.79e-04 | grad_norm 0.319 | tok/s 19,649 | data_time_frac 6.9% | peak_vram 2344MiB
iter   3875 | loss 1.6380 | lr 6.75e-04 | grad_norm 0.333 | tok/s 19,662 | data_time_frac 6.9% | peak_vram 2344MiB
iter   3900 | loss 1.5717 | lr 6.70e-04 | grad_norm 0.353 | tok/s 19,675 | data_time_frac 6.8% | peak_vram 2344MiB
iter   3925 | loss 1.5761 | lr 6.65e-04 | grad_norm 0.316 | tok/s 19,688 | data_time_frac 6.8% | peak_vram 2344MiB
iter   3950 | loss 1.6042 | lr 6.60e-04 | grad_norm 0.342 | tok/s 19,700 | data_time_frac 6.8% | peak_vram 2344MiB
iter   3975 | loss 1.6274 | lr 6.55e-04 | grad_norm 0.338 | tok/s 19,712 | data_time_frac 6.8% | peak_vram 2344MiB
iter   4000 | loss 1.6369 | lr 6.50e-04 | grad_norm 0.348 | tok/s 19,724 | data_time_frac 6.7% | peak_vram 2344MiB
  eval @ iter 4000: train 1.5973  val 1.5973
  new best val_loss 1.5973 — saved checkpoints\ablation_002_lr_1e-3\best.pt
iter   4025 | loss 1.6050 | lr 6.45e-04 | grad_norm 0.349 | tok/s 19,700 | data_time_frac 6.8% | peak_vram 2344MiB
iter   4050 | loss 1.5825 | lr 6.40e-04 | grad_norm 0.325 | tok/s 19,701 | data_time_frac 6.8% | peak_vram 2344MiB
iter   4075 | loss 1.6219 | lr 6.35e-04 | grad_norm 0.326 | tok/s 19,706 | data_time_frac 6.8% | peak_vram 2344MiB
iter   4100 | loss 1.5852 | lr 6.30e-04 | grad_norm 0.312 | tok/s 19,719 | data_time_frac 6.8% | peak_vram 2344MiB
iter   4125 | loss 1.5976 | lr 6.25e-04 | grad_norm 0.333 | tok/s 19,732 | data_time_frac 6.8% | peak_vram 2344MiB
iter   4150 | loss 1.6069 | lr 6.20e-04 | grad_norm 0.331 | tok/s 19,746 | data_time_frac 6.8% | peak_vram 2344MiB
iter   4175 | loss 1.5792 | lr 6.15e-04 | grad_norm 0.317 | tok/s 19,757 | data_time_frac 6.7% | peak_vram 2344MiB
iter   4200 | loss 1.5197 | lr 6.10e-04 | grad_norm 0.338 | tok/s 19,769 | data_time_frac 6.7% | peak_vram 2344MiB
iter   4225 | loss 1.6021 | lr 6.05e-04 | grad_norm 0.340 | tok/s 19,780 | data_time_frac 6.7% | peak_vram 2344MiB
iter   4250 | loss 1.5960 | lr 6.00e-04 | grad_norm 0.340 | tok/s 19,790 | data_time_frac 6.7% | peak_vram 2344MiB
iter   4275 | loss 1.5102 | lr 5.95e-04 | grad_norm 0.311 | tok/s 19,800 | data_time_frac 6.6% | peak_vram 2344MiB
iter   4300 | loss 1.5396 | lr 5.90e-04 | grad_norm 0.322 | tok/s 19,810 | data_time_frac 6.6% | peak_vram 2344MiB
iter   4325 | loss 1.5933 | lr 5.85e-04 | grad_norm 0.333 | tok/s 19,820 | data_time_frac 6.6% | peak_vram 2344MiB
iter   4350 | loss 1.6163 | lr 5.80e-04 | grad_norm 0.327 | tok/s 19,829 | data_time_frac 6.6% | peak_vram 2344MiB
iter   4375 | loss 1.5491 | lr 5.75e-04 | grad_norm 0.329 | tok/s 19,839 | data_time_frac 6.5% | peak_vram 2344MiB
iter   4400 | loss 1.4602 | lr 5.70e-04 | grad_norm 0.319 | tok/s 19,849 | data_time_frac 6.5% | peak_vram 2344MiB
iter   4425 | loss 1.5003 | lr 5.65e-04 | grad_norm 0.310 | tok/s 19,856 | data_time_frac 6.5% | peak_vram 2344MiB
iter   4450 | loss 1.5722 | lr 5.60e-04 | grad_norm 0.305 | tok/s 19,864 | data_time_frac 6.5% | peak_vram 2344MiB
iter   4475 | loss 1.5615 | lr 5.55e-04 | grad_norm 0.332 | tok/s 19,873 | data_time_frac 6.5% | peak_vram 2344MiB
iter   4500 | loss 1.5668 | lr 5.50e-04 | grad_norm 0.316 | tok/s 19,883 | data_time_frac 6.4% | peak_vram 2344MiB
  eval @ iter 4500: train 1.5939  val 1.6117
iter   4525 | loss 1.5321 | lr 5.45e-04 | grad_norm 0.331 | tok/s 19,873 | data_time_frac 6.4% | peak_vram 2344MiB
iter   4550 | loss 1.5530 | lr 5.40e-04 | grad_norm 0.327 | tok/s 19,883 | data_time_frac 6.4% | peak_vram 2344MiB
iter   4575 | loss 1.4643 | lr 5.35e-04 | grad_norm 0.320 | tok/s 19,893 | data_time_frac 6.4% | peak_vram 2344MiB
iter   4600 | loss 1.4902 | lr 5.30e-04 | grad_norm 0.334 | tok/s 19,903 | data_time_frac 6.3% | peak_vram 2344MiB
iter   4625 | loss 1.5895 | lr 5.25e-04 | grad_norm 0.315 | tok/s 19,912 | data_time_frac 6.3% | peak_vram 2344MiB
iter   4650 | loss 1.5801 | lr 5.20e-04 | grad_norm 0.325 | tok/s 19,917 | data_time_frac 6.3% | peak_vram 2344MiB
iter   4675 | loss 1.5494 | lr 5.15e-04 | grad_norm 0.326 | tok/s 19,926 | data_time_frac 6.3% | peak_vram 2344MiB
iter   4700 | loss 1.5470 | lr 5.10e-04 | grad_norm 0.321 | tok/s 19,935 | data_time_frac 6.3% | peak_vram 2344MiB
iter   4725 | loss 1.5936 | lr 5.05e-04 | grad_norm 0.349 | tok/s 19,944 | data_time_frac 6.3% | peak_vram 2344MiB
iter   4750 | loss 1.5792 | lr 5.00e-04 | grad_norm 0.326 | tok/s 19,952 | data_time_frac 6.2% | peak_vram 2344MiB
iter   4775 | loss 1.5873 | lr 4.95e-04 | grad_norm 0.355 | tok/s 19,961 | data_time_frac 6.2% | peak_vram 2344MiB
iter   4800 | loss 1.5053 | lr 4.90e-04 | grad_norm 0.332 | tok/s 19,970 | data_time_frac 6.2% | peak_vram 2344MiB
iter   4825 | loss 1.5088 | lr 4.85e-04 | grad_norm 0.323 | tok/s 19,969 | data_time_frac 6.2% | peak_vram 2344MiB
iter   4850 | loss 1.5705 | lr 4.80e-04 | grad_norm 0.353 | tok/s 19,972 | data_time_frac 6.3% | peak_vram 2344MiB
iter   4875 | loss 1.5042 | lr 4.75e-04 | grad_norm 0.321 | tok/s 19,967 | data_time_frac 6.3% | peak_vram 2344MiB
iter   4900 | loss 1.5757 | lr 4.70e-04 | grad_norm 0.322 | tok/s 19,966 | data_time_frac 6.4% | peak_vram 2344MiB
iter   4925 | loss 1.5645 | lr 4.65e-04 | grad_norm 0.339 | tok/s 19,976 | data_time_frac 6.3% | peak_vram 2344MiB
iter   4950 | loss 1.5915 | lr 4.60e-04 | grad_norm 0.317 | tok/s 19,985 | data_time_frac 6.3% | peak_vram 2344MiB
iter   4975 | loss 1.5140 | lr 4.55e-04 | grad_norm 0.310 | tok/s 19,994 | data_time_frac 6.3% | peak_vram 2344MiB
iter   5000 | loss 1.5535 | lr 4.50e-04 | grad_norm 0.318 | tok/s 20,001 | data_time_frac 6.3% | peak_vram 2344MiB
  eval @ iter 5000: train 1.5127  val 1.5699
  new best val_loss 1.5699 — saved checkpoints\ablation_002_lr_1e-3\best.pt
iter   5025 | loss 1.5441 | lr 4.45e-04 | grad_norm 0.319 | tok/s 19,975 | data_time_frac 6.3% | peak_vram 2344MiB
iter   5050 | loss 1.5403 | lr 4.40e-04 | grad_norm 0.358 | tok/s 19,979 | data_time_frac 6.3% | peak_vram 2344MiB
iter   5075 | loss 1.4884 | lr 4.35e-04 | grad_norm 0.307 | tok/s 19,984 | data_time_frac 6.3% | peak_vram 2344MiB
iter   5100 | loss 1.5790 | lr 4.30e-04 | grad_norm 0.323 | tok/s 19,983 | data_time_frac 6.4% | peak_vram 2344MiB
iter   5125 | loss 1.4689 | lr 4.25e-04 | grad_norm 0.331 | tok/s 19,989 | data_time_frac 6.4% | peak_vram 2344MiB
iter   5150 | loss 1.5117 | lr 4.21e-04 | grad_norm 0.321 | tok/s 19,997 | data_time_frac 6.3% | peak_vram 2344MiB
iter   5175 | loss 1.5426 | lr 4.16e-04 | grad_norm 0.335 | tok/s 20,005 | data_time_frac 6.3% | peak_vram 2344MiB
iter   5200 | loss 1.5471 | lr 4.11e-04 | grad_norm 0.323 | tok/s 20,012 | data_time_frac 6.3% | peak_vram 2344MiB
iter   5225 | loss 1.5466 | lr 4.06e-04 | grad_norm 0.322 | tok/s 20,020 | data_time_frac 6.3% | peak_vram 2344MiB
iter   5250 | loss 1.5334 | lr 4.01e-04 | grad_norm 0.313 | tok/s 20,027 | data_time_frac 6.3% | peak_vram 2344MiB
iter   5275 | loss 1.5158 | lr 3.97e-04 | grad_norm 0.316 | tok/s 20,036 | data_time_frac 6.2% | peak_vram 2344MiB
iter   5300 | loss 1.4153 | lr 3.92e-04 | grad_norm 0.318 | tok/s 20,044 | data_time_frac 6.2% | peak_vram 2344MiB
iter   5325 | loss 1.5062 | lr 3.87e-04 | grad_norm 0.327 | tok/s 20,051 | data_time_frac 6.2% | peak_vram 2344MiB
iter   5350 | loss 1.5200 | lr 3.82e-04 | grad_norm 0.328 | tok/s 20,059 | data_time_frac 6.2% | peak_vram 2344MiB
iter   5375 | loss 1.4607 | lr 3.78e-04 | grad_norm 0.328 | tok/s 20,066 | data_time_frac 6.2% | peak_vram 2344MiB
iter   5400 | loss 1.4898 | lr 3.73e-04 | grad_norm 0.328 | tok/s 20,074 | data_time_frac 6.1% | peak_vram 2344MiB
iter   5425 | loss 1.4718 | lr 3.69e-04 | grad_norm 0.334 | tok/s 20,081 | data_time_frac 6.1% | peak_vram 2344MiB
iter   5450 | loss 1.5505 | lr 3.64e-04 | grad_norm 0.323 | tok/s 20,088 | data_time_frac 6.1% | peak_vram 2344MiB
iter   5475 | loss 1.5099 | lr 3.59e-04 | grad_norm 0.338 | tok/s 20,096 | data_time_frac 6.1% | peak_vram 2344MiB
iter   5500 | loss 1.5091 | lr 3.55e-04 | grad_norm 0.320 | tok/s 20,103 | data_time_frac 6.1% | peak_vram 2344MiB
  eval @ iter 5500: train 1.5040  val 1.5274
  new best val_loss 1.5274 — saved checkpoints\ablation_002_lr_1e-3\best.pt
iter   5525 | loss 1.4709 | lr 3.50e-04 | grad_norm 0.326 | tok/s 20,091 | data_time_frac 6.1% | peak_vram 2344MiB
iter   5550 | loss 1.6185 | lr 3.46e-04 | grad_norm 0.333 | tok/s 20,098 | data_time_frac 6.0% | peak_vram 2344MiB
iter   5575 | loss 1.5446 | lr 3.41e-04 | grad_norm 0.337 | tok/s 20,104 | data_time_frac 6.0% | peak_vram 2344MiB
iter   5600 | loss 1.4636 | lr 3.37e-04 | grad_norm 0.321 | tok/s 20,111 | data_time_frac 6.0% | peak_vram 2344MiB
iter   5625 | loss 1.4644 | lr 3.32e-04 | grad_norm 0.321 | tok/s 20,118 | data_time_frac 6.0% | peak_vram 2344MiB
iter   5650 | loss 1.4793 | lr 3.28e-04 | grad_norm 0.324 | tok/s 20,125 | data_time_frac 6.0% | peak_vram 2344MiB
iter   5675 | loss 1.5179 | lr 3.24e-04 | grad_norm 0.324 | tok/s 20,131 | data_time_frac 5.9% | peak_vram 2344MiB
iter   5700 | loss 1.5328 | lr 3.19e-04 | grad_norm 0.322 | tok/s 20,138 | data_time_frac 5.9% | peak_vram 2344MiB
iter   5725 | loss 1.5402 | lr 3.15e-04 | grad_norm 0.332 | tok/s 20,145 | data_time_frac 5.9% | peak_vram 2344MiB
iter   5750 | loss 1.5254 | lr 3.11e-04 | grad_norm 0.318 | tok/s 20,150 | data_time_frac 5.9% | peak_vram 2344MiB
iter   5775 | loss 1.4207 | lr 3.06e-04 | grad_norm 0.324 | tok/s 20,156 | data_time_frac 5.9% | peak_vram 2344MiB
iter   5800 | loss 1.5068 | lr 3.02e-04 | grad_norm 0.334 | tok/s 20,161 | data_time_frac 5.9% | peak_vram 2344MiB
iter   5825 | loss 1.4780 | lr 2.98e-04 | grad_norm 0.327 | tok/s 20,168 | data_time_frac 5.9% | peak_vram 2344MiB
iter   5850 | loss 1.4976 | lr 2.94e-04 | grad_norm 0.316 | tok/s 20,174 | data_time_frac 5.8% | peak_vram 2344MiB
iter   5875 | loss 1.4749 | lr 2.90e-04 | grad_norm 0.335 | tok/s 20,181 | data_time_frac 5.8% | peak_vram 2344MiB
iter   5900 | loss 1.4703 | lr 2.85e-04 | grad_norm 0.305 | tok/s 20,187 | data_time_frac 5.8% | peak_vram 2344MiB
iter   5925 | loss 1.4508 | lr 2.81e-04 | grad_norm 0.318 | tok/s 20,193 | data_time_frac 5.8% | peak_vram 2344MiB
iter   5950 | loss 1.5569 | lr 2.77e-04 | grad_norm 0.319 | tok/s 20,198 | data_time_frac 5.8% | peak_vram 2344MiB
iter   5975 | loss 1.4460 | lr 2.73e-04 | grad_norm 0.314 | tok/s 20,201 | data_time_frac 5.8% | peak_vram 2344MiB
iter   6000 | loss 1.4900 | lr 2.69e-04 | grad_norm 0.318 | tok/s 20,205 | data_time_frac 5.7% | peak_vram 2344MiB
  eval @ iter 6000: train 1.5007  val 1.5196
  new best val_loss 1.5196 — saved checkpoints\ablation_002_lr_1e-3\best.pt
iter   6025 | loss 1.4587 | lr 2.65e-04 | grad_norm 0.338 | tok/s 20,174 | data_time_frac 5.8% | peak_vram 2344MiB
iter   6050 | loss 1.4662 | lr 2.62e-04 | grad_norm 0.341 | tok/s 20,164 | data_time_frac 5.9% | peak_vram 2344MiB
iter   6075 | loss 1.4004 | lr 2.58e-04 | grad_norm 0.317 | tok/s 20,163 | data_time_frac 5.9% | peak_vram 2344MiB
iter   6100 | loss 1.4888 | lr 2.54e-04 | grad_norm 0.330 | tok/s 20,164 | data_time_frac 5.9% | peak_vram 2344MiB
iter   6125 | loss 1.4918 | lr 2.50e-04 | grad_norm 0.322 | tok/s 20,162 | data_time_frac 5.9% | peak_vram 2344MiB
iter   6150 | loss 1.5947 | lr 2.46e-04 | grad_norm 0.329 | tok/s 20,161 | data_time_frac 6.0% | peak_vram 2344MiB
iter   6175 | loss 1.5300 | lr 2.43e-04 | grad_norm 0.321 | tok/s 20,162 | data_time_frac 6.0% | peak_vram 2344MiB
iter   6200 | loss 1.3940 | lr 2.39e-04 | grad_norm 0.331 | tok/s 20,159 | data_time_frac 6.0% | peak_vram 2344MiB
iter   6225 | loss 1.3889 | lr 2.35e-04 | grad_norm 0.317 | tok/s 20,157 | data_time_frac 6.0% | peak_vram 2344MiB
iter   6250 | loss 1.4685 | lr 2.32e-04 | grad_norm 0.313 | tok/s 20,153 | data_time_frac 6.1% | peak_vram 2344MiB
iter   6275 | loss 1.4037 | lr 2.28e-04 | grad_norm 0.331 | tok/s 20,149 | data_time_frac 6.1% | peak_vram 2344MiB
iter   6300 | loss 1.5033 | lr 2.25e-04 | grad_norm 0.323 | tok/s 20,143 | data_time_frac 6.2% | peak_vram 2344MiB
iter   6325 | loss 1.4370 | lr 2.21e-04 | grad_norm 0.323 | tok/s 20,140 | data_time_frac 6.2% | peak_vram 2344MiB
iter   6350 | loss 1.4852 | lr 2.18e-04 | grad_norm 0.323 | tok/s 20,138 | data_time_frac 6.2% | peak_vram 2344MiB
iter   6375 | loss 1.5192 | lr 2.14e-04 | grad_norm 0.318 | tok/s 20,137 | data_time_frac 6.3% | peak_vram 2344MiB
iter   6400 | loss 1.4675 | lr 2.11e-04 | grad_norm 0.321 | tok/s 20,134 | data_time_frac 6.3% | peak_vram 2344MiB
iter   6425 | loss 1.4582 | lr 2.08e-04 | grad_norm 0.320 | tok/s 20,136 | data_time_frac 6.3% | peak_vram 2344MiB
iter   6450 | loss 1.4162 | lr 2.05e-04 | grad_norm 0.321 | tok/s 20,133 | data_time_frac 6.3% | peak_vram 2344MiB
iter   6475 | loss 1.3831 | lr 2.01e-04 | grad_norm 0.331 | tok/s 20,134 | data_time_frac 6.3% | peak_vram 2344MiB
iter   6500 | loss 1.5489 | lr 1.98e-04 | grad_norm 0.329 | tok/s 20,135 | data_time_frac 6.3% | peak_vram 2344MiB
  eval @ iter 6500: train 1.4422  val 1.4824
  new best val_loss 1.4824 — saved checkpoints\ablation_002_lr_1e-3\best.pt
iter   6525 | loss 1.4832 | lr 1.95e-04 | grad_norm 0.330 | tok/s 20,106 | data_time_frac 6.3% | peak_vram 2344MiB
iter   6550 | loss 1.4589 | lr 1.92e-04 | grad_norm 0.314 | tok/s 20,097 | data_time_frac 6.4% | peak_vram 2344MiB
iter   6575 | loss 1.5016 | lr 1.89e-04 | grad_norm 0.334 | tok/s 20,089 | data_time_frac 6.4% | peak_vram 2344MiB
iter   6600 | loss 1.4704 | lr 1.86e-04 | grad_norm 0.325 | tok/s 20,079 | data_time_frac 6.5% | peak_vram 2344MiB
iter   6625 | loss 1.4635 | lr 1.83e-04 | grad_norm 0.315 | tok/s 20,071 | data_time_frac 6.6% | peak_vram 2344MiB
iter   6650 | loss 1.3724 | lr 1.80e-04 | grad_norm 0.327 | tok/s 20,065 | data_time_frac 6.6% | peak_vram 2344MiB
iter   6675 | loss 1.4641 | lr 1.77e-04 | grad_norm 0.332 | tok/s 20,064 | data_time_frac 6.6% | peak_vram 2344MiB
iter   6700 | loss 1.5184 | lr 1.74e-04 | grad_norm 0.333 | tok/s 20,055 | data_time_frac 6.7% | peak_vram 2344MiB
iter   6725 | loss 1.3198 | lr 1.72e-04 | grad_norm 0.316 | tok/s 20,047 | data_time_frac 6.8% | peak_vram 2344MiB
iter   6750 | loss 1.5228 | lr 1.69e-04 | grad_norm 0.328 | tok/s 20,044 | data_time_frac 6.8% | peak_vram 2344MiB
iter   6775 | loss 1.4368 | lr 1.66e-04 | grad_norm 0.322 | tok/s 20,044 | data_time_frac 6.8% | peak_vram 2344MiB
iter   6800 | loss 1.4396 | lr 1.64e-04 | grad_norm 0.327 | tok/s 20,046 | data_time_frac 6.8% | peak_vram 2344MiB
iter   6825 | loss 1.4538 | lr 1.61e-04 | grad_norm 0.338 | tok/s 20,052 | data_time_frac 6.8% | peak_vram 2344MiB
iter   6850 | loss 1.4619 | lr 1.59e-04 | grad_norm 0.313 | tok/s 20,059 | data_time_frac 6.8% | peak_vram 2344MiB
iter   6875 | loss 1.3859 | lr 1.56e-04 | grad_norm 0.324 | tok/s 20,065 | data_time_frac 6.8% | peak_vram 2344MiB
iter   6900 | loss 1.4014 | lr 1.54e-04 | grad_norm 0.340 | tok/s 20,069 | data_time_frac 6.7% | peak_vram 2344MiB
iter   6925 | loss 1.3736 | lr 1.51e-04 | grad_norm 0.350 | tok/s 20,071 | data_time_frac 6.7% | peak_vram 2344MiB
iter   6950 | loss 1.5043 | lr 1.49e-04 | grad_norm 0.337 | tok/s 20,077 | data_time_frac 6.7% | peak_vram 2344MiB
iter   6975 | loss 1.3650 | lr 1.47e-04 | grad_norm 0.328 | tok/s 20,082 | data_time_frac 6.7% | peak_vram 2344MiB
iter   7000 | loss 1.4139 | lr 1.45e-04 | grad_norm 0.320 | tok/s 20,086 | data_time_frac 6.7% | peak_vram 2344MiB
  eval @ iter 7000: train 1.4176  val 1.5032
iter   7025 | loss 1.4521 | lr 1.42e-04 | grad_norm 0.333 | tok/s 20,074 | data_time_frac 6.7% | peak_vram 2344MiB
iter   7050 | loss 1.3727 | lr 1.40e-04 | grad_norm 0.326 | tok/s 20,078 | data_time_frac 6.7% | peak_vram 2344MiB
iter   7075 | loss 1.4495 | lr 1.38e-04 | grad_norm 0.335 | tok/s 20,083 | data_time_frac 6.7% | peak_vram 2344MiB
iter   7100 | loss 1.4437 | lr 1.36e-04 | grad_norm 0.326 | tok/s 20,088 | data_time_frac 6.7% | peak_vram 2344MiB
iter   7125 | loss 1.4478 | lr 1.34e-04 | grad_norm 0.328 | tok/s 20,093 | data_time_frac 6.6% | peak_vram 2344MiB
iter   7150 | loss 1.3553 | lr 1.32e-04 | grad_norm 0.337 | tok/s 20,098 | data_time_frac 6.6% | peak_vram 2344MiB
iter   7175 | loss 1.4351 | lr 1.30e-04 | grad_norm 0.320 | tok/s 20,103 | data_time_frac 6.6% | peak_vram 2344MiB
iter   7200 | loss 1.4775 | lr 1.29e-04 | grad_norm 0.334 | tok/s 20,108 | data_time_frac 6.6% | peak_vram 2344MiB
iter   7225 | loss 1.3347 | lr 1.27e-04 | grad_norm 0.332 | tok/s 20,113 | data_time_frac 6.6% | peak_vram 2344MiB
iter   7250 | loss 1.4571 | lr 1.25e-04 | grad_norm 0.330 | tok/s 20,112 | data_time_frac 6.6% | peak_vram 2344MiB
iter   7275 | loss 1.3376 | lr 1.24e-04 | grad_norm 0.332 | tok/s 20,107 | data_time_frac 6.6% | peak_vram 2344MiB
iter   7300 | loss 1.3412 | lr 1.22e-04 | grad_norm 0.315 | tok/s 20,100 | data_time_frac 6.7% | peak_vram 2344MiB
iter   7325 | loss 1.3972 | lr 1.20e-04 | grad_norm 0.326 | tok/s 20,095 | data_time_frac 6.7% | peak_vram 2344MiB
iter   7350 | loss 1.4511 | lr 1.19e-04 | grad_norm 0.323 | tok/s 20,089 | data_time_frac 6.8% | peak_vram 2344MiB
iter   7375 | loss 1.4701 | lr 1.18e-04 | grad_norm 0.324 | tok/s 20,084 | data_time_frac 6.8% | peak_vram 2344MiB
iter   7400 | loss 1.4172 | lr 1.16e-04 | grad_norm 0.322 | tok/s 20,081 | data_time_frac 6.8% | peak_vram 2344MiB
iter   7425 | loss 1.4025 | lr 1.15e-04 | grad_norm 0.334 | tok/s 20,082 | data_time_frac 6.8% | peak_vram 2344MiB
iter   7450 | loss 1.3463 | lr 1.14e-04 | grad_norm 0.327 | tok/s 20,079 | data_time_frac 6.9% | peak_vram 2344MiB
iter   7475 | loss 1.4393 | lr 1.12e-04 | grad_norm 0.336 | tok/s 20,074 | data_time_frac 6.9% | peak_vram 2344MiB
iter   7500 | loss 1.4234 | lr 1.11e-04 | grad_norm 0.324 | tok/s 20,064 | data_time_frac 7.0% | peak_vram 2344MiB
  eval @ iter 7500: train 1.4510  val 1.4596
  new best val_loss 1.4596 — saved checkpoints\ablation_002_lr_1e-3\best.pt
iter   7525 | loss 1.4360 | lr 1.10e-04 | grad_norm 0.328 | tok/s 20,053 | data_time_frac 6.9% | peak_vram 2344MiB
iter   7550 | loss 1.4539 | lr 1.09e-04 | grad_norm 0.333 | tok/s 20,049 | data_time_frac 7.0% | peak_vram 2344MiB
iter   7575 | loss 1.4482 | lr 1.08e-04 | grad_norm 0.322 | tok/s 20,051 | data_time_frac 7.0% | peak_vram 2344MiB
iter   7600 | loss 1.4486 | lr 1.07e-04 | grad_norm 0.327 | tok/s 20,050 | data_time_frac 7.0% | peak_vram 2344MiB
iter   7625 | loss 1.4005 | lr 1.06e-04 | grad_norm 0.325 | tok/s 20,044 | data_time_frac 7.0% | peak_vram 2344MiB
iter   7650 | loss 1.3911 | lr 1.06e-04 | grad_norm 0.331 | tok/s 20,043 | data_time_frac 7.0% | peak_vram 2344MiB
iter   7675 | loss 1.5583 | lr 1.05e-04 | grad_norm 0.349 | tok/s 20,042 | data_time_frac 7.1% | peak_vram 2344MiB
iter   7700 | loss 1.3989 | lr 1.04e-04 | grad_norm 0.328 | tok/s 20,043 | data_time_frac 7.1% | peak_vram 2344MiB
iter   7725 | loss 1.3895 | lr 1.03e-04 | grad_norm 0.324 | tok/s 20,043 | data_time_frac 7.0% | peak_vram 2344MiB
iter   7750 | loss 1.4601 | lr 1.03e-04 | grad_norm 0.329 | tok/s 20,041 | data_time_frac 7.1% | peak_vram 2344MiB
iter   7775 | loss 1.4398 | lr 1.02e-04 | grad_norm 0.327 | tok/s 20,039 | data_time_frac 7.1% | peak_vram 2344MiB
iter   7800 | loss 1.4047 | lr 1.02e-04 | grad_norm 0.332 | tok/s 20,031 | data_time_frac 7.1% | peak_vram 2344MiB
iter   7825 | loss 1.4519 | lr 1.01e-04 | grad_norm 0.324 | tok/s 20,025 | data_time_frac 7.1% | peak_vram 2344MiB
iter   7850 | loss 1.4109 | lr 1.01e-04 | grad_norm 0.327 | tok/s 20,019 | data_time_frac 7.1% | peak_vram 2344MiB
iter   7875 | loss 1.4847 | lr 1.01e-04 | grad_norm 0.332 | tok/s 20,012 | data_time_frac 7.2% | peak_vram 2344MiB
iter   7900 | loss 1.4377 | lr 1.00e-04 | grad_norm 0.335 | tok/s 20,005 | data_time_frac 7.2% | peak_vram 2344MiB
iter   7925 | loss 1.5052 | lr 1.00e-04 | grad_norm 0.345 | tok/s 19,994 | data_time_frac 7.3% | peak_vram 2344MiB
iter   7950 | loss 1.3918 | lr 1.00e-04 | grad_norm 0.336 | tok/s 19,982 | data_time_frac 7.3% | peak_vram 2344MiB
iter   7975 | loss 1.5524 | lr 1.00e-04 | grad_norm 0.341 | tok/s 19,974 | data_time_frac 7.4% | peak_vram 2344MiB
done. final checkpoint: checkpoints\ablation_002_lr_1e-3\latest.pt
