device: NVIDIA GeForce RTX 4070 Laptop GPU | 8.0 GiB | sm_89 | bf16=True
run: ablation_002_lr_1e-4  precision: bfloat16  max_iters: 8000
model: 52.9M params (52,901,712)
iter      0 | loss 10.4335 | lr 9.99e-08 | grad_norm 13.489 | tok/s 18,714 | data_time_frac 1.5% | peak_vram 1930MiB
iter     25 | loss 9.6359 | lr 2.60e-06 | grad_norm 6.564 | tok/s 24,193 | data_time_frac 0.6% | peak_vram 2344MiB
iter     50 | loss 8.9949 | lr 5.09e-06 | grad_norm 2.921 | tok/s 24,176 | data_time_frac 0.6% | peak_vram 2344MiB
iter     75 | loss 8.5252 | lr 7.59e-06 | grad_norm 2.701 | tok/s 24,085 | data_time_frac 0.7% | peak_vram 2344MiB
iter    100 | loss 8.0015 | lr 1.01e-05 | grad_norm 2.444 | tok/s 23,939 | data_time_frac 0.8% | peak_vram 2344MiB
iter    125 | loss 7.5191 | lr 1.26e-05 | grad_norm 2.447 | tok/s 23,746 | data_time_frac 1.1% | peak_vram 2344MiB
iter    150 | loss 7.1557 | lr 1.51e-05 | grad_norm 2.309 | tok/s 23,596 | data_time_frac 1.4% | peak_vram 2344MiB
iter    175 | loss 6.7648 | lr 1.76e-05 | grad_norm 2.071 | tok/s 23,752 | data_time_frac 1.6% | peak_vram 2344MiB
iter    200 | loss 6.4636 | lr 2.01e-05 | grad_norm 2.185 | tok/s 24,013 | data_time_frac 1.9% | peak_vram 2344MiB
iter    225 | loss 6.1087 | lr 2.26e-05 | grad_norm 2.265 | tok/s 23,693 | data_time_frac 2.5% | peak_vram 2344MiB
iter    250 | loss 5.7337 | lr 2.51e-05 | grad_norm 1.784 | tok/s 23,259 | data_time_frac 3.8% | peak_vram 2344MiB
iter    275 | loss 5.3956 | lr 2.76e-05 | grad_norm 1.601 | tok/s 22,862 | data_time_frac 5.1% | peak_vram 2344MiB
iter    300 | loss 5.1307 | lr 3.01e-05 | grad_norm 1.825 | tok/s 22,469 | data_time_frac 6.4% | peak_vram 2344MiB
iter    325 | loss 4.8800 | lr 3.26e-05 | grad_norm 1.691 | tok/s 22,179 | data_time_frac 7.5% | peak_vram 2344MiB
iter    350 | loss 4.6578 | lr 3.51e-05 | grad_norm 1.759 | tok/s 21,949 | data_time_frac 8.3% | peak_vram 2344MiB
iter    375 | loss 4.4949 | lr 3.76e-05 | grad_norm 1.550 | tok/s 21,718 | data_time_frac 9.0% | peak_vram 2344MiB
iter    400 | loss 4.3926 | lr 4.01e-05 | grad_norm 2.374 | tok/s 21,530 | data_time_frac 9.7% | peak_vram 2344MiB
iter    425 | loss 4.2425 | lr 4.26e-05 | grad_norm 2.225 | tok/s 21,461 | data_time_frac 9.8% | peak_vram 2344MiB
iter    450 | loss 4.1521 | lr 4.51e-05 | grad_norm 1.835 | tok/s 21,496 | data_time_frac 9.5% | peak_vram 2344MiB
iter    475 | loss 4.1106 | lr 4.76e-05 | grad_norm 2.573 | tok/s 21,527 | data_time_frac 9.1% | peak_vram 2344MiB
iter    500 | loss 3.9335 | lr 5.00e-05 | grad_norm 2.695 | tok/s 21,548 | data_time_frac 8.9% | peak_vram 2344MiB
  eval @ iter 500: train 3.9194  val 3.9583
  new best val_loss 3.9583 — saved checkpoints\ablation_002_lr_1e-4\best.pt
iter    525 | loss 3.8317 | lr 5.25e-05 | grad_norm 2.841 | tok/s 21,257 | data_time_frac 9.0% | peak_vram 2344MiB
iter    550 | loss 3.7668 | lr 5.50e-05 | grad_norm 3.050 | tok/s 21,194 | data_time_frac 9.2% | peak_vram 2344MiB
iter    575 | loss 3.7598 | lr 5.75e-05 | grad_norm 2.844 | tok/s 21,134 | data_time_frac 9.5% | peak_vram 2344MiB
iter    600 | loss 3.5843 | lr 6.00e-05 | grad_norm 3.820 | tok/s 21,087 | data_time_frac 9.6% | peak_vram 2344MiB
iter    625 | loss 3.6243 | lr 6.25e-05 | grad_norm 3.294 | tok/s 21,054 | data_time_frac 9.7% | peak_vram 2344MiB
iter    650 | loss 3.5329 | lr 6.50e-05 | grad_norm 3.230 | tok/s 20,964 | data_time_frac 10.1% | peak_vram 2344MiB
iter    675 | loss 3.5097 | lr 6.75e-05 | grad_norm 3.235 | tok/s 20,897 | data_time_frac 10.3% | peak_vram 2344MiB
iter    700 | loss 3.4681 | lr 7.00e-05 | grad_norm 2.799 | tok/s 20,832 | data_time_frac 10.6% | peak_vram 2344MiB
iter    725 | loss 3.3047 | lr 7.25e-05 | grad_norm 4.627 | tok/s 20,765 | data_time_frac 10.9% | peak_vram 2344MiB
iter    750 | loss 3.3221 | lr 7.50e-05 | grad_norm 3.508 | tok/s 20,709 | data_time_frac 11.1% | peak_vram 2344MiB
iter    775 | loss 3.3080 | lr 7.75e-05 | grad_norm 4.224 | tok/s 20,670 | data_time_frac 11.3% | peak_vram 2344MiB
iter    800 | loss 3.2461 | lr 8.00e-05 | grad_norm 3.719 | tok/s 20,639 | data_time_frac 11.4% | peak_vram 2344MiB
iter    825 | loss 3.1853 | lr 8.25e-05 | grad_norm 3.334 | tok/s 20,595 | data_time_frac 11.6% | peak_vram 2344MiB
iter    850 | loss 3.1349 | lr 8.50e-05 | grad_norm 3.639 | tok/s 20,482 | data_time_frac 12.2% | peak_vram 2344MiB
iter    875 | loss 3.0741 | lr 8.75e-05 | grad_norm 3.568 | tok/s 20,404 | data_time_frac 12.6% | peak_vram 2344MiB
iter    900 | loss 3.0730 | lr 9.00e-05 | grad_norm 3.112 | tok/s 20,323 | data_time_frac 13.0% | peak_vram 2344MiB
iter    925 | loss 2.9415 | lr 9.25e-05 | grad_norm 3.872 | tok/s 20,223 | data_time_frac 13.5% | peak_vram 2344MiB
iter    950 | loss 3.0049 | lr 9.50e-05 | grad_norm 2.849 | tok/s 20,133 | data_time_frac 13.9% | peak_vram 2344MiB
iter    975 | loss 2.9633 | lr 9.75e-05 | grad_norm 3.275 | tok/s 20,054 | data_time_frac 14.2% | peak_vram 2344MiB
iter   1000 | loss 2.9607 | lr 1.00e-04 | grad_norm 3.070 | tok/s 19,980 | data_time_frac 14.6% | peak_vram 2344MiB
  eval @ iter 1000: train 2.8936  val 2.9104
  new best val_loss 2.9104 — saved checkpoints\ablation_002_lr_1e-4\best.pt
iter   1025 | loss 2.8980 | lr 1.00e-04 | grad_norm 3.140 | tok/s 19,848 | data_time_frac 14.7% | peak_vram 2344MiB
iter   1050 | loss 2.8697 | lr 1.00e-04 | grad_norm 4.016 | tok/s 19,805 | data_time_frac 14.9% | peak_vram 2344MiB
iter   1075 | loss 2.8031 | lr 1.00e-04 | grad_norm 2.861 | tok/s 19,824 | data_time_frac 14.8% | peak_vram 2344MiB
iter   1100 | loss 2.8009 | lr 1.00e-04 | grad_norm 3.490 | tok/s 19,872 | data_time_frac 14.6% | peak_vram 2344MiB
iter   1125 | loss 2.7613 | lr 9.99e-05 | grad_norm 3.516 | tok/s 19,917 | data_time_frac 14.3% | peak_vram 2344MiB
iter   1150 | loss 2.7237 | lr 9.99e-05 | grad_norm 2.812 | tok/s 19,957 | data_time_frac 14.1% | peak_vram 2344MiB
iter   1175 | loss 2.7175 | lr 9.99e-05 | grad_norm 2.823 | tok/s 19,992 | data_time_frac 13.9% | peak_vram 2344MiB
iter   1200 | loss 2.6333 | lr 9.98e-05 | grad_norm 3.050 | tok/s 20,006 | data_time_frac 13.8% | peak_vram 2344MiB
iter   1225 | loss 2.6221 | lr 9.98e-05 | grad_norm 2.903 | tok/s 20,041 | data_time_frac 13.6% | peak_vram 2344MiB
iter   1250 | loss 2.6181 | lr 9.97e-05 | grad_norm 2.949 | tok/s 20,074 | data_time_frac 13.4% | peak_vram 2344MiB
iter   1275 | loss 2.6699 | lr 9.97e-05 | grad_norm 3.433 | tok/s 20,104 | data_time_frac 13.2% | peak_vram 2344MiB
iter   1300 | loss 2.6066 | lr 9.96e-05 | grad_norm 2.636 | tok/s 20,135 | data_time_frac 13.0% | peak_vram 2344MiB
iter   1325 | loss 2.5903 | lr 9.95e-05 | grad_norm 2.565 | tok/s 20,163 | data_time_frac 12.8% | peak_vram 2344MiB
iter   1350 | loss 2.6257 | lr 9.94e-05 | grad_norm 2.665 | tok/s 20,192 | data_time_frac 12.7% | peak_vram 2344MiB
iter   1375 | loss 2.5361 | lr 9.94e-05 | grad_norm 2.638 | tok/s 20,218 | data_time_frac 12.5% | peak_vram 2344MiB
iter   1400 | loss 2.5525 | lr 9.93e-05 | grad_norm 2.649 | tok/s 20,244 | data_time_frac 12.4% | peak_vram 2344MiB
iter   1425 | loss 2.4353 | lr 9.92e-05 | grad_norm 2.389 | tok/s 20,269 | data_time_frac 12.2% | peak_vram 2344MiB
iter   1450 | loss 2.4757 | lr 9.91e-05 | grad_norm 2.139 | tok/s 20,294 | data_time_frac 12.1% | peak_vram 2344MiB
iter   1475 | loss 2.4338 | lr 9.90e-05 | grad_norm 2.529 | tok/s 20,317 | data_time_frac 11.9% | peak_vram 2344MiB
iter   1500 | loss 2.4501 | lr 9.89e-05 | grad_norm 2.564 | tok/s 20,338 | data_time_frac 11.8% | peak_vram 2344MiB
  eval @ iter 1500: train 2.4380  val 2.4782
  new best val_loss 2.4782 — saved checkpoints\ablation_002_lr_1e-4\best.pt
iter   1525 | loss 2.5013 | lr 9.88e-05 | grad_norm 2.580 | tok/s 20,243 | data_time_frac 11.8% | peak_vram 2344MiB
iter   1550 | loss 2.4398 | lr 9.86e-05 | grad_norm 2.244 | tok/s 20,229 | data_time_frac 11.9% | peak_vram 2344MiB
iter   1575 | loss 2.4664 | lr 9.85e-05 | grad_norm 2.292 | tok/s 20,239 | data_time_frac 11.8% | peak_vram 2344MiB
iter   1600 | loss 2.3738 | lr 9.84e-05 | grad_norm 2.437 | tok/s 20,260 | data_time_frac 11.7% | peak_vram 2344MiB
iter   1625 | loss 2.3362 | lr 9.82e-05 | grad_norm 2.166 | tok/s 20,280 | data_time_frac 11.5% | peak_vram 2344MiB
iter   1650 | loss 2.3609 | lr 9.81e-05 | grad_norm 2.236 | tok/s 20,299 | data_time_frac 11.4% | peak_vram 2344MiB
iter   1675 | loss 2.3444 | lr 9.80e-05 | grad_norm 2.025 | tok/s 20,319 | data_time_frac 11.3% | peak_vram 2344MiB
iter   1700 | loss 2.4011 | lr 9.78e-05 | grad_norm 2.321 | tok/s 20,338 | data_time_frac 11.2% | peak_vram 2344MiB
iter   1725 | loss 2.2881 | lr 9.76e-05 | grad_norm 2.087 | tok/s 20,356 | data_time_frac 11.1% | peak_vram 2344MiB
iter   1750 | loss 2.2892 | lr 9.75e-05 | grad_norm 2.071 | tok/s 20,376 | data_time_frac 10.9% | peak_vram 2344MiB
iter   1775 | loss 2.2418 | lr 9.73e-05 | grad_norm 2.068 | tok/s 20,394 | data_time_frac 10.8% | peak_vram 2344MiB
iter   1800 | loss 2.2996 | lr 9.71e-05 | grad_norm 2.276 | tok/s 20,404 | data_time_frac 10.7% | peak_vram 2344MiB
iter   1825 | loss 2.2236 | lr 9.70e-05 | grad_norm 1.818 | tok/s 20,350 | data_time_frac 11.0% | peak_vram 2344MiB
iter   1850 | loss 2.2270 | lr 9.68e-05 | grad_norm 2.272 | tok/s 20,344 | data_time_frac 11.0% | peak_vram 2344MiB
iter   1875 | loss 2.2063 | lr 9.66e-05 | grad_norm 2.208 | tok/s 20,359 | data_time_frac 10.9% | peak_vram 2344MiB
iter   1900 | loss 2.2364 | lr 9.64e-05 | grad_norm 2.177 | tok/s 20,375 | data_time_frac 10.8% | peak_vram 2344MiB
iter   1925 | loss 2.2644 | lr 9.62e-05 | grad_norm 2.022 | tok/s 20,410 | data_time_frac 10.7% | peak_vram 2344MiB
iter   1950 | loss 2.2398 | lr 9.60e-05 | grad_norm 1.743 | tok/s 20,404 | data_time_frac 10.7% | peak_vram 2344MiB
iter   1975 | loss 2.1832 | lr 9.58e-05 | grad_norm 1.851 | tok/s 20,393 | data_time_frac 10.7% | peak_vram 2344MiB
iter   2000 | loss 2.2321 | lr 9.55e-05 | grad_norm 1.938 | tok/s 20,373 | data_time_frac 10.7% | peak_vram 2344MiB
  eval @ iter 2000: train 2.1830  val 2.2173
  new best val_loss 2.2173 — saved checkpoints\ablation_002_lr_1e-4\best.pt
iter   2025 | loss 2.1799 | lr 9.53e-05 | grad_norm 1.907 | tok/s 20,300 | data_time_frac 10.7% | peak_vram 2344MiB
iter   2050 | loss 2.1824 | lr 9.51e-05 | grad_norm 1.919 | tok/s 20,287 | data_time_frac 10.6% | peak_vram 2344MiB
iter   2075 | loss 2.1643 | lr 9.49e-05 | grad_norm 1.869 | tok/s 20,273 | data_time_frac 10.6% | peak_vram 2344MiB
iter   2100 | loss 2.2421 | lr 9.46e-05 | grad_norm 1.875 | tok/s 20,253 | data_time_frac 10.7% | peak_vram 2344MiB
iter   2125 | loss 2.1428 | lr 9.44e-05 | grad_norm 1.800 | tok/s 20,222 | data_time_frac 10.7% | peak_vram 2344MiB
iter   2150 | loss 2.1159 | lr 9.41e-05 | grad_norm 1.853 | tok/s 20,194 | data_time_frac 10.7% | peak_vram 2344MiB
iter   2175 | loss 2.1868 | lr 9.39e-05 | grad_norm 2.097 | tok/s 20,173 | data_time_frac 10.8% | peak_vram 2344MiB
iter   2200 | loss 2.1563 | lr 9.36e-05 | grad_norm 1.965 | tok/s 20,157 | data_time_frac 10.8% | peak_vram 2344MiB
iter   2225 | loss 2.1886 | lr 9.34e-05 | grad_norm 1.782 | tok/s 20,145 | data_time_frac 10.8% | peak_vram 2344MiB
iter   2250 | loss 2.1233 | lr 9.31e-05 | grad_norm 1.741 | tok/s 19,893 | data_time_frac 10.7% | peak_vram 2344MiB
iter   2275 | loss 2.2131 | lr 9.28e-05 | grad_norm 1.769 | tok/s 19,753 | data_time_frac 10.7% | peak_vram 2344MiB
iter   2300 | loss 2.1179 | lr 9.26e-05 | grad_norm 1.794 | tok/s 19,813 | data_time_frac 10.6% | peak_vram 2344MiB
iter   2325 | loss 2.1153 | lr 9.23e-05 | grad_norm 1.782 | tok/s 19,847 | data_time_frac 10.7% | peak_vram 2344MiB
iter   2350 | loss 2.1710 | lr 9.20e-05 | grad_norm 1.809 | tok/s 19,875 | data_time_frac 10.8% | peak_vram 2344MiB
iter   2375 | loss 2.1271 | lr 9.17e-05 | grad_norm 1.970 | tok/s 19,927 | data_time_frac 10.7% | peak_vram 2344MiB
iter   2400 | loss 2.0973 | lr 9.14e-05 | grad_norm 1.840 | tok/s 19,974 | data_time_frac 10.6% | peak_vram 2344MiB
iter   2425 | loss 2.1082 | lr 9.11e-05 | grad_norm 1.875 | tok/s 20,012 | data_time_frac 10.6% | peak_vram 2344MiB
iter   2450 | loss 2.1051 | lr 9.08e-05 | grad_norm 1.810 | tok/s 20,039 | data_time_frac 10.7% | peak_vram 2344MiB
iter   2475 | loss 2.0538 | lr 9.05e-05 | grad_norm 1.728 | tok/s 20,060 | data_time_frac 10.7% | peak_vram 2344MiB
iter   2500 | loss 2.0211 | lr 9.02e-05 | grad_norm 1.852 | tok/s 20,081 | data_time_frac 10.8% | peak_vram 2344MiB
  eval @ iter 2500: train 2.1052  val 2.0961
  new best val_loss 2.0961 — saved checkpoints\ablation_002_lr_1e-4\best.pt
iter   2525 | loss 2.0915 | lr 8.99e-05 | grad_norm 1.659 | tok/s 20,064 | data_time_frac 10.8% | peak_vram 2344MiB
iter   2550 | loss 2.0403 | lr 8.95e-05 | grad_norm 1.669 | tok/s 20,087 | data_time_frac 10.9% | peak_vram 2344MiB
iter   2575 | loss 2.0869 | lr 8.92e-05 | grad_norm 1.735 | tok/s 20,101 | data_time_frac 11.0% | peak_vram 2344MiB
iter   2600 | loss 2.0564 | lr 8.89e-05 | grad_norm 1.722 | tok/s 20,125 | data_time_frac 11.1% | peak_vram 2344MiB
iter   2625 | loss 2.0664 | lr 8.86e-05 | grad_norm 1.680 | tok/s 20,136 | data_time_frac 11.2% | peak_vram 2344MiB
iter   2650 | loss 2.0025 | lr 8.82e-05 | grad_norm 1.716 | tok/s 20,173 | data_time_frac 11.2% | peak_vram 2344MiB
iter   2675 | loss 2.0779 | lr 8.79e-05 | grad_norm 1.787 | tok/s 20,202 | data_time_frac 11.2% | peak_vram 2344MiB
iter   2700 | loss 2.0565 | lr 8.75e-05 | grad_norm 1.649 | tok/s 20,232 | data_time_frac 11.2% | peak_vram 2344MiB
iter   2725 | loss 2.0872 | lr 8.72e-05 | grad_norm 1.767 | tok/s 20,248 | data_time_frac 11.3% | peak_vram 2344MiB
iter   2750 | loss 2.0346 | lr 8.68e-05 | grad_norm 1.595 | tok/s 20,290 | data_time_frac 11.2% | peak_vram 2344MiB
iter   2775 | loss 2.0555 | lr 8.65e-05 | grad_norm 1.610 | tok/s 20,334 | data_time_frac 11.2% | peak_vram 2344MiB
iter   2800 | loss 1.9634 | lr 8.61e-05 | grad_norm 1.704 | tok/s 20,378 | data_time_frac 11.1% | peak_vram 2344MiB
iter   2825 | loss 1.9857 | lr 8.57e-05 | grad_norm 1.646 | tok/s 20,421 | data_time_frac 11.0% | peak_vram 2344MiB
iter   2850 | loss 1.9487 | lr 8.54e-05 | grad_norm 1.771 | tok/s 20,463 | data_time_frac 11.0% | peak_vram 2344MiB
iter   2875 | loss 1.9887 | lr 8.50e-05 | grad_norm 1.607 | tok/s 20,504 | data_time_frac 10.9% | peak_vram 2344MiB
iter   2900 | loss 2.0305 | lr 8.46e-05 | grad_norm 1.728 | tok/s 20,544 | data_time_frac 10.9% | peak_vram 2344MiB
iter   2925 | loss 2.0150 | lr 8.42e-05 | grad_norm 1.554 | tok/s 20,568 | data_time_frac 10.8% | peak_vram 2344MiB
iter   2950 | loss 2.0605 | lr 8.38e-05 | grad_norm 1.587 | tok/s 20,567 | data_time_frac 10.7% | peak_vram 2344MiB
iter   2975 | loss 1.9840 | lr 8.35e-05 | grad_norm 1.630 | tok/s 20,554 | data_time_frac 10.6% | peak_vram 2344MiB
iter   3000 | loss 1.9168 | lr 8.31e-05 | grad_norm 1.590 | tok/s 20,550 | data_time_frac 10.6% | peak_vram 2344MiB
  eval @ iter 3000: train 2.0056  val 2.0364
  new best val_loss 2.0364 — saved checkpoints\ablation_002_lr_1e-4\best.pt
iter   3025 | loss 1.9628 | lr 8.27e-05 | grad_norm 1.535 | tok/s 20,509 | data_time_frac 10.5% | peak_vram 2344MiB
iter   3050 | loss 2.0353 | lr 8.23e-05 | grad_norm 1.571 | tok/s 20,505 | data_time_frac 10.4% | peak_vram 2344MiB
iter   3075 | loss 2.0140 | lr 8.19e-05 | grad_norm 1.547 | tok/s 20,543 | data_time_frac 10.4% | peak_vram 2344MiB
iter   3100 | loss 1.9893 | lr 8.15e-05 | grad_norm 1.545 | tok/s 20,585 | data_time_frac 10.3% | peak_vram 2344MiB
iter   3125 | loss 1.9787 | lr 8.10e-05 | grad_norm 1.862 | tok/s 20,625 | data_time_frac 10.3% | peak_vram 2344MiB
iter   3150 | loss 1.9063 | lr 8.06e-05 | grad_norm 1.695 | tok/s 20,664 | data_time_frac 10.2% | peak_vram 2344MiB
iter   3175 | loss 1.8833 | lr 8.02e-05 | grad_norm 1.613 | tok/s 20,703 | data_time_frac 10.1% | peak_vram 2344MiB
iter   3200 | loss 1.9734 | lr 7.98e-05 | grad_norm 1.521 | tok/s 20,740 | data_time_frac 10.1% | peak_vram 2344MiB
iter   3225 | loss 1.9135 | lr 7.94e-05 | grad_norm 1.650 | tok/s 20,778 | data_time_frac 10.0% | peak_vram 2344MiB
iter   3250 | loss 2.0446 | lr 7.89e-05 | grad_norm 1.566 | tok/s 20,814 | data_time_frac 10.0% | peak_vram 2344MiB
iter   3275 | loss 1.9454 | lr 7.85e-05 | grad_norm 1.611 | tok/s 20,850 | data_time_frac 9.9% | peak_vram 2344MiB
iter   3300 | loss 2.0406 | lr 7.81e-05 | grad_norm 1.719 | tok/s 20,886 | data_time_frac 9.9% | peak_vram 2344MiB
iter   3325 | loss 1.9610 | lr 7.76e-05 | grad_norm 1.607 | tok/s 20,922 | data_time_frac 9.8% | peak_vram 2344MiB
iter   3350 | loss 1.9216 | lr 7.72e-05 | grad_norm 1.546 | tok/s 20,956 | data_time_frac 9.8% | peak_vram 2344MiB
iter   3375 | loss 1.9504 | lr 7.68e-05 | grad_norm 1.615 | tok/s 20,991 | data_time_frac 9.7% | peak_vram 2344MiB
iter   3400 | loss 1.9261 | lr 7.63e-05 | grad_norm 1.652 | tok/s 21,025 | data_time_frac 9.7% | peak_vram 2344MiB
iter   3425 | loss 1.8782 | lr 7.59e-05 | grad_norm 1.509 | tok/s 21,058 | data_time_frac 9.6% | peak_vram 2344MiB
iter   3450 | loss 1.9425 | lr 7.54e-05 | grad_norm 1.523 | tok/s 21,091 | data_time_frac 9.6% | peak_vram 2344MiB
iter   3475 | loss 1.8977 | lr 7.50e-05 | grad_norm 1.519 | tok/s 21,124 | data_time_frac 9.5% | peak_vram 2344MiB
iter   3500 | loss 1.9143 | lr 7.45e-05 | grad_norm 1.519 | tok/s 21,156 | data_time_frac 9.5% | peak_vram 2344MiB
  eval @ iter 3500: train 1.8969  val 1.8981
  new best val_loss 1.8981 — saved checkpoints\ablation_002_lr_1e-4\best.pt
iter   3525 | loss 1.9283 | lr 7.41e-05 | grad_norm 1.554 | tok/s 21,161 | data_time_frac 9.4% | peak_vram 2344MiB
iter   3550 | loss 1.9977 | lr 7.36e-05 | grad_norm 1.545 | tok/s 21,193 | data_time_frac 9.4% | peak_vram 2344MiB
iter   3575 | loss 1.9131 | lr 7.31e-05 | grad_norm 1.496 | tok/s 21,225 | data_time_frac 9.3% | peak_vram 2344MiB
iter   3600 | loss 1.8040 | lr 7.27e-05 | grad_norm 1.509 | tok/s 21,255 | data_time_frac 9.3% | peak_vram 2344MiB
iter   3625 | loss 1.8888 | lr 7.22e-05 | grad_norm 1.491 | tok/s 21,286 | data_time_frac 9.2% | peak_vram 2344MiB
iter   3650 | loss 1.8076 | lr 7.18e-05 | grad_norm 1.568 | tok/s 21,316 | data_time_frac 9.2% | peak_vram 2344MiB
iter   3675 | loss 1.8795 | lr 7.13e-05 | grad_norm 1.494 | tok/s 21,346 | data_time_frac 9.1% | peak_vram 2344MiB
iter   3700 | loss 1.9433 | lr 7.08e-05 | grad_norm 1.443 | tok/s 21,375 | data_time_frac 9.1% | peak_vram 2344MiB
iter   3725 | loss 1.9018 | lr 7.03e-05 | grad_norm 1.556 | tok/s 21,404 | data_time_frac 9.0% | peak_vram 2344MiB
iter   3750 | loss 1.8621 | lr 6.99e-05 | grad_norm 1.577 | tok/s 21,433 | data_time_frac 9.0% | peak_vram 2344MiB
iter   3775 | loss 1.8918 | lr 6.94e-05 | grad_norm 1.561 | tok/s 21,462 | data_time_frac 9.0% | peak_vram 2344MiB
iter   3800 | loss 1.8910 | lr 6.89e-05 | grad_norm 1.469 | tok/s 21,490 | data_time_frac 8.9% | peak_vram 2344MiB
iter   3825 | loss 1.8787 | lr 6.84e-05 | grad_norm 1.459 | tok/s 21,518 | data_time_frac 8.9% | peak_vram 2344MiB
iter   3850 | loss 1.9410 | lr 6.79e-05 | grad_norm 1.422 | tok/s 21,545 | data_time_frac 8.8% | peak_vram 2344MiB
iter   3875 | loss 1.9020 | lr 6.75e-05 | grad_norm 1.484 | tok/s 21,573 | data_time_frac 8.8% | peak_vram 2344MiB
iter   3900 | loss 1.8290 | lr 6.70e-05 | grad_norm 1.547 | tok/s 21,600 | data_time_frac 8.7% | peak_vram 2344MiB
iter   3925 | loss 1.8520 | lr 6.65e-05 | grad_norm 1.493 | tok/s 21,627 | data_time_frac 8.7% | peak_vram 2344MiB
iter   3950 | loss 1.8723 | lr 6.60e-05 | grad_norm 1.524 | tok/s 21,634 | data_time_frac 8.7% | peak_vram 2344MiB
iter   3975 | loss 1.9034 | lr 6.55e-05 | grad_norm 1.611 | tok/s 21,623 | data_time_frac 8.6% | peak_vram 2344MiB
iter   4000 | loss 1.8898 | lr 6.50e-05 | grad_norm 1.492 | tok/s 21,606 | data_time_frac 8.6% | peak_vram 2344MiB
  eval @ iter 4000: train 1.8657  val 1.8512
  new best val_loss 1.8512 — saved checkpoints\ablation_002_lr_1e-4\best.pt
iter   4025 | loss 1.8643 | lr 6.45e-05 | grad_norm 1.496 | tok/s 21,544 | data_time_frac 8.5% | peak_vram 2344MiB
iter   4050 | loss 1.8479 | lr 6.40e-05 | grad_norm 1.591 | tok/s 21,534 | data_time_frac 8.5% | peak_vram 2344MiB
iter   4075 | loss 1.8873 | lr 6.35e-05 | grad_norm 1.508 | tok/s 21,506 | data_time_frac 8.5% | peak_vram 2344MiB
iter   4100 | loss 1.8441 | lr 6.30e-05 | grad_norm 1.517 | tok/s 21,489 | data_time_frac 8.4% | peak_vram 2344MiB
iter   4125 | loss 1.8504 | lr 6.25e-05 | grad_norm 1.635 | tok/s 21,478 | data_time_frac 8.4% | peak_vram 2344MiB
iter   4150 | loss 1.8763 | lr 6.20e-05 | grad_norm 1.425 | tok/s 21,461 | data_time_frac 8.4% | peak_vram 2344MiB
iter   4175 | loss 1.8410 | lr 6.15e-05 | grad_norm 1.502 | tok/s 21,447 | data_time_frac 8.3% | peak_vram 2344MiB
iter   4200 | loss 1.7802 | lr 6.10e-05 | grad_norm 1.449 | tok/s 21,422 | data_time_frac 8.3% | peak_vram 2344MiB
iter   4225 | loss 1.8595 | lr 6.05e-05 | grad_norm 1.432 | tok/s 21,416 | data_time_frac 8.3% | peak_vram 2344MiB
iter   4250 | loss 1.8462 | lr 6.00e-05 | grad_norm 1.415 | tok/s 21,398 | data_time_frac 8.2% | peak_vram 2344MiB
iter   4275 | loss 1.7763 | lr 5.95e-05 | grad_norm 1.441 | tok/s 21,353 | data_time_frac 8.2% | peak_vram 2344MiB
iter   4300 | loss 1.8075 | lr 5.90e-05 | grad_norm 1.442 | tok/s 21,320 | data_time_frac 8.2% | peak_vram 2344MiB
iter   4325 | loss 1.8594 | lr 5.85e-05 | grad_norm 1.485 | tok/s 21,288 | data_time_frac 8.1% | peak_vram 2344MiB
iter   4350 | loss 1.8769 | lr 5.80e-05 | grad_norm 1.501 | tok/s 21,244 | data_time_frac 8.1% | peak_vram 2344MiB
iter   4375 | loss 1.8025 | lr 5.75e-05 | grad_norm 1.425 | tok/s 21,202 | data_time_frac 8.1% | peak_vram 2344MiB
iter   4400 | loss 1.7244 | lr 5.70e-05 | grad_norm 1.484 | tok/s 21,165 | data_time_frac 8.0% | peak_vram 2344MiB
iter   4425 | loss 1.7490 | lr 5.65e-05 | grad_norm 1.428 | tok/s 21,133 | data_time_frac 8.0% | peak_vram 2344MiB
iter   4450 | loss 1.8302 | lr 5.60e-05 | grad_norm 1.441 | tok/s 21,100 | data_time_frac 7.9% | peak_vram 2344MiB
iter   4475 | loss 1.8160 | lr 5.55e-05 | grad_norm 1.465 | tok/s 21,064 | data_time_frac 7.9% | peak_vram 2344MiB
iter   4500 | loss 1.8087 | lr 5.50e-05 | grad_norm 1.425 | tok/s 21,060 | data_time_frac 7.9% | peak_vram 2344MiB
  eval @ iter 4500: train 1.8451  val 1.8544
iter   4525 | loss 1.7918 | lr 5.45e-05 | grad_norm 1.414 | tok/s 21,036 | data_time_frac 7.8% | peak_vram 2344MiB
iter   4550 | loss 1.8242 | lr 5.40e-05 | grad_norm 1.443 | tok/s 21,066 | data_time_frac 7.8% | peak_vram 2344MiB
iter   4575 | loss 1.7141 | lr 5.35e-05 | grad_norm 1.473 | tok/s 21,091 | data_time_frac 7.8% | peak_vram 2344MiB
iter   4600 | loss 1.7528 | lr 5.30e-05 | grad_norm 1.451 | tok/s 21,115 | data_time_frac 7.8% | peak_vram 2344MiB
iter   4625 | loss 1.8471 | lr 5.25e-05 | grad_norm 1.429 | tok/s 21,139 | data_time_frac 7.8% | peak_vram 2344MiB
iter   4650 | loss 1.8336 | lr 5.20e-05 | grad_norm 1.417 | tok/s 21,163 | data_time_frac 7.7% | peak_vram 2344MiB
iter   4675 | loss 1.8107 | lr 5.15e-05 | grad_norm 1.438 | tok/s 21,186 | data_time_frac 7.7% | peak_vram 2344MiB
iter   4700 | loss 1.7998 | lr 5.10e-05 | grad_norm 1.425 | tok/s 21,210 | data_time_frac 7.7% | peak_vram 2344MiB
iter   4725 | loss 1.8525 | lr 5.05e-05 | grad_norm 1.463 | tok/s 21,233 | data_time_frac 7.6% | peak_vram 2344MiB
iter   4750 | loss 1.8389 | lr 5.00e-05 | grad_norm 1.500 | tok/s 21,256 | data_time_frac 7.6% | peak_vram 2344MiB
iter   4775 | loss 1.8370 | lr 4.95e-05 | grad_norm 1.504 | tok/s 21,278 | data_time_frac 7.6% | peak_vram 2344MiB
iter   4800 | loss 1.7480 | lr 4.90e-05 | grad_norm 1.424 | tok/s 21,301 | data_time_frac 7.6% | peak_vram 2344MiB
iter   4825 | loss 1.7602 | lr 4.85e-05 | grad_norm 1.408 | tok/s 21,323 | data_time_frac 7.5% | peak_vram 2344MiB
iter   4850 | loss 1.8190 | lr 4.80e-05 | grad_norm 1.383 | tok/s 21,345 | data_time_frac 7.5% | peak_vram 2344MiB
iter   4875 | loss 1.7571 | lr 4.75e-05 | grad_norm 1.524 | tok/s 21,366 | data_time_frac 7.5% | peak_vram 2344MiB
iter   4900 | loss 1.8196 | lr 4.70e-05 | grad_norm 1.421 | tok/s 21,388 | data_time_frac 7.5% | peak_vram 2344MiB
iter   4925 | loss 1.8221 | lr 4.65e-05 | grad_norm 1.437 | tok/s 21,409 | data_time_frac 7.5% | peak_vram 2344MiB
iter   4950 | loss 1.8558 | lr 4.60e-05 | grad_norm 1.450 | tok/s 21,431 | data_time_frac 7.4% | peak_vram 2344MiB
iter   4975 | loss 1.7854 | lr 4.55e-05 | grad_norm 1.408 | tok/s 21,451 | data_time_frac 7.4% | peak_vram 2344MiB
iter   5000 | loss 1.7995 | lr 4.50e-05 | grad_norm 1.472 | tok/s 21,472 | data_time_frac 7.4% | peak_vram 2344MiB
  eval @ iter 5000: train 1.7560  val 1.8119
  new best val_loss 1.8119 — saved checkpoints\ablation_002_lr_1e-4\best.pt
iter   5025 | loss 1.8091 | lr 4.45e-05 | grad_norm 1.430 | tok/s 21,455 | data_time_frac 7.5% | peak_vram 2344MiB
iter   5050 | loss 1.7993 | lr 4.40e-05 | grad_norm 1.383 | tok/s 21,470 | data_time_frac 7.5% | peak_vram 2344MiB
iter   5075 | loss 1.7319 | lr 4.35e-05 | grad_norm 1.466 | tok/s 21,490 | data_time_frac 7.5% | peak_vram 2344MiB
iter   5100 | loss 1.8264 | lr 4.30e-05 | grad_norm 1.436 | tok/s 21,509 | data_time_frac 7.4% | peak_vram 2344MiB
iter   5125 | loss 1.7128 | lr 4.25e-05 | grad_norm 1.451 | tok/s 21,526 | data_time_frac 7.4% | peak_vram 2344MiB
iter   5150 | loss 1.7815 | lr 4.21e-05 | grad_norm 1.421 | tok/s 21,544 | data_time_frac 7.4% | peak_vram 2344MiB
iter   5175 | loss 1.7917 | lr 4.16e-05 | grad_norm 1.433 | tok/s 21,562 | data_time_frac 7.4% | peak_vram 2344MiB
iter   5200 | loss 1.8003 | lr 4.11e-05 | grad_norm 1.412 | tok/s 21,581 | data_time_frac 7.4% | peak_vram 2344MiB
iter   5225 | loss 1.8024 | lr 4.06e-05 | grad_norm 1.435 | tok/s 21,598 | data_time_frac 7.3% | peak_vram 2344MiB
iter   5250 | loss 1.7803 | lr 4.01e-05 | grad_norm 1.356 | tok/s 21,616 | data_time_frac 7.3% | peak_vram 2344MiB
iter   5275 | loss 1.7611 | lr 3.97e-05 | grad_norm 1.395 | tok/s 21,627 | data_time_frac 7.3% | peak_vram 2344MiB
iter   5300 | loss 1.6784 | lr 3.92e-05 | grad_norm 1.434 | tok/s 21,640 | data_time_frac 7.3% | peak_vram 2344MiB
iter   5325 | loss 1.7521 | lr 3.87e-05 | grad_norm 1.352 | tok/s 21,654 | data_time_frac 7.3% | peak_vram 2344MiB
iter   5350 | loss 1.7804 | lr 3.82e-05 | grad_norm 1.420 | tok/s 21,661 | data_time_frac 7.3% | peak_vram 2344MiB
iter   5375 | loss 1.6960 | lr 3.78e-05 | grad_norm 1.383 | tok/s 21,673 | data_time_frac 7.3% | peak_vram 2344MiB
iter   5400 | loss 1.7470 | lr 3.73e-05 | grad_norm 1.468 | tok/s 21,685 | data_time_frac 7.2% | peak_vram 2344MiB
iter   5425 | loss 1.7189 | lr 3.69e-05 | grad_norm 1.431 | tok/s 21,696 | data_time_frac 7.2% | peak_vram 2344MiB
iter   5450 | loss 1.8056 | lr 3.64e-05 | grad_norm 1.398 | tok/s 21,700 | data_time_frac 7.3% | peak_vram 2344MiB
iter   5475 | loss 1.7654 | lr 3.59e-05 | grad_norm 1.474 | tok/s 21,694 | data_time_frac 7.4% | peak_vram 2344MiB
iter   5500 | loss 1.7615 | lr 3.55e-05 | grad_norm 1.460 | tok/s 21,691 | data_time_frac 7.4% | peak_vram 2344MiB
  eval @ iter 5500: train 1.7568  val 1.7721
  new best val_loss 1.7721 — saved checkpoints\ablation_002_lr_1e-4\best.pt
iter   5525 | loss 1.7326 | lr 3.50e-05 | grad_norm 1.376 | tok/s 21,686 | data_time_frac 7.4% | peak_vram 2344MiB
iter   5550 | loss 1.8770 | lr 3.46e-05 | grad_norm 1.450 | tok/s 21,679 | data_time_frac 7.5% | peak_vram 2344MiB
iter   5575 | loss 1.7847 | lr 3.41e-05 | grad_norm 1.419 | tok/s 21,670 | data_time_frac 7.6% | peak_vram 2344MiB
iter   5600 | loss 1.7204 | lr 3.37e-05 | grad_norm 1.427 | tok/s 21,659 | data_time_frac 7.8% | peak_vram 2344MiB
iter   5625 | loss 1.7111 | lr 3.32e-05 | grad_norm 1.440 | tok/s 21,648 | data_time_frac 7.9% | peak_vram 2344MiB
iter   5650 | loss 1.7154 | lr 3.28e-05 | grad_norm 1.376 | tok/s 21,644 | data_time_frac 8.0% | peak_vram 2344MiB
iter   5675 | loss 1.7767 | lr 3.24e-05 | grad_norm 1.436 | tok/s 21,653 | data_time_frac 8.0% | peak_vram 2344MiB
iter   5700 | loss 1.7749 | lr 3.19e-05 | grad_norm 1.490 | tok/s 21,663 | data_time_frac 8.0% | peak_vram 2344MiB
iter   5725 | loss 1.7929 | lr 3.15e-05 | grad_norm 1.429 | tok/s 21,680 | data_time_frac 8.0% | peak_vram 2344MiB
iter   5750 | loss 1.7757 | lr 3.11e-05 | grad_norm 1.408 | tok/s 21,696 | data_time_frac 8.0% | peak_vram 2344MiB
iter   5775 | loss 1.6791 | lr 3.06e-05 | grad_norm 1.389 | tok/s 21,711 | data_time_frac 8.0% | peak_vram 2344MiB
iter   5800 | loss 1.7641 | lr 3.02e-05 | grad_norm 1.432 | tok/s 21,727 | data_time_frac 7.9% | peak_vram 2344MiB
iter   5825 | loss 1.7333 | lr 2.98e-05 | grad_norm 1.461 | tok/s 21,743 | data_time_frac 7.9% | peak_vram 2344MiB
iter   5850 | loss 1.7489 | lr 2.94e-05 | grad_norm 1.357 | tok/s 21,759 | data_time_frac 7.9% | peak_vram 2344MiB
iter   5875 | loss 1.7313 | lr 2.90e-05 | grad_norm 1.433 | tok/s 21,775 | data_time_frac 7.9% | peak_vram 2344MiB
iter   5900 | loss 1.7143 | lr 2.85e-05 | grad_norm 1.369 | tok/s 21,791 | data_time_frac 7.8% | peak_vram 2344MiB
iter   5925 | loss 1.7164 | lr 2.81e-05 | grad_norm 1.466 | tok/s 21,806 | data_time_frac 7.8% | peak_vram 2344MiB
iter   5950 | loss 1.8106 | lr 2.77e-05 | grad_norm 1.426 | tok/s 21,820 | data_time_frac 7.8% | peak_vram 2344MiB
iter   5975 | loss 1.6971 | lr 2.73e-05 | grad_norm 1.384 | tok/s 21,835 | data_time_frac 7.8% | peak_vram 2344MiB
iter   6000 | loss 1.7473 | lr 2.69e-05 | grad_norm 1.413 | tok/s 21,850 | data_time_frac 7.8% | peak_vram 2344MiB
  eval @ iter 6000: train 1.7485  val 1.7627
  new best val_loss 1.7627 — saved checkpoints\ablation_002_lr_1e-4\best.pt
iter   6025 | loss 1.7078 | lr 2.65e-05 | grad_norm 1.423 | tok/s 21,816 | data_time_frac 7.9% | peak_vram 2344MiB
iter   6050 | loss 1.7091 | lr 2.62e-05 | grad_norm 1.411 | tok/s 21,802 | data_time_frac 8.0% | peak_vram 2344MiB
iter   6075 | loss 1.6516 | lr 2.58e-05 | grad_norm 1.386 | tok/s 21,785 | data_time_frac 8.1% | peak_vram 2344MiB
iter   6100 | loss 1.7452 | lr 2.54e-05 | grad_norm 1.388 | tok/s 21,778 | data_time_frac 8.2% | peak_vram 2344MiB
iter   6125 | loss 1.7431 | lr 2.50e-05 | grad_norm 1.459 | tok/s 21,777 | data_time_frac 8.3% | peak_vram 2344MiB
iter   6150 | loss 1.8330 | lr 2.46e-05 | grad_norm 1.399 | tok/s 21,763 | data_time_frac 8.4% | peak_vram 2344MiB
iter   6175 | loss 1.7844 | lr 2.43e-05 | grad_norm 1.416 | tok/s 21,743 | data_time_frac 8.6% | peak_vram 2344MiB
iter   6200 | loss 1.6432 | lr 2.39e-05 | grad_norm 1.384 | tok/s 21,726 | data_time_frac 8.7% | peak_vram 2344MiB
iter   6225 | loss 1.6426 | lr 2.35e-05 | grad_norm 1.446 | tok/s 21,721 | data_time_frac 8.8% | peak_vram 2344MiB
iter   6250 | loss 1.7190 | lr 2.32e-05 | grad_norm 1.414 | tok/s 21,704 | data_time_frac 8.9% | peak_vram 2344MiB
iter   6275 | loss 1.6518 | lr 2.28e-05 | grad_norm 1.461 | tok/s 21,689 | data_time_frac 9.0% | peak_vram 2344MiB
iter   6300 | loss 1.7560 | lr 2.25e-05 | grad_norm 1.410 | tok/s 21,676 | data_time_frac 9.2% | peak_vram 2344MiB
iter   6325 | loss 1.6953 | lr 2.21e-05 | grad_norm 1.387 | tok/s 21,666 | data_time_frac 9.3% | peak_vram 2344MiB
iter   6350 | loss 1.7499 | lr 2.18e-05 | grad_norm 1.453 | tok/s 21,653 | data_time_frac 9.4% | peak_vram 2344MiB
iter   6375 | loss 1.7780 | lr 2.14e-05 | grad_norm 1.398 | tok/s 21,638 | data_time_frac 9.5% | peak_vram 2344MiB
iter   6400 | loss 1.7200 | lr 2.11e-05 | grad_norm 1.440 | tok/s 21,626 | data_time_frac 9.6% | peak_vram 2344MiB
iter   6425 | loss 1.7118 | lr 2.08e-05 | grad_norm 1.430 | tok/s 21,617 | data_time_frac 9.7% | peak_vram 2344MiB
iter   6450 | loss 1.6643 | lr 2.05e-05 | grad_norm 1.400 | tok/s 21,610 | data_time_frac 9.8% | peak_vram 2344MiB
iter   6475 | loss 1.6340 | lr 2.01e-05 | grad_norm 1.394 | tok/s 21,606 | data_time_frac 9.9% | peak_vram 2344MiB
iter   6500 | loss 1.8006 | lr 1.98e-05 | grad_norm 1.458 | tok/s 21,608 | data_time_frac 9.9% | peak_vram 2344MiB
  eval @ iter 6500: train 1.6986  val 1.7274
  new best val_loss 1.7274 — saved checkpoints\ablation_002_lr_1e-4\best.pt
iter   6525 | loss 1.7346 | lr 1.95e-05 | grad_norm 1.407 | tok/s 21,599 | data_time_frac 9.9% | peak_vram 2344MiB
iter   6550 | loss 1.7094 | lr 1.92e-05 | grad_norm 1.375 | tok/s 21,595 | data_time_frac 10.0% | peak_vram 2344MiB
iter   6575 | loss 1.7656 | lr 1.89e-05 | grad_norm 1.413 | tok/s 21,592 | data_time_frac 10.1% | peak_vram 2344MiB
iter   6600 | loss 1.7315 | lr 1.86e-05 | grad_norm 1.445 | tok/s 21,591 | data_time_frac 10.2% | peak_vram 2344MiB
iter   6625 | loss 1.7189 | lr 1.83e-05 | grad_norm 1.439 | tok/s 21,595 | data_time_frac 10.2% | peak_vram 2344MiB
iter   6650 | loss 1.6194 | lr 1.80e-05 | grad_norm 1.373 | tok/s 21,593 | data_time_frac 10.2% | peak_vram 2344MiB
iter   6675 | loss 1.7228 | lr 1.77e-05 | grad_norm 1.465 | tok/s 21,589 | data_time_frac 10.3% | peak_vram 2344MiB
iter   6700 | loss 1.7716 | lr 1.74e-05 | grad_norm 1.404 | tok/s 21,593 | data_time_frac 10.4% | peak_vram 2344MiB
iter   6725 | loss 1.5778 | lr 1.72e-05 | grad_norm 1.378 | tok/s 21,591 | data_time_frac 10.4% | peak_vram 2344MiB
iter   6750 | loss 1.7859 | lr 1.69e-05 | grad_norm 1.432 | tok/s 21,593 | data_time_frac 10.5% | peak_vram 2344MiB
iter   6775 | loss 1.6951 | lr 1.66e-05 | grad_norm 1.395 | tok/s 21,598 | data_time_frac 10.5% | peak_vram 2344MiB
iter   6800 | loss 1.6956 | lr 1.64e-05 | grad_norm 1.395 | tok/s 21,601 | data_time_frac 10.5% | peak_vram 2344MiB
iter   6825 | loss 1.7103 | lr 1.61e-05 | grad_norm 1.377 | tok/s 21,598 | data_time_frac 10.5% | peak_vram 2344MiB
iter   6850 | loss 1.7115 | lr 1.59e-05 | grad_norm 1.439 | tok/s 21,600 | data_time_frac 10.6% | peak_vram 2344MiB
iter   6875 | loss 1.6374 | lr 1.56e-05 | grad_norm 1.440 | tok/s 21,598 | data_time_frac 10.6% | peak_vram 2344MiB
iter   6900 | loss 1.6650 | lr 1.54e-05 | grad_norm 1.474 | tok/s 21,602 | data_time_frac 10.6% | peak_vram 2344MiB
iter   6925 | loss 1.6325 | lr 1.51e-05 | grad_norm 1.429 | tok/s 21,606 | data_time_frac 10.6% | peak_vram 2344MiB
iter   6950 | loss 1.7522 | lr 1.49e-05 | grad_norm 1.414 | tok/s 21,599 | data_time_frac 10.7% | peak_vram 2344MiB
iter   6975 | loss 1.6116 | lr 1.47e-05 | grad_norm 1.429 | tok/s 21,582 | data_time_frac 10.6% | peak_vram 2344MiB
iter   7000 | loss 1.6595 | lr 1.45e-05 | grad_norm 1.366 | tok/s 21,553 | data_time_frac 10.6% | peak_vram 2344MiB
  eval @ iter 7000: train 1.6771  val 1.7499
iter   7025 | loss 1.7137 | lr 1.42e-05 | grad_norm 1.413 | tok/s 21,516 | data_time_frac 10.6% | peak_vram 2344MiB
iter   7050 | loss 1.6278 | lr 1.40e-05 | grad_norm 1.411 | tok/s 21,496 | data_time_frac 10.5% | peak_vram 2344MiB
iter   7075 | loss 1.7130 | lr 1.38e-05 | grad_norm 1.417 | tok/s 21,483 | data_time_frac 10.5% | peak_vram 2344MiB
iter   7100 | loss 1.7124 | lr 1.36e-05 | grad_norm 1.414 | tok/s 21,468 | data_time_frac 10.5% | peak_vram 2344MiB
iter   7125 | loss 1.7063 | lr 1.34e-05 | grad_norm 1.407 | tok/s 21,469 | data_time_frac 10.4% | peak_vram 2344MiB
iter   7150 | loss 1.6204 | lr 1.32e-05 | grad_norm 1.441 | tok/s 21,485 | data_time_frac 10.4% | peak_vram 2344MiB
iter   7175 | loss 1.7004 | lr 1.30e-05 | grad_norm 1.471 | tok/s 21,496 | data_time_frac 10.4% | peak_vram 2344MiB
iter   7200 | loss 1.7315 | lr 1.29e-05 | grad_norm 1.386 | tok/s 21,501 | data_time_frac 10.4% | peak_vram 2344MiB
iter   7225 | loss 1.5872 | lr 1.27e-05 | grad_norm 1.425 | tok/s 21,514 | data_time_frac 10.3% | peak_vram 2344MiB
iter   7250 | loss 1.7164 | lr 1.25e-05 | grad_norm 1.432 | tok/s 21,523 | data_time_frac 10.3% | peak_vram 2344MiB
iter   7275 | loss 1.5927 | lr 1.24e-05 | grad_norm 1.497 | tok/s 21,533 | data_time_frac 10.3% | peak_vram 2344MiB
iter   7300 | loss 1.5999 | lr 1.22e-05 | grad_norm 1.402 | tok/s 21,533 | data_time_frac 10.3% | peak_vram 2344MiB
iter   7325 | loss 1.6610 | lr 1.20e-05 | grad_norm 1.449 | tok/s 21,530 | data_time_frac 10.2% | peak_vram 2344MiB
iter   7350 | loss 1.7075 | lr 1.19e-05 | grad_norm 1.361 | tok/s 21,535 | data_time_frac 10.2% | peak_vram 2344MiB
iter   7375 | loss 1.7259 | lr 1.18e-05 | grad_norm 1.440 | tok/s 21,536 | data_time_frac 10.2% | peak_vram 2344MiB
iter   7400 | loss 1.6841 | lr 1.16e-05 | grad_norm 1.405 | tok/s 21,535 | data_time_frac 10.2% | peak_vram 2344MiB
iter   7425 | loss 1.6522 | lr 1.15e-05 | grad_norm 1.421 | tok/s 21,513 | data_time_frac 10.2% | peak_vram 2344MiB
iter   7450 | loss 1.6045 | lr 1.14e-05 | grad_norm 1.427 | tok/s 21,489 | data_time_frac 10.2% | peak_vram 2344MiB
iter   7475 | loss 1.7096 | lr 1.12e-05 | grad_norm 1.435 | tok/s 21,471 | data_time_frac 10.2% | peak_vram 2344MiB
iter   7500 | loss 1.6800 | lr 1.11e-05 | grad_norm 1.406 | tok/s 21,431 | data_time_frac 10.2% | peak_vram 2344MiB
  eval @ iter 7500: train 1.7025  val 1.7043
  new best val_loss 1.7043 — saved checkpoints\ablation_002_lr_1e-4\best.pt
iter   7525 | loss 1.6991 | lr 1.10e-05 | grad_norm 1.391 | tok/s 21,361 | data_time_frac 10.2% | peak_vram 2344MiB
iter   7550 | loss 1.7048 | lr 1.09e-05 | grad_norm 1.380 | tok/s 21,338 | data_time_frac 10.2% | peak_vram 2344MiB
iter   7575 | loss 1.7042 | lr 1.08e-05 | grad_norm 1.403 | tok/s 21,322 | data_time_frac 10.1% | peak_vram 2344MiB
iter   7600 | loss 1.7037 | lr 1.07e-05 | grad_norm 1.445 | tok/s 21,305 | data_time_frac 10.1% | peak_vram 2344MiB
iter   7625 | loss 1.6605 | lr 1.06e-05 | grad_norm 1.393 | tok/s 21,286 | data_time_frac 10.1% | peak_vram 2344MiB
iter   7650 | loss 1.6554 | lr 1.06e-05 | grad_norm 1.499 | tok/s 21,273 | data_time_frac 10.1% | peak_vram 2344MiB
iter   7675 | loss 1.8315 | lr 1.05e-05 | grad_norm 1.436 | tok/s 21,287 | data_time_frac 10.0% | peak_vram 2344MiB
iter   7700 | loss 1.6630 | lr 1.04e-05 | grad_norm 1.493 | tok/s 21,297 | data_time_frac 10.0% | peak_vram 2344MiB
iter   7725 | loss 1.6579 | lr 1.03e-05 | grad_norm 1.391 | tok/s 21,286 | data_time_frac 10.0% | peak_vram 2344MiB
iter   7750 | loss 1.7234 | lr 1.03e-05 | grad_norm 1.443 | tok/s 21,271 | data_time_frac 9.9% | peak_vram 2344MiB
iter   7775 | loss 1.6944 | lr 1.02e-05 | grad_norm 1.418 | tok/s 21,278 | data_time_frac 9.9% | peak_vram 2344MiB
iter   7800 | loss 1.6701 | lr 1.02e-05 | grad_norm 1.452 | tok/s 21,265 | data_time_frac 9.9% | peak_vram 2344MiB
iter   7825 | loss 1.7157 | lr 1.01e-05 | grad_norm 1.407 | tok/s 21,245 | data_time_frac 9.9% | peak_vram 2344MiB
iter   7850 | loss 1.6663 | lr 1.01e-05 | grad_norm 1.427 | tok/s 21,233 | data_time_frac 9.8% | peak_vram 2344MiB
iter   7875 | loss 1.7394 | lr 1.01e-05 | grad_norm 1.414 | tok/s 21,239 | data_time_frac 9.8% | peak_vram 2344MiB
iter   7900 | loss 1.6862 | lr 1.00e-05 | grad_norm 1.420 | tok/s 21,219 | data_time_frac 9.8% | peak_vram 2344MiB
iter   7925 | loss 1.7633 | lr 1.00e-05 | grad_norm 1.417 | tok/s 21,208 | data_time_frac 9.8% | peak_vram 2344MiB
iter   7950 | loss 1.6560 | lr 1.00e-05 | grad_norm 1.446 | tok/s 21,191 | data_time_frac 9.7% | peak_vram 2344MiB
iter   7975 | loss 1.8047 | lr 1.00e-05 | grad_norm 1.444 | tok/s 21,179 | data_time_frac 9.7% | peak_vram 2344MiB
done. final checkpoint: checkpoints\ablation_002_lr_1e-4\latest.pt
