device: NVIDIA GeForce RTX 4070 Laptop GPU | 8.0 GiB | sm_89 | bf16=True
run: ablation_004_seed_43  precision: bfloat16  max_iters: 8000
model: 52.9M params (52,901,712)
iter      0 | loss 10.5440 | lr 3.00e-07 | grad_norm 14.147 | tok/s 17,887 | data_time_frac 5.5% | peak_vram 1930MiB
iter     25 | loss 9.1639 | lr 7.79e-06 | grad_norm 3.529 | tok/s 22,508 | data_time_frac 12.4% | peak_vram 2344MiB
iter     50 | loss 8.3856 | lr 1.53e-05 | grad_norm 2.714 | tok/s 22,279 | data_time_frac 13.6% | peak_vram 2344MiB
iter     75 | loss 7.5536 | lr 2.28e-05 | grad_norm 2.651 | tok/s 22,196 | data_time_frac 13.8% | peak_vram 2344MiB
iter    100 | loss 6.8937 | lr 3.03e-05 | grad_norm 2.098 | tok/s 22,264 | data_time_frac 13.4% | peak_vram 2344MiB
iter    125 | loss 6.2828 | lr 3.78e-05 | grad_norm 1.894 | tok/s 21,784 | data_time_frac 15.6% | peak_vram 2344MiB
iter    150 | loss 5.6513 | lr 4.53e-05 | grad_norm 1.748 | tok/s 21,346 | data_time_frac 17.4% | peak_vram 2344MiB
iter    175 | loss 5.1317 | lr 5.27e-05 | grad_norm 1.436 | tok/s 21,152 | data_time_frac 18.3% | peak_vram 2344MiB
iter    200 | loss 4.7465 | lr 6.02e-05 | grad_norm 1.656 | tok/s 21,193 | data_time_frac 17.3% | peak_vram 2344MiB
iter    225 | loss 4.4621 | lr 6.77e-05 | grad_norm 1.779 | tok/s 21,382 | data_time_frac 15.9% | peak_vram 2344MiB
iter    250 | loss 4.3066 | lr 7.52e-05 | grad_norm 1.269 | tok/s 21,564 | data_time_frac 14.9% | peak_vram 2344MiB
iter    275 | loss 4.0707 | lr 8.27e-05 | grad_norm 1.711 | tok/s 21,702 | data_time_frac 13.8% | peak_vram 2344MiB
iter    300 | loss 3.9978 | lr 9.02e-05 | grad_norm 1.823 | tok/s 21,835 | data_time_frac 13.1% | peak_vram 2344MiB
iter    325 | loss 3.8183 | lr 9.77e-05 | grad_norm 2.003 | tok/s 21,954 | data_time_frac 12.3% | peak_vram 2344MiB
iter    350 | loss 3.6861 | lr 1.05e-04 | grad_norm 2.180 | tok/s 22,037 | data_time_frac 11.7% | peak_vram 2344MiB
iter    375 | loss 3.6212 | lr 1.13e-04 | grad_norm 2.232 | tok/s 22,117 | data_time_frac 11.1% | peak_vram 2344MiB
iter    400 | loss 3.4724 | lr 1.20e-04 | grad_norm 1.853 | tok/s 22,196 | data_time_frac 10.6% | peak_vram 2344MiB
iter    425 | loss 3.4562 | lr 1.28e-04 | grad_norm 2.372 | tok/s 22,271 | data_time_frac 10.1% | peak_vram 2344MiB
iter    450 | loss 3.4024 | lr 1.35e-04 | grad_norm 2.519 | tok/s 22,333 | data_time_frac 9.6% | peak_vram 2344MiB
iter    475 | loss 3.2007 | lr 1.43e-04 | grad_norm 2.595 | tok/s 22,408 | data_time_frac 9.3% | peak_vram 2344MiB
iter    500 | loss 3.1796 | lr 1.50e-04 | grad_norm 2.065 | tok/s 22,454 | data_time_frac 8.9% | peak_vram 2344MiB
  eval @ iter 500: train 3.2325  val 3.2289
  new best val_loss 3.2289 — saved checkpoints\ablation_004_seed_43\best.pt
iter    525 | loss 3.1463 | lr 1.58e-04 | grad_norm 2.336 | tok/s 22,036 | data_time_frac 10.0% | peak_vram 2344MiB
iter    550 | loss 3.1441 | lr 1.65e-04 | grad_norm 2.578 | tok/s 21,488 | data_time_frac 12.9% | peak_vram 2344MiB
iter    575 | loss 3.0889 | lr 1.73e-04 | grad_norm 2.708 | tok/s 21,275 | data_time_frac 14.2% | peak_vram 2344MiB
iter    600 | loss 2.9411 | lr 1.80e-04 | grad_norm 2.152 | tok/s 20,961 | data_time_frac 16.0% | peak_vram 2344MiB
iter    625 | loss 2.9291 | lr 1.88e-04 | grad_norm 2.391 | tok/s 20,629 | data_time_frac 17.7% | peak_vram 2344MiB
iter    650 | loss 2.9247 | lr 1.95e-04 | grad_norm 2.216 | tok/s 20,371 | data_time_frac 19.2% | peak_vram 2344MiB
iter    675 | loss 2.8170 | lr 2.03e-04 | grad_norm 2.231 | tok/s 20,150 | data_time_frac 20.5% | peak_vram 2344MiB
iter    700 | loss 2.8582 | lr 2.10e-04 | grad_norm 2.012 | tok/s 19,967 | data_time_frac 21.5% | peak_vram 2344MiB
iter    725 | loss 2.8255 | lr 2.18e-04 | grad_norm 1.956 | tok/s 19,874 | data_time_frac 22.0% | peak_vram 2344MiB
iter    750 | loss 2.6649 | lr 2.25e-04 | grad_norm 1.638 | tok/s 19,664 | data_time_frac 21.5% | peak_vram 2344MiB
iter    775 | loss 2.7300 | lr 2.33e-04 | grad_norm 1.639 | tok/s 19,560 | data_time_frac 20.9% | peak_vram 2344MiB
iter    800 | loss 2.6655 | lr 2.40e-04 | grad_norm 1.587 | tok/s 10,296 | data_time_frac 10.8% | peak_vram 2344MiB
iter    825 | loss 2.6061 | lr 2.48e-04 | grad_norm 1.568 | tok/s 9,085 | data_time_frac 9.5% | peak_vram 2344MiB
iter    850 | loss 2.6470 | lr 2.55e-04 | grad_norm 1.727 | tok/s 9,137 | data_time_frac 9.6% | peak_vram 2344MiB
iter    875 | loss 2.4962 | lr 2.63e-04 | grad_norm 1.711 | tok/s 9,194 | data_time_frac 9.8% | peak_vram 2344MiB
iter    900 | loss 2.4458 | lr 2.70e-04 | grad_norm 1.498 | tok/s 9,252 | data_time_frac 9.9% | peak_vram 2344MiB
iter    925 | loss 2.4646 | lr 2.78e-04 | grad_norm 1.658 | tok/s 9,304 | data_time_frac 10.1% | peak_vram 2344MiB
iter    950 | loss 2.3684 | lr 2.85e-04 | grad_norm 1.677 | tok/s 9,347 | data_time_frac 10.2% | peak_vram 2344MiB
iter    975 | loss 2.4864 | lr 2.93e-04 | grad_norm 1.444 | tok/s 9,396 | data_time_frac 10.3% | peak_vram 2344MiB
iter   1000 | loss 2.4218 | lr 3.00e-04 | grad_norm 1.463 | tok/s 9,446 | data_time_frac 10.5% | peak_vram 2344MiB
  eval @ iter 1000: train 2.3838  val 2.4102
  new best val_loss 2.4102 — saved checkpoints\ablation_004_seed_43\best.pt
iter   1025 | loss 2.3607 | lr 3.00e-04 | grad_norm 1.290 | tok/s 9,432 | data_time_frac 10.6% | peak_vram 2344MiB
iter   1050 | loss 2.3802 | lr 3.00e-04 | grad_norm 1.383 | tok/s 9,411 | data_time_frac 10.5% | peak_vram 2344MiB
iter   1075 | loss 2.3560 | lr 3.00e-04 | grad_norm 1.280 | tok/s 9,384 | data_time_frac 10.6% | peak_vram 2344MiB
iter   1100 | loss 2.2228 | lr 3.00e-04 | grad_norm 1.148 | tok/s 9,376 | data_time_frac 10.5% | peak_vram 2344MiB
iter   1125 | loss 2.2895 | lr 3.00e-04 | grad_norm 1.138 | tok/s 9,362 | data_time_frac 10.5% | peak_vram 2344MiB
iter   1150 | loss 2.2662 | lr 3.00e-04 | grad_norm 1.303 | tok/s 9,363 | data_time_frac 10.5% | peak_vram 2344MiB
iter   1175 | loss 2.2054 | lr 3.00e-04 | grad_norm 1.085 | tok/s 9,377 | data_time_frac 10.5% | peak_vram 2344MiB
iter   1200 | loss 2.2714 | lr 2.99e-04 | grad_norm 1.183 | tok/s 9,395 | data_time_frac 10.5% | peak_vram 2344MiB
iter   1225 | loss 2.1438 | lr 2.99e-04 | grad_norm 1.059 | tok/s 9,286 | data_time_frac 10.3% | peak_vram 2344MiB
iter   1250 | loss 2.1512 | lr 2.99e-04 | grad_norm 1.136 | tok/s 9,218 | data_time_frac 10.0% | peak_vram 2344MiB
iter   1275 | loss 2.1734 | lr 2.99e-04 | grad_norm 1.014 | tok/s 9,252 | data_time_frac 10.0% | peak_vram 2344MiB
iter   1300 | loss 2.1662 | lr 2.99e-04 | grad_norm 1.119 | tok/s 9,288 | data_time_frac 10.1% | peak_vram 2344MiB
iter   1325 | loss 2.1039 | lr 2.99e-04 | grad_norm 1.013 | tok/s 9,327 | data_time_frac 10.2% | peak_vram 2344MiB
iter   1350 | loss 2.1824 | lr 2.98e-04 | grad_norm 0.973 | tok/s 9,361 | data_time_frac 10.2% | peak_vram 2344MiB
iter   1375 | loss 2.1233 | lr 2.98e-04 | grad_norm 0.979 | tok/s 9,396 | data_time_frac 10.3% | peak_vram 2344MiB
iter   1400 | loss 2.1735 | lr 2.98e-04 | grad_norm 1.077 | tok/s 9,426 | data_time_frac 10.4% | peak_vram 2344MiB
iter   1425 | loss 2.1134 | lr 2.98e-04 | grad_norm 0.922 | tok/s 9,462 | data_time_frac 10.5% | peak_vram 2344MiB
iter   1450 | loss 2.0770 | lr 2.97e-04 | grad_norm 0.972 | tok/s 9,496 | data_time_frac 10.6% | peak_vram 2344MiB
iter   1475 | loss 1.9692 | lr 2.97e-04 | grad_norm 1.044 | tok/s 9,204 | data_time_frac 10.3% | peak_vram 2344MiB
iter   1500 | loss 1.9611 | lr 2.97e-04 | grad_norm 0.936 | tok/s 8,874 | data_time_frac 9.7% | peak_vram 2344MiB
  eval @ iter 1500: train 2.0637  val 2.0742
  new best val_loss 2.0742 — saved checkpoints\ablation_004_seed_43\best.pt
iter   1525 | loss 2.0357 | lr 2.96e-04 | grad_norm 0.951 | tok/s 8,875 | data_time_frac 9.7% | peak_vram 2344MiB
iter   1550 | loss 2.0061 | lr 2.96e-04 | grad_norm 0.895 | tok/s 8,675 | data_time_frac 9.4% | peak_vram 2344MiB
iter   1575 | loss 2.0715 | lr 2.96e-04 | grad_norm 0.846 | tok/s 8,752 | data_time_frac 9.4% | peak_vram 2344MiB
iter   1600 | loss 2.0153 | lr 2.95e-04 | grad_norm 0.910 | tok/s 8,821 | data_time_frac 9.6% | peak_vram 2344MiB
iter   1625 | loss 2.0102 | lr 2.95e-04 | grad_norm 0.916 | tok/s 8,873 | data_time_frac 10.0% | peak_vram 2344MiB
iter   1650 | loss 2.0101 | lr 2.94e-04 | grad_norm 0.833 | tok/s 8,927 | data_time_frac 10.3% | peak_vram 2344MiB
iter   1675 | loss 2.0208 | lr 2.94e-04 | grad_norm 0.910 | tok/s 8,989 | data_time_frac 10.6% | peak_vram 2344MiB
iter   1700 | loss 1.9750 | lr 2.93e-04 | grad_norm 0.804 | tok/s 9,051 | data_time_frac 10.8% | peak_vram 2344MiB
iter   1725 | loss 1.9368 | lr 2.93e-04 | grad_norm 0.860 | tok/s 9,121 | data_time_frac 10.9% | peak_vram 2344MiB
iter   1750 | loss 1.9691 | lr 2.92e-04 | grad_norm 0.837 | tok/s 9,196 | data_time_frac 11.0% | peak_vram 2344MiB
iter   1775 | loss 1.9435 | lr 2.92e-04 | grad_norm 0.792 | tok/s 9,268 | data_time_frac 11.0% | peak_vram 2344MiB
iter   1800 | loss 1.9467 | lr 2.91e-04 | grad_norm 0.828 | tok/s 9,338 | data_time_frac 11.1% | peak_vram 2344MiB
iter   1825 | loss 1.9083 | lr 2.91e-04 | grad_norm 0.799 | tok/s 9,409 | data_time_frac 11.2% | peak_vram 2344MiB
iter   1850 | loss 1.8990 | lr 2.90e-04 | grad_norm 0.851 | tok/s 9,490 | data_time_frac 11.2% | peak_vram 2344MiB
iter   1875 | loss 1.8760 | lr 2.90e-04 | grad_norm 0.799 | tok/s 9,570 | data_time_frac 11.1% | peak_vram 2344MiB
iter   1900 | loss 1.9212 | lr 2.89e-04 | grad_norm 0.755 | tok/s 9,649 | data_time_frac 11.1% | peak_vram 2344MiB
iter   1925 | loss 1.9113 | lr 2.89e-04 | grad_norm 0.800 | tok/s 9,726 | data_time_frac 11.0% | peak_vram 2344MiB
iter   1950 | loss 1.9302 | lr 2.88e-04 | grad_norm 0.854 | tok/s 9,795 | data_time_frac 11.0% | peak_vram 2344MiB
iter   1975 | loss 1.9290 | lr 2.87e-04 | grad_norm 0.792 | tok/s 9,860 | data_time_frac 10.9% | peak_vram 2344MiB
iter   2000 | loss 1.9036 | lr 2.87e-04 | grad_norm 0.913 | tok/s 9,927 | data_time_frac 10.9% | peak_vram 2344MiB
  eval @ iter 2000: train 1.9278  val 1.9137
  new best val_loss 1.9137 — saved checkpoints\ablation_004_seed_43\best.pt
iter   2025 | loss 1.9943 | lr 2.86e-04 | grad_norm 0.755 | tok/s 9,986 | data_time_frac 10.9% | peak_vram 2344MiB
iter   2050 | loss 1.8551 | lr 2.85e-04 | grad_norm 0.760 | tok/s 10,055 | data_time_frac 10.9% | peak_vram 2344MiB
iter   2075 | loss 1.9469 | lr 2.85e-04 | grad_norm 0.742 | tok/s 10,124 | data_time_frac 10.9% | peak_vram 2344MiB
iter   2100 | loss 1.8585 | lr 2.84e-04 | grad_norm 0.796 | tok/s 10,189 | data_time_frac 10.9% | peak_vram 2344MiB
iter   2125 | loss 2.0008 | lr 2.83e-04 | grad_norm 0.796 | tok/s 10,251 | data_time_frac 11.0% | peak_vram 2344MiB
iter   2150 | loss 1.8691 | lr 2.82e-04 | grad_norm 0.688 | tok/s 10,315 | data_time_frac 11.0% | peak_vram 2344MiB
iter   2175 | loss 1.9111 | lr 2.82e-04 | grad_norm 0.799 | tok/s 10,381 | data_time_frac 11.0% | peak_vram 2344MiB
iter   2200 | loss 1.9151 | lr 2.81e-04 | grad_norm 0.729 | tok/s 10,435 | data_time_frac 11.1% | peak_vram 2344MiB
iter   2225 | loss 1.9103 | lr 2.80e-04 | grad_norm 0.811 | tok/s 10,487 | data_time_frac 11.1% | peak_vram 2344MiB
iter   2250 | loss 1.9652 | lr 2.79e-04 | grad_norm 0.739 | tok/s 10,532 | data_time_frac 11.2% | peak_vram 2344MiB
iter   2275 | loss 1.8596 | lr 2.78e-04 | grad_norm 0.677 | tok/s 10,576 | data_time_frac 11.3% | peak_vram 2344MiB
iter   2300 | loss 1.8596 | lr 2.78e-04 | grad_norm 0.714 | tok/s 10,621 | data_time_frac 11.4% | peak_vram 2344MiB
iter   2325 | loss 1.8035 | lr 2.77e-04 | grad_norm 0.723 | tok/s 10,665 | data_time_frac 11.4% | peak_vram 2344MiB
iter   2350 | loss 1.8882 | lr 2.76e-04 | grad_norm 0.741 | tok/s 10,722 | data_time_frac 11.4% | peak_vram 2344MiB
iter   2375 | loss 1.7583 | lr 2.75e-04 | grad_norm 0.685 | tok/s 10,780 | data_time_frac 11.5% | peak_vram 2344MiB
iter   2400 | loss 1.8328 | lr 2.74e-04 | grad_norm 0.693 | tok/s 10,834 | data_time_frac 11.5% | peak_vram 2344MiB
iter   2425 | loss 1.8035 | lr 2.73e-04 | grad_norm 0.730 | tok/s 10,882 | data_time_frac 11.6% | peak_vram 2344MiB
iter   2450 | loss 1.8158 | lr 2.72e-04 | grad_norm 0.684 | tok/s 10,925 | data_time_frac 11.8% | peak_vram 2344MiB
iter   2475 | loss 1.7950 | lr 2.71e-04 | grad_norm 0.699 | tok/s 10,967 | data_time_frac 11.9% | peak_vram 2344MiB
iter   2500 | loss 1.8383 | lr 2.71e-04 | grad_norm 0.717 | tok/s 11,008 | data_time_frac 12.1% | peak_vram 2344MiB
  eval @ iter 2500: train 1.7984  val 1.8485
  new best val_loss 1.8485 — saved checkpoints\ablation_004_seed_43\best.pt
iter   2525 | loss 1.8688 | lr 2.70e-04 | grad_norm 0.670 | tok/s 11,040 | data_time_frac 12.2% | peak_vram 2344MiB
iter   2550 | loss 1.8174 | lr 2.69e-04 | grad_norm 0.720 | tok/s 11,088 | data_time_frac 12.3% | peak_vram 2344MiB
iter   2575 | loss 1.7834 | lr 2.68e-04 | grad_norm 0.706 | tok/s 11,133 | data_time_frac 12.4% | peak_vram 2344MiB
iter   2600 | loss 1.8465 | lr 2.67e-04 | grad_norm 0.731 | tok/s 11,179 | data_time_frac 12.5% | peak_vram 2344MiB
iter   2625 | loss 1.8642 | lr 2.66e-04 | grad_norm 0.666 | tok/s 11,230 | data_time_frac 12.6% | peak_vram 2344MiB
iter   2650 | loss 1.7519 | lr 2.65e-04 | grad_norm 0.705 | tok/s 11,289 | data_time_frac 12.5% | peak_vram 2344MiB
iter   2675 | loss 1.7927 | lr 2.64e-04 | grad_norm 0.658 | tok/s 11,348 | data_time_frac 12.5% | peak_vram 2344MiB
iter   2700 | loss 1.8501 | lr 2.63e-04 | grad_norm 0.667 | tok/s 11,406 | data_time_frac 12.5% | peak_vram 2344MiB
iter   2725 | loss 1.8175 | lr 2.62e-04 | grad_norm 0.757 | tok/s 11,464 | data_time_frac 12.4% | peak_vram 2344MiB
iter   2750 | loss 1.7963 | lr 2.60e-04 | grad_norm 0.639 | tok/s 11,513 | data_time_frac 12.4% | peak_vram 2344MiB
iter   2775 | loss 1.8110 | lr 2.59e-04 | grad_norm 0.706 | tok/s 11,558 | data_time_frac 12.3% | peak_vram 2344MiB
iter   2800 | loss 1.7585 | lr 2.58e-04 | grad_norm 0.667 | tok/s 11,605 | data_time_frac 12.3% | peak_vram 2344MiB
iter   2825 | loss 1.7749 | lr 2.57e-04 | grad_norm 0.674 | tok/s 11,651 | data_time_frac 12.2% | peak_vram 2344MiB
iter   2850 | loss 1.7596 | lr 2.56e-04 | grad_norm 0.676 | tok/s 11,695 | data_time_frac 12.2% | peak_vram 2344MiB
iter   2875 | loss 1.7590 | lr 2.55e-04 | grad_norm 0.669 | tok/s 11,741 | data_time_frac 12.1% | peak_vram 2344MiB
iter   2900 | loss 1.7358 | lr 2.54e-04 | grad_norm 0.622 | tok/s 11,786 | data_time_frac 12.1% | peak_vram 2344MiB
iter   2925 | loss 1.7321 | lr 2.53e-04 | grad_norm 0.649 | tok/s 11,831 | data_time_frac 12.0% | peak_vram 2344MiB
iter   2950 | loss 1.7954 | lr 2.52e-04 | grad_norm 0.677 | tok/s 11,875 | data_time_frac 12.0% | peak_vram 2344MiB
iter   2975 | loss 1.8277 | lr 2.50e-04 | grad_norm 0.663 | tok/s 11,920 | data_time_frac 12.0% | peak_vram 2344MiB
iter   3000 | loss 1.7113 | lr 2.49e-04 | grad_norm 0.622 | tok/s 11,962 | data_time_frac 12.0% | peak_vram 2344MiB
  eval @ iter 3000: train 1.7534  val 1.7584
  new best val_loss 1.7584 — saved checkpoints\ablation_004_seed_43\best.pt
iter   3025 | loss 1.7209 | lr 2.48e-04 | grad_norm 0.715 | tok/s 11,990 | data_time_frac 12.1% | peak_vram 2344MiB
iter   3050 | loss 1.7103 | lr 2.47e-04 | grad_norm 0.673 | tok/s 12,031 | data_time_frac 12.1% | peak_vram 2344MiB
iter   3075 | loss 1.7673 | lr 2.46e-04 | grad_norm 0.606 | tok/s 12,069 | data_time_frac 12.1% | peak_vram 2344MiB
iter   3100 | loss 1.6948 | lr 2.44e-04 | grad_norm 0.648 | tok/s 12,102 | data_time_frac 12.2% | peak_vram 2344MiB
iter   3125 | loss 1.7104 | lr 2.43e-04 | grad_norm 0.697 | tok/s 12,134 | data_time_frac 12.2% | peak_vram 2344MiB
iter   3150 | loss 1.7737 | lr 2.42e-04 | grad_norm 0.656 | tok/s 12,162 | data_time_frac 12.3% | peak_vram 2344MiB
iter   3175 | loss 1.7845 | lr 2.41e-04 | grad_norm 0.646 | tok/s 12,186 | data_time_frac 12.4% | peak_vram 2344MiB
iter   3200 | loss 1.7566 | lr 2.39e-04 | grad_norm 0.659 | tok/s 12,209 | data_time_frac 12.5% | peak_vram 2344MiB
iter   3225 | loss 1.6902 | lr 2.38e-04 | grad_norm 0.657 | tok/s 12,232 | data_time_frac 12.6% | peak_vram 2344MiB
iter   3250 | loss 1.7520 | lr 2.37e-04 | grad_norm 0.636 | tok/s 12,264 | data_time_frac 12.6% | peak_vram 2344MiB
iter   3275 | loss 1.7049 | lr 2.36e-04 | grad_norm 0.619 | tok/s 12,304 | data_time_frac 12.5% | peak_vram 2344MiB
iter   3300 | loss 1.7641 | lr 2.34e-04 | grad_norm 0.647 | tok/s 12,343 | data_time_frac 12.5% | peak_vram 2344MiB
iter   3325 | loss 1.7883 | lr 2.33e-04 | grad_norm 0.665 | tok/s 12,382 | data_time_frac 12.4% | peak_vram 2344MiB
iter   3350 | loss 1.7313 | lr 2.32e-04 | grad_norm 0.646 | tok/s 12,419 | data_time_frac 12.4% | peak_vram 2344MiB
iter   3375 | loss 1.7646 | lr 2.30e-04 | grad_norm 0.613 | tok/s 12,457 | data_time_frac 12.3% | peak_vram 2344MiB
iter   3400 | loss 1.6522 | lr 2.29e-04 | grad_norm 0.635 | tok/s 12,495 | data_time_frac 12.3% | peak_vram 2344MiB
iter   3425 | loss 1.7512 | lr 2.28e-04 | grad_norm 0.627 | tok/s 12,536 | data_time_frac 12.3% | peak_vram 2344MiB
iter   3450 | loss 1.7883 | lr 2.26e-04 | grad_norm 0.612 | tok/s 12,582 | data_time_frac 12.2% | peak_vram 2344MiB
iter   3475 | loss 1.8422 | lr 2.25e-04 | grad_norm 0.650 | tok/s 12,627 | data_time_frac 12.2% | peak_vram 2344MiB
iter   3500 | loss 1.6909 | lr 2.24e-04 | grad_norm 0.616 | tok/s 12,673 | data_time_frac 12.2% | peak_vram 2344MiB
  eval @ iter 3500: train 1.7105  val 1.7483
  new best val_loss 1.7483 — saved checkpoints\ablation_004_seed_43\best.pt
iter   3525 | loss 1.6815 | lr 2.22e-04 | grad_norm 0.615 | tok/s 12,707 | data_time_frac 12.2% | peak_vram 2344MiB
iter   3550 | loss 1.6935 | lr 2.21e-04 | grad_norm 0.631 | tok/s 12,751 | data_time_frac 12.1% | peak_vram 2344MiB
iter   3575 | loss 1.6854 | lr 2.19e-04 | grad_norm 0.611 | tok/s 12,795 | data_time_frac 12.1% | peak_vram 2344MiB
iter   3600 | loss 1.6925 | lr 2.18e-04 | grad_norm 0.613 | tok/s 12,840 | data_time_frac 12.1% | peak_vram 2344MiB
iter   3625 | loss 1.6474 | lr 2.17e-04 | grad_norm 0.647 | tok/s 12,883 | data_time_frac 12.1% | peak_vram 2344MiB
iter   3650 | loss 1.6888 | lr 2.15e-04 | grad_norm 0.596 | tok/s 12,927 | data_time_frac 12.0% | peak_vram 2344MiB
iter   3675 | loss 1.7123 | lr 2.14e-04 | grad_norm 0.622 | tok/s 12,970 | data_time_frac 12.0% | peak_vram 2344MiB
iter   3700 | loss 1.7039 | lr 2.12e-04 | grad_norm 0.624 | tok/s 13,014 | data_time_frac 12.0% | peak_vram 2344MiB
iter   3725 | loss 1.6913 | lr 2.11e-04 | grad_norm 0.619 | tok/s 13,055 | data_time_frac 11.9% | peak_vram 2344MiB
iter   3750 | loss 1.6719 | lr 2.10e-04 | grad_norm 0.614 | tok/s 13,098 | data_time_frac 11.9% | peak_vram 2344MiB
iter   3775 | loss 1.6439 | lr 2.08e-04 | grad_norm 0.607 | tok/s 13,136 | data_time_frac 11.9% | peak_vram 2344MiB
iter   3800 | loss 1.7683 | lr 2.07e-04 | grad_norm 0.607 | tok/s 13,170 | data_time_frac 11.8% | peak_vram 2344MiB
iter   3825 | loss 1.6724 | lr 2.05e-04 | grad_norm 0.613 | tok/s 13,204 | data_time_frac 11.8% | peak_vram 2344MiB
iter   3850 | loss 1.7410 | lr 2.04e-04 | grad_norm 0.609 | tok/s 13,239 | data_time_frac 11.7% | peak_vram 2344MiB
iter   3875 | loss 1.6245 | lr 2.02e-04 | grad_norm 0.607 | tok/s 13,273 | data_time_frac 11.7% | peak_vram 2344MiB
iter   3900 | loss 1.6127 | lr 2.01e-04 | grad_norm 0.590 | tok/s 13,306 | data_time_frac 11.7% | peak_vram 2344MiB
iter   3925 | loss 1.6670 | lr 1.99e-04 | grad_norm 0.609 | tok/s 13,338 | data_time_frac 11.6% | peak_vram 2344MiB
iter   3950 | loss 1.5994 | lr 1.98e-04 | grad_norm 0.628 | tok/s 13,370 | data_time_frac 11.6% | peak_vram 2344MiB
iter   3975 | loss 1.6718 | lr 1.97e-04 | grad_norm 0.631 | tok/s 13,401 | data_time_frac 11.5% | peak_vram 2344MiB
iter   4000 | loss 1.7010 | lr 1.95e-04 | grad_norm 0.622 | tok/s 13,431 | data_time_frac 11.5% | peak_vram 2344MiB
  eval @ iter 4000: train 1.6514  val 1.6629
  new best val_loss 1.6629 — saved checkpoints\ablation_004_seed_43\best.pt
iter   4025 | loss 1.6883 | lr 1.94e-04 | grad_norm 0.593 | tok/s 13,436 | data_time_frac 11.6% | peak_vram 2344MiB
iter   4050 | loss 1.6158 | lr 1.92e-04 | grad_norm 0.612 | tok/s 13,458 | data_time_frac 11.6% | peak_vram 2344MiB
iter   4075 | loss 1.6753 | lr 1.91e-04 | grad_norm 0.609 | tok/s 13,487 | data_time_frac 11.5% | peak_vram 2344MiB
iter   4100 | loss 1.6626 | lr 1.89e-04 | grad_norm 0.602 | tok/s 13,516 | data_time_frac 11.5% | peak_vram 2344MiB
iter   4125 | loss 1.7257 | lr 1.88e-04 | grad_norm 0.592 | tok/s 13,545 | data_time_frac 11.5% | peak_vram 2344MiB
iter   4150 | loss 1.6389 | lr 1.86e-04 | grad_norm 0.606 | tok/s 13,575 | data_time_frac 11.4% | peak_vram 2344MiB
iter   4175 | loss 1.6034 | lr 1.85e-04 | grad_norm 0.597 | tok/s 13,604 | data_time_frac 11.4% | peak_vram 2344MiB
iter   4200 | loss 1.6507 | lr 1.83e-04 | grad_norm 0.620 | tok/s 13,632 | data_time_frac 11.3% | peak_vram 2344MiB
iter   4225 | loss 1.6991 | lr 1.82e-04 | grad_norm 0.605 | tok/s 13,661 | data_time_frac 11.3% | peak_vram 2344MiB
iter   4250 | loss 1.6256 | lr 1.80e-04 | grad_norm 0.614 | tok/s 13,690 | data_time_frac 11.3% | peak_vram 2344MiB
iter   4275 | loss 1.6497 | lr 1.79e-04 | grad_norm 0.622 | tok/s 13,718 | data_time_frac 11.2% | peak_vram 2344MiB
iter   4300 | loss 1.6166 | lr 1.77e-04 | grad_norm 0.613 | tok/s 13,746 | data_time_frac 11.2% | peak_vram 2344MiB
iter   4325 | loss 1.5743 | lr 1.76e-04 | grad_norm 0.594 | tok/s 13,773 | data_time_frac 11.2% | peak_vram 2344MiB
iter   4350 | loss 1.6319 | lr 1.74e-04 | grad_norm 0.614 | tok/s 13,800 | data_time_frac 11.1% | peak_vram 2344MiB
iter   4375 | loss 1.6676 | lr 1.73e-04 | grad_norm 0.628 | tok/s 13,826 | data_time_frac 11.1% | peak_vram 2344MiB
iter   4400 | loss 1.6128 | lr 1.71e-04 | grad_norm 0.628 | tok/s 13,857 | data_time_frac 11.1% | peak_vram 2344MiB
iter   4425 | loss 1.5891 | lr 1.70e-04 | grad_norm 0.584 | tok/s 13,892 | data_time_frac 11.0% | peak_vram 2344MiB
iter   4450 | loss 1.6627 | lr 1.68e-04 | grad_norm 0.627 | tok/s 13,926 | data_time_frac 11.0% | peak_vram 2344MiB
iter   4475 | loss 1.7651 | lr 1.67e-04 | grad_norm 0.611 | tok/s 13,958 | data_time_frac 11.0% | peak_vram 2344MiB
iter   4500 | loss 1.6145 | lr 1.65e-04 | grad_norm 0.617 | tok/s 13,993 | data_time_frac 11.0% | peak_vram 2344MiB
  eval @ iter 4500: train 1.6614  val 1.6476
  new best val_loss 1.6476 — saved checkpoints\ablation_004_seed_43\best.pt
iter   4525 | loss 1.6608 | lr 1.63e-04 | grad_norm 0.632 | tok/s 14,018 | data_time_frac 10.9% | peak_vram 2344MiB
iter   4550 | loss 1.6483 | lr 1.62e-04 | grad_norm 0.608 | tok/s 14,052 | data_time_frac 10.9% | peak_vram 2344MiB
iter   4575 | loss 1.6430 | lr 1.60e-04 | grad_norm 0.609 | tok/s 14,087 | data_time_frac 10.9% | peak_vram 2344MiB
iter   4600 | loss 1.5569 | lr 1.59e-04 | grad_norm 0.600 | tok/s 14,121 | data_time_frac 10.9% | peak_vram 2344MiB
iter   4625 | loss 1.6737 | lr 1.57e-04 | grad_norm 0.607 | tok/s 14,155 | data_time_frac 10.8% | peak_vram 2344MiB
iter   4650 | loss 1.5642 | lr 1.56e-04 | grad_norm 0.602 | tok/s 14,189 | data_time_frac 10.8% | peak_vram 2344MiB
iter   4675 | loss 1.6199 | lr 1.54e-04 | grad_norm 0.628 | tok/s 14,222 | data_time_frac 10.8% | peak_vram 2344MiB
iter   4700 | loss 1.6422 | lr 1.53e-04 | grad_norm 0.623 | tok/s 14,256 | data_time_frac 10.8% | peak_vram 2344MiB
iter   4725 | loss 1.4756 | lr 1.51e-04 | grad_norm 0.613 | tok/s 14,290 | data_time_frac 10.8% | peak_vram 2344MiB
iter   4750 | loss 1.5962 | lr 1.50e-04 | grad_norm 0.583 | tok/s 14,323 | data_time_frac 10.7% | peak_vram 2344MiB
iter   4775 | loss 1.6155 | lr 1.48e-04 | grad_norm 0.582 | tok/s 14,356 | data_time_frac 10.7% | peak_vram 2344MiB
iter   4800 | loss 1.6469 | lr 1.47e-04 | grad_norm 0.613 | tok/s 14,389 | data_time_frac 10.7% | peak_vram 2344MiB
iter   4825 | loss 1.7125 | lr 1.45e-04 | grad_norm 0.670 | tok/s 14,422 | data_time_frac 10.7% | peak_vram 2344MiB
iter   4850 | loss 1.7239 | lr 1.44e-04 | grad_norm 0.612 | tok/s 14,454 | data_time_frac 10.6% | peak_vram 2344MiB
iter   4875 | loss 1.6406 | lr 1.42e-04 | grad_norm 0.608 | tok/s 14,487 | data_time_frac 10.6% | peak_vram 2344MiB
iter   4900 | loss 1.6211 | lr 1.41e-04 | grad_norm 0.591 | tok/s 14,519 | data_time_frac 10.6% | peak_vram 2344MiB
iter   4925 | loss 1.6451 | lr 1.39e-04 | grad_norm 0.591 | tok/s 14,551 | data_time_frac 10.6% | peak_vram 2344MiB
iter   4950 | loss 1.6871 | lr 1.38e-04 | grad_norm 0.605 | tok/s 14,583 | data_time_frac 10.5% | peak_vram 2344MiB
iter   4975 | loss 1.5841 | lr 1.36e-04 | grad_norm 0.594 | tok/s 14,615 | data_time_frac 10.5% | peak_vram 2344MiB
iter   5000 | loss 1.6052 | lr 1.35e-04 | grad_norm 0.591 | tok/s 14,647 | data_time_frac 10.5% | peak_vram 2344MiB
  eval @ iter 5000: train 1.6040  val 1.6442
  new best val_loss 1.6442 — saved checkpoints\ablation_004_seed_43\best.pt
iter   5025 | loss 1.6093 | lr 1.33e-04 | grad_norm 0.570 | tok/s 14,669 | data_time_frac 10.5% | peak_vram 2344MiB
iter   5050 | loss 1.6019 | lr 1.32e-04 | grad_norm 0.601 | tok/s 14,700 | data_time_frac 10.4% | peak_vram 2344MiB
iter   5075 | loss 1.5675 | lr 1.31e-04 | grad_norm 0.617 | tok/s 14,731 | data_time_frac 10.4% | peak_vram 2344MiB
iter   5100 | loss 1.5982 | lr 1.29e-04 | grad_norm 0.580 | tok/s 14,762 | data_time_frac 10.4% | peak_vram 2344MiB
iter   5125 | loss 1.5160 | lr 1.28e-04 | grad_norm 0.613 | tok/s 14,793 | data_time_frac 10.4% | peak_vram 2344MiB
iter   5150 | loss 1.5648 | lr 1.26e-04 | grad_norm 0.597 | tok/s 14,823 | data_time_frac 10.3% | peak_vram 2344MiB
iter   5175 | loss 1.5591 | lr 1.25e-04 | grad_norm 0.601 | tok/s 14,853 | data_time_frac 10.3% | peak_vram 2344MiB
iter   5200 | loss 1.5765 | lr 1.23e-04 | grad_norm 0.645 | tok/s 14,882 | data_time_frac 10.3% | peak_vram 2344MiB
iter   5225 | loss 1.5899 | lr 1.22e-04 | grad_norm 0.658 | tok/s 14,912 | data_time_frac 10.3% | peak_vram 2344MiB
iter   5250 | loss 1.5269 | lr 1.20e-04 | grad_norm 0.582 | tok/s 14,942 | data_time_frac 10.2% | peak_vram 2344MiB
iter   5275 | loss 1.5014 | lr 1.19e-04 | grad_norm 0.605 | tok/s 14,972 | data_time_frac 10.2% | peak_vram 2344MiB
iter   5300 | loss 1.5506 | lr 1.18e-04 | grad_norm 0.599 | tok/s 15,001 | data_time_frac 10.2% | peak_vram 2344MiB
iter   5325 | loss 1.6032 | lr 1.16e-04 | grad_norm 0.587 | tok/s 15,031 | data_time_frac 10.2% | peak_vram 2344MiB
iter   5350 | loss 1.5725 | lr 1.15e-04 | grad_norm 0.603 | tok/s 15,060 | data_time_frac 10.1% | peak_vram 2344MiB
iter   5375 | loss 1.5595 | lr 1.13e-04 | grad_norm 0.579 | tok/s 15,090 | data_time_frac 10.1% | peak_vram 2344MiB
iter   5400 | loss 1.5465 | lr 1.12e-04 | grad_norm 0.596 | tok/s 15,119 | data_time_frac 10.1% | peak_vram 2344MiB
iter   5425 | loss 1.6087 | lr 1.11e-04 | grad_norm 0.589 | tok/s 15,148 | data_time_frac 10.1% | peak_vram 2344MiB
iter   5450 | loss 1.5851 | lr 1.09e-04 | grad_norm 0.595 | tok/s 15,176 | data_time_frac 10.0% | peak_vram 2344MiB
iter   5475 | loss 1.5780 | lr 1.08e-04 | grad_norm 0.624 | tok/s 15,205 | data_time_frac 10.0% | peak_vram 2344MiB
iter   5500 | loss 1.5593 | lr 1.06e-04 | grad_norm 0.599 | tok/s 15,233 | data_time_frac 10.0% | peak_vram 2344MiB
  eval @ iter 5500: train 1.5594  val 1.5790
  new best val_loss 1.5790 — saved checkpoints\ablation_004_seed_43\best.pt
iter   5525 | loss 1.5281 | lr 1.05e-04 | grad_norm 0.626 | tok/s 15,253 | data_time_frac 10.0% | peak_vram 2344MiB
iter   5550 | loss 1.5161 | lr 1.04e-04 | grad_norm 0.646 | tok/s 15,281 | data_time_frac 9.9% | peak_vram 2344MiB
iter   5575 | loss 1.5928 | lr 1.02e-04 | grad_norm 0.598 | tok/s 15,310 | data_time_frac 9.9% | peak_vram 2344MiB
iter   5600 | loss 1.5535 | lr 1.01e-04 | grad_norm 0.609 | tok/s 15,338 | data_time_frac 9.9% | peak_vram 2344MiB
iter   5625 | loss 1.5476 | lr 9.97e-05 | grad_norm 0.596 | tok/s 15,365 | data_time_frac 9.9% | peak_vram 2344MiB
iter   5650 | loss 1.5742 | lr 9.84e-05 | grad_norm 0.597 | tok/s 15,393 | data_time_frac 9.8% | peak_vram 2344MiB
iter   5675 | loss 1.5851 | lr 9.71e-05 | grad_norm 0.590 | tok/s 15,421 | data_time_frac 9.8% | peak_vram 2344MiB
iter   5700 | loss 1.5736 | lr 9.58e-05 | grad_norm 0.613 | tok/s 15,446 | data_time_frac 9.8% | peak_vram 2344MiB
iter   5725 | loss 1.5409 | lr 9.45e-05 | grad_norm 0.602 | tok/s 15,470 | data_time_frac 9.8% | peak_vram 2344MiB
iter   5750 | loss 1.5558 | lr 9.32e-05 | grad_norm 0.585 | tok/s 15,497 | data_time_frac 9.8% | peak_vram 2344MiB
iter   5775 | loss 1.5678 | lr 9.19e-05 | grad_norm 0.597 | tok/s 15,523 | data_time_frac 9.7% | peak_vram 2344MiB
iter   5800 | loss 1.5189 | lr 9.06e-05 | grad_norm 0.607 | tok/s 15,550 | data_time_frac 9.7% | peak_vram 2344MiB
iter   5825 | loss 1.6411 | lr 8.94e-05 | grad_norm 0.589 | tok/s 15,576 | data_time_frac 9.7% | peak_vram 2344MiB
iter   5850 | loss 1.5920 | lr 8.81e-05 | grad_norm 0.601 | tok/s 15,602 | data_time_frac 9.7% | peak_vram 2344MiB
iter   5875 | loss 1.5941 | lr 8.69e-05 | grad_norm 0.619 | tok/s 15,629 | data_time_frac 9.7% | peak_vram 2344MiB
iter   5900 | loss 1.5726 | lr 8.56e-05 | grad_norm 0.593 | tok/s 15,655 | data_time_frac 9.7% | peak_vram 2344MiB
iter   5925 | loss 1.6137 | lr 8.44e-05 | grad_norm 0.609 | tok/s 15,680 | data_time_frac 9.6% | peak_vram 2344MiB
iter   5950 | loss 1.5370 | lr 8.32e-05 | grad_norm 0.603 | tok/s 15,706 | data_time_frac 9.6% | peak_vram 2344MiB
iter   5975 | loss 1.5975 | lr 8.20e-05 | grad_norm 0.618 | tok/s 15,732 | data_time_frac 9.6% | peak_vram 2344MiB
iter   6000 | loss 1.4943 | lr 8.08e-05 | grad_norm 0.609 | tok/s 15,757 | data_time_frac 9.6% | peak_vram 2344MiB
  eval @ iter 6000: train 1.5639  val 1.6111
iter   6025 | loss 1.5263 | lr 7.96e-05 | grad_norm 0.602 | tok/s 15,774 | data_time_frac 9.6% | peak_vram 2344MiB
iter   6050 | loss 1.5389 | lr 7.85e-05 | grad_norm 0.589 | tok/s 15,799 | data_time_frac 9.5% | peak_vram 2344MiB
iter   6075 | loss 1.5594 | lr 7.73e-05 | grad_norm 0.581 | tok/s 15,824 | data_time_frac 9.5% | peak_vram 2344MiB
iter   6100 | loss 1.5619 | lr 7.62e-05 | grad_norm 0.614 | tok/s 15,849 | data_time_frac 9.5% | peak_vram 2344MiB
iter   6125 | loss 1.4757 | lr 7.50e-05 | grad_norm 0.598 | tok/s 15,874 | data_time_frac 9.5% | peak_vram 2344MiB
iter   6150 | loss 1.5141 | lr 7.39e-05 | grad_norm 0.608 | tok/s 15,899 | data_time_frac 9.5% | peak_vram 2344MiB
iter   6175 | loss 1.5206 | lr 7.28e-05 | grad_norm 0.610 | tok/s 15,924 | data_time_frac 9.4% | peak_vram 2344MiB
iter   6200 | loss 1.6031 | lr 7.17e-05 | grad_norm 0.599 | tok/s 15,949 | data_time_frac 9.4% | peak_vram 2344MiB
iter   6225 | loss 1.6212 | lr 7.06e-05 | grad_norm 0.607 | tok/s 15,973 | data_time_frac 9.4% | peak_vram 2344MiB
iter   6250 | loss 1.4866 | lr 6.95e-05 | grad_norm 0.589 | tok/s 15,998 | data_time_frac 9.4% | peak_vram 2344MiB
iter   6275 | loss 1.5392 | lr 6.85e-05 | grad_norm 0.593 | tok/s 16,022 | data_time_frac 9.4% | peak_vram 2344MiB
iter   6300 | loss 1.5773 | lr 6.74e-05 | grad_norm 0.615 | tok/s 16,046 | data_time_frac 9.4% | peak_vram 2344MiB
iter   6325 | loss 1.5864 | lr 6.64e-05 | grad_norm 0.582 | tok/s 16,069 | data_time_frac 9.3% | peak_vram 2344MiB
iter   6350 | loss 1.5195 | lr 6.54e-05 | grad_norm 0.604 | tok/s 16,093 | data_time_frac 9.3% | peak_vram 2344MiB
iter   6375 | loss 1.4778 | lr 6.43e-05 | grad_norm 0.615 | tok/s 16,117 | data_time_frac 9.3% | peak_vram 2344MiB
iter   6400 | loss 1.5464 | lr 6.33e-05 | grad_norm 0.612 | tok/s 16,140 | data_time_frac 9.3% | peak_vram 2344MiB
iter   6425 | loss 1.5652 | lr 6.23e-05 | grad_norm 0.592 | tok/s 16,164 | data_time_frac 9.3% | peak_vram 2344MiB
iter   6450 | loss 1.5239 | lr 6.14e-05 | grad_norm 0.600 | tok/s 16,187 | data_time_frac 9.2% | peak_vram 2344MiB
iter   6475 | loss 1.5843 | lr 6.04e-05 | grad_norm 0.617 | tok/s 16,210 | data_time_frac 9.2% | peak_vram 2344MiB
iter   6500 | loss 1.4129 | lr 5.95e-05 | grad_norm 0.593 | tok/s 16,233 | data_time_frac 9.2% | peak_vram 2344MiB
  eval @ iter 6500: train 1.5247  val 1.5645
  new best val_loss 1.5645 — saved checkpoints\ablation_004_seed_43\best.pt
iter   6525 | loss 1.5379 | lr 5.85e-05 | grad_norm 0.609 | tok/s 16,248 | data_time_frac 9.2% | peak_vram 2344MiB
iter   6550 | loss 1.5252 | lr 5.76e-05 | grad_norm 0.605 | tok/s 16,271 | data_time_frac 9.2% | peak_vram 2344MiB
iter   6575 | loss 1.5197 | lr 5.67e-05 | grad_norm 0.617 | tok/s 16,294 | data_time_frac 9.1% | peak_vram 2344MiB
iter   6600 | loss 1.4614 | lr 5.58e-05 | grad_norm 0.581 | tok/s 16,317 | data_time_frac 9.1% | peak_vram 2344MiB
iter   6625 | loss 1.4995 | lr 5.49e-05 | grad_norm 0.606 | tok/s 16,339 | data_time_frac 9.1% | peak_vram 2344MiB
iter   6650 | loss 1.5801 | lr 5.40e-05 | grad_norm 0.599 | tok/s 16,362 | data_time_frac 9.1% | peak_vram 2344MiB
iter   6675 | loss 1.4945 | lr 5.32e-05 | grad_norm 0.593 | tok/s 16,385 | data_time_frac 9.1% | peak_vram 2344MiB
iter   6700 | loss 1.5622 | lr 5.23e-05 | grad_norm 0.597 | tok/s 16,407 | data_time_frac 9.0% | peak_vram 2344MiB
iter   6725 | loss 1.5108 | lr 5.15e-05 | grad_norm 0.597 | tok/s 16,429 | data_time_frac 9.0% | peak_vram 2344MiB
iter   6750 | loss 1.5138 | lr 5.07e-05 | grad_norm 0.600 | tok/s 16,452 | data_time_frac 9.0% | peak_vram 2344MiB
iter   6775 | loss 1.5141 | lr 4.99e-05 | grad_norm 0.604 | tok/s 16,474 | data_time_frac 9.0% | peak_vram 2344MiB
iter   6800 | loss 1.5689 | lr 4.91e-05 | grad_norm 0.634 | tok/s 16,496 | data_time_frac 9.0% | peak_vram 2344MiB
iter   6825 | loss 1.5074 | lr 4.83e-05 | grad_norm 0.597 | tok/s 16,518 | data_time_frac 9.0% | peak_vram 2344MiB
iter   6850 | loss 1.5246 | lr 4.76e-05 | grad_norm 0.606 | tok/s 16,540 | data_time_frac 8.9% | peak_vram 2344MiB
iter   6875 | loss 1.5670 | lr 4.68e-05 | grad_norm 0.592 | tok/s 16,561 | data_time_frac 8.9% | peak_vram 2344MiB
iter   6900 | loss 1.4621 | lr 4.61e-05 | grad_norm 0.579 | tok/s 16,583 | data_time_frac 8.9% | peak_vram 2344MiB
iter   6925 | loss 1.4950 | lr 4.54e-05 | grad_norm 0.609 | tok/s 16,604 | data_time_frac 8.9% | peak_vram 2344MiB
iter   6950 | loss 1.5351 | lr 4.47e-05 | grad_norm 0.608 | tok/s 16,626 | data_time_frac 8.9% | peak_vram 2344MiB
iter   6975 | loss 1.4761 | lr 4.40e-05 | grad_norm 0.596 | tok/s 16,647 | data_time_frac 8.8% | peak_vram 2344MiB
iter   7000 | loss 1.5729 | lr 4.34e-05 | grad_norm 0.608 | tok/s 16,669 | data_time_frac 8.8% | peak_vram 2344MiB
  eval @ iter 7000: train 1.5588  val 1.5530
  new best val_loss 1.5530 — saved checkpoints\ablation_004_seed_43\best.pt
iter   7025 | loss 1.4713 | lr 4.27e-05 | grad_norm 0.591 | tok/s 16,681 | data_time_frac 8.8% | peak_vram 2344MiB
iter   7050 | loss 1.5275 | lr 4.21e-05 | grad_norm 0.615 | tok/s 16,703 | data_time_frac 8.8% | peak_vram 2344MiB
iter   7075 | loss 1.5672 | lr 4.15e-05 | grad_norm 0.614 | tok/s 16,724 | data_time_frac 8.8% | peak_vram 2344MiB
iter   7100 | loss 1.4248 | lr 4.09e-05 | grad_norm 0.608 | tok/s 16,744 | data_time_frac 8.7% | peak_vram 2344MiB
iter   7125 | loss 1.5639 | lr 4.03e-05 | grad_norm 0.598 | tok/s 16,765 | data_time_frac 8.7% | peak_vram 2344MiB
iter   7150 | loss 1.4719 | lr 3.97e-05 | grad_norm 0.603 | tok/s 16,782 | data_time_frac 8.7% | peak_vram 2344MiB
iter   7175 | loss 1.5239 | lr 3.91e-05 | grad_norm 0.583 | tok/s 16,801 | data_time_frac 8.7% | peak_vram 2344MiB
iter   7200 | loss 1.5261 | lr 3.86e-05 | grad_norm 0.600 | tok/s 16,821 | data_time_frac 8.7% | peak_vram 2344MiB
iter   7225 | loss 1.4584 | lr 3.81e-05 | grad_norm 0.621 | tok/s 16,841 | data_time_frac 8.7% | peak_vram 2344MiB
iter   7250 | loss 1.5405 | lr 3.76e-05 | grad_norm 0.612 | tok/s 16,861 | data_time_frac 8.6% | peak_vram 2344MiB
iter   7275 | loss 1.5639 | lr 3.71e-05 | grad_norm 0.600 | tok/s 16,881 | data_time_frac 8.6% | peak_vram 2344MiB
iter   7300 | loss 1.5248 | lr 3.66e-05 | grad_norm 0.607 | tok/s 16,901 | data_time_frac 8.6% | peak_vram 2344MiB
iter   7325 | loss 1.5628 | lr 3.61e-05 | grad_norm 0.615 | tok/s 16,921 | data_time_frac 8.6% | peak_vram 2344MiB
iter   7350 | loss 1.5654 | lr 3.57e-05 | grad_norm 0.624 | tok/s 16,939 | data_time_frac 8.6% | peak_vram 2344MiB
iter   7375 | loss 1.5069 | lr 3.53e-05 | grad_norm 0.611 | tok/s 16,955 | data_time_frac 8.6% | peak_vram 2344MiB
iter   7400 | loss 1.5673 | lr 3.49e-05 | grad_norm 0.623 | tok/s 16,970 | data_time_frac 8.5% | peak_vram 2344MiB
iter   7425 | loss 1.4938 | lr 3.45e-05 | grad_norm 0.615 | tok/s 16,985 | data_time_frac 8.5% | peak_vram 2344MiB
iter   7450 | loss 1.5118 | lr 3.41e-05 | grad_norm 0.591 | tok/s 17,002 | data_time_frac 8.5% | peak_vram 2344MiB
iter   7475 | loss 1.5472 | lr 3.37e-05 | grad_norm 0.607 | tok/s 17,018 | data_time_frac 8.5% | peak_vram 2344MiB
iter   7500 | loss 1.4730 | lr 3.34e-05 | grad_norm 0.607 | tok/s 17,034 | data_time_frac 8.5% | peak_vram 2344MiB
  eval @ iter 7500: train 1.5234  val 1.5319
  new best val_loss 1.5319 — saved checkpoints\ablation_004_seed_43\best.pt
iter   7525 | loss 1.5445 | lr 3.31e-05 | grad_norm 0.599 | tok/s 17,041 | data_time_frac 8.5% | peak_vram 2344MiB
iter   7550 | loss 1.4686 | lr 3.27e-05 | grad_norm 0.609 | tok/s 17,057 | data_time_frac 8.4% | peak_vram 2344MiB
iter   7575 | loss 1.4962 | lr 3.24e-05 | grad_norm 0.627 | tok/s 17,073 | data_time_frac 8.4% | peak_vram 2344MiB
iter   7600 | loss 1.5547 | lr 3.22e-05 | grad_norm 0.623 | tok/s 17,089 | data_time_frac 8.4% | peak_vram 2344MiB
iter   7625 | loss 1.4927 | lr 3.19e-05 | grad_norm 0.615 | tok/s 17,105 | data_time_frac 8.4% | peak_vram 2344MiB
iter   7650 | loss 1.4778 | lr 3.17e-05 | grad_norm 0.604 | tok/s 17,121 | data_time_frac 8.4% | peak_vram 2344MiB
iter   7675 | loss 1.4768 | lr 3.14e-05 | grad_norm 0.605 | tok/s 17,137 | data_time_frac 8.4% | peak_vram 2344MiB
iter   7700 | loss 1.4552 | lr 3.12e-05 | grad_norm 0.617 | tok/s 17,153 | data_time_frac 8.3% | peak_vram 2344MiB
iter   7725 | loss 1.4695 | lr 3.10e-05 | grad_norm 0.617 | tok/s 17,168 | data_time_frac 8.3% | peak_vram 2344MiB
iter   7750 | loss 1.5026 | lr 3.08e-05 | grad_norm 0.606 | tok/s 17,184 | data_time_frac 8.3% | peak_vram 2344MiB
iter   7775 | loss 1.5147 | lr 3.07e-05 | grad_norm 0.608 | tok/s 17,200 | data_time_frac 8.3% | peak_vram 2344MiB
iter   7800 | loss 1.5188 | lr 3.05e-05 | grad_norm 0.614 | tok/s 17,215 | data_time_frac 8.3% | peak_vram 2344MiB
iter   7825 | loss 1.5479 | lr 3.04e-05 | grad_norm 0.645 | tok/s 17,230 | data_time_frac 8.3% | peak_vram 2344MiB
iter   7850 | loss 1.5703 | lr 3.03e-05 | grad_norm 0.612 | tok/s 17,245 | data_time_frac 8.2% | peak_vram 2344MiB
iter   7875 | loss 1.5012 | lr 3.02e-05 | grad_norm 0.615 | tok/s 17,260 | data_time_frac 8.2% | peak_vram 2344MiB
iter   7900 | loss 1.5798 | lr 3.01e-05 | grad_norm 0.656 | tok/s 17,274 | data_time_frac 8.2% | peak_vram 2344MiB
iter   7925 | loss 1.4652 | lr 3.01e-05 | grad_norm 0.614 | tok/s 17,290 | data_time_frac 8.2% | peak_vram 2344MiB
iter   7950 | loss 1.4770 | lr 3.00e-05 | grad_norm 0.638 | tok/s 17,294 | data_time_frac 8.2% | peak_vram 2344MiB
iter   7975 | loss 1.5016 | lr 3.00e-05 | grad_norm 0.623 | tok/s 17,276 | data_time_frac 8.1% | peak_vram 2344MiB
done. final checkpoint: checkpoints\ablation_004_seed_43\latest.pt
