device: NVIDIA GeForce RTX 4070 Laptop GPU | 8.0 GiB | sm_89 | bf16=True
run: ablation_002_lr_3e-4  precision: bfloat16  max_iters: 8000
model: 52.9M params (52,901,712)
iter      0 | loss 10.4335 | lr 3.00e-07 | grad_norm 13.489 | tok/s 8,164 | data_time_frac 3.6% | peak_vram 1930MiB
iter     25 | loss 9.1426 | lr 7.79e-06 | grad_norm 3.494 | tok/s 16,102 | data_time_frac 4.7% | peak_vram 2344MiB
iter     50 | loss 8.4174 | lr 1.53e-05 | grad_norm 2.737 | tok/s 16,411 | data_time_frac 4.0% | peak_vram 2344MiB
iter     75 | loss 7.5678 | lr 2.28e-05 | grad_norm 2.353 | tok/s 16,650 | data_time_frac 4.0% | peak_vram 2344MiB
iter    100 | loss 6.8889 | lr 3.03e-05 | grad_norm 2.241 | tok/s 17,537 | data_time_frac 3.8% | peak_vram 2344MiB
iter    125 | loss 6.2766 | lr 3.78e-05 | grad_norm 2.048 | tok/s 17,899 | data_time_frac 3.8% | peak_vram 2344MiB
iter    150 | loss 5.6671 | lr 4.53e-05 | grad_norm 1.677 | tok/s 16,879 | data_time_frac 6.4% | peak_vram 2344MiB
iter    175 | loss 5.0915 | lr 5.27e-05 | grad_norm 1.573 | tok/s 17,003 | data_time_frac 6.0% | peak_vram 2344MiB
iter    200 | loss 4.7485 | lr 6.02e-05 | grad_norm 1.475 | tok/s 17,162 | data_time_frac 5.7% | peak_vram 2344MiB
iter    225 | loss 4.4632 | lr 6.77e-05 | grad_norm 1.351 | tok/s 17,353 | data_time_frac 5.4% | peak_vram 2344MiB
iter    250 | loss 4.2433 | lr 7.52e-05 | grad_norm 1.100 | tok/s 17,387 | data_time_frac 5.2% | peak_vram 2344MiB
iter    275 | loss 4.0982 | lr 8.27e-05 | grad_norm 1.394 | tok/s 17,370 | data_time_frac 5.0% | peak_vram 2344MiB
iter    300 | loss 3.9926 | lr 9.02e-05 | grad_norm 1.868 | tok/s 17,327 | data_time_frac 4.8% | peak_vram 2344MiB
iter    325 | loss 3.8589 | lr 9.77e-05 | grad_norm 1.645 | tok/s 17,371 | data_time_frac 4.7% | peak_vram 2344MiB
iter    350 | loss 3.7125 | lr 1.05e-04 | grad_norm 2.173 | tok/s 17,318 | data_time_frac 4.5% | peak_vram 2344MiB
iter    375 | loss 3.6239 | lr 1.13e-04 | grad_norm 2.149 | tok/s 17,503 | data_time_frac 4.5% | peak_vram 2344MiB
iter    400 | loss 3.5579 | lr 1.20e-04 | grad_norm 1.969 | tok/s 17,468 | data_time_frac 4.4% | peak_vram 2344MiB
iter    425 | loss 3.4353 | lr 1.28e-04 | grad_norm 2.506 | tok/s 17,429 | data_time_frac 4.5% | peak_vram 2344MiB
iter    450 | loss 3.3888 | lr 1.35e-04 | grad_norm 2.646 | tok/s 17,425 | data_time_frac 4.4% | peak_vram 2344MiB
iter    475 | loss 3.3727 | lr 1.43e-04 | grad_norm 2.346 | tok/s 17,418 | data_time_frac 4.3% | peak_vram 2344MiB
iter    500 | loss 3.2071 | lr 1.50e-04 | grad_norm 2.339 | tok/s 17,442 | data_time_frac 4.3% | peak_vram 2344MiB
  eval @ iter 500: train 3.1966  val 3.2456
  new best val_loss 3.2456 — saved checkpoints\ablation_002_lr_3e-4\best.pt
iter    525 | loss 3.1478 | lr 1.58e-04 | grad_norm 2.520 | tok/s 17,067 | data_time_frac 4.7% | peak_vram 2344MiB
iter    550 | loss 3.0912 | lr 1.65e-04 | grad_norm 2.359 | tok/s 17,120 | data_time_frac 4.7% | peak_vram 2344MiB
iter    575 | loss 3.0846 | lr 1.73e-04 | grad_norm 2.178 | tok/s 17,082 | data_time_frac 4.7% | peak_vram 2344MiB
iter    600 | loss 2.9259 | lr 1.80e-04 | grad_norm 2.606 | tok/s 17,072 | data_time_frac 4.7% | peak_vram 2344MiB
iter    625 | loss 2.9781 | lr 1.88e-04 | grad_norm 2.686 | tok/s 17,037 | data_time_frac 4.9% | peak_vram 2344MiB
iter    650 | loss 2.8958 | lr 1.95e-04 | grad_norm 2.074 | tok/s 17,113 | data_time_frac 4.8% | peak_vram 2344MiB
iter    675 | loss 2.8808 | lr 2.03e-04 | grad_norm 1.868 | tok/s 17,204 | data_time_frac 4.8% | peak_vram 2344MiB
iter    700 | loss 2.8567 | lr 2.10e-04 | grad_norm 1.962 | tok/s 17,172 | data_time_frac 4.9% | peak_vram 2344MiB
iter    725 | loss 2.6792 | lr 2.18e-04 | grad_norm 1.773 | tok/s 17,244 | data_time_frac 4.8% | peak_vram 2344MiB
iter    750 | loss 2.7291 | lr 2.25e-04 | grad_norm 2.066 | tok/s 17,311 | data_time_frac 4.8% | peak_vram 2344MiB
iter    775 | loss 2.7262 | lr 2.33e-04 | grad_norm 1.733 | tok/s 17,244 | data_time_frac 4.8% | peak_vram 2344MiB
iter    800 | loss 2.6470 | lr 2.40e-04 | grad_norm 1.652 | tok/s 17,238 | data_time_frac 4.8% | peak_vram 2344MiB
iter    825 | loss 2.6210 | lr 2.48e-04 | grad_norm 2.013 | tok/s 17,253 | data_time_frac 4.7% | peak_vram 2344MiB
iter    850 | loss 2.5759 | lr 2.55e-04 | grad_norm 1.888 | tok/s 17,332 | data_time_frac 4.7% | peak_vram 2344MiB
iter    875 | loss 2.5149 | lr 2.63e-04 | grad_norm 1.401 | tok/s 17,337 | data_time_frac 4.7% | peak_vram 2344MiB
iter    900 | loss 2.5304 | lr 2.70e-04 | grad_norm 1.349 | tok/s 17,388 | data_time_frac 4.6% | peak_vram 2344MiB
iter    925 | loss 2.3990 | lr 2.78e-04 | grad_norm 1.444 | tok/s 17,400 | data_time_frac 4.6% | peak_vram 2344MiB
iter    950 | loss 2.4879 | lr 2.85e-04 | grad_norm 1.323 | tok/s 17,429 | data_time_frac 4.6% | peak_vram 2344MiB
iter    975 | loss 2.4368 | lr 2.93e-04 | grad_norm 1.443 | tok/s 17,371 | data_time_frac 4.5% | peak_vram 2344MiB
iter   1000 | loss 2.4424 | lr 3.00e-04 | grad_norm 1.237 | tok/s 17,408 | data_time_frac 4.5% | peak_vram 2344MiB
  eval @ iter 1000: train 2.3849  val 2.4017
  new best val_loss 2.4017 — saved checkpoints\ablation_002_lr_3e-4\best.pt
iter   1025 | loss 2.3741 | lr 3.00e-04 | grad_norm 1.285 | tok/s 17,403 | data_time_frac 4.6% | peak_vram 2344MiB
iter   1050 | loss 2.3492 | lr 3.00e-04 | grad_norm 1.264 | tok/s 17,420 | data_time_frac 4.6% | peak_vram 2344MiB
iter   1075 | loss 2.3091 | lr 3.00e-04 | grad_norm 1.233 | tok/s 17,447 | data_time_frac 4.6% | peak_vram 2344MiB
iter   1100 | loss 2.3173 | lr 3.00e-04 | grad_norm 1.193 | tok/s 17,484 | data_time_frac 4.6% | peak_vram 2344MiB
iter   1125 | loss 2.2674 | lr 3.00e-04 | grad_norm 1.149 | tok/s 17,479 | data_time_frac 4.6% | peak_vram 2344MiB
iter   1150 | loss 2.2603 | lr 3.00e-04 | grad_norm 1.249 | tok/s 17,478 | data_time_frac 4.6% | peak_vram 2344MiB
iter   1175 | loss 2.2387 | lr 3.00e-04 | grad_norm 1.153 | tok/s 17,469 | data_time_frac 4.5% | peak_vram 2344MiB
iter   1200 | loss 2.1661 | lr 2.99e-04 | grad_norm 1.138 | tok/s 17,470 | data_time_frac 4.5% | peak_vram 2344MiB
iter   1225 | loss 2.1654 | lr 2.99e-04 | grad_norm 1.047 | tok/s 17,473 | data_time_frac 4.5% | peak_vram 2344MiB
iter   1250 | loss 2.1724 | lr 2.99e-04 | grad_norm 1.113 | tok/s 17,474 | data_time_frac 4.5% | peak_vram 2344MiB
iter   1275 | loss 2.2148 | lr 2.99e-04 | grad_norm 1.164 | tok/s 17,489 | data_time_frac 4.5% | peak_vram 2344MiB
iter   1300 | loss 2.1646 | lr 2.99e-04 | grad_norm 1.056 | tok/s 1,250 | data_time_frac 90.6% | peak_vram 2344MiB
iter   1325 | loss 2.1483 | lr 2.99e-04 | grad_norm 1.022 | tok/s 1,273 | data_time_frac 90.5% | peak_vram 2344MiB
iter   1350 | loss 2.2150 | lr 2.98e-04 | grad_norm 1.069 | tok/s 1,296 | data_time_frac 90.5% | peak_vram 2344MiB
iter   1375 | loss 2.0925 | lr 2.98e-04 | grad_norm 0.936 | tok/s 1,319 | data_time_frac 90.4% | peak_vram 2344MiB
iter   1400 | loss 2.1358 | lr 2.98e-04 | grad_norm 1.035 | tok/s 1,340 | data_time_frac 90.2% | peak_vram 2344MiB
iter   1425 | loss 2.0409 | lr 2.98e-04 | grad_norm 0.998 | tok/s 1,362 | data_time_frac 90.1% | peak_vram 2344MiB
iter   1450 | loss 2.0685 | lr 2.97e-04 | grad_norm 0.928 | tok/s 1,383 | data_time_frac 89.9% | peak_vram 2344MiB
iter   1475 | loss 2.0310 | lr 2.97e-04 | grad_norm 0.947 | tok/s 1,405 | data_time_frac 89.8% | peak_vram 2344MiB
iter   1500 | loss 2.0539 | lr 2.97e-04 | grad_norm 0.865 | tok/s 1,427 | data_time_frac 89.7% | peak_vram 2344MiB
  eval @ iter 1500: train 2.0386  val 2.0902
  new best val_loss 2.0902 — saved checkpoints\ablation_002_lr_3e-4\best.pt
iter   1525 | loss 2.1196 | lr 2.96e-04 | grad_norm 1.106 | tok/s 1,448 | data_time_frac 89.6% | peak_vram 2344MiB
iter   1550 | loss 2.0504 | lr 2.96e-04 | grad_norm 0.995 | tok/s 1,469 | data_time_frac 89.4% | peak_vram 2344MiB
iter   1575 | loss 2.0956 | lr 2.96e-04 | grad_norm 0.863 | tok/s 1,491 | data_time_frac 89.3% | peak_vram 2344MiB
iter   1600 | loss 1.9857 | lr 2.95e-04 | grad_norm 0.963 | tok/s 1,512 | data_time_frac 89.2% | peak_vram 2344MiB
iter   1625 | loss 1.9746 | lr 2.95e-04 | grad_norm 0.926 | tok/s 1,534 | data_time_frac 89.1% | peak_vram 2344MiB
iter   1650 | loss 2.0058 | lr 2.94e-04 | grad_norm 0.802 | tok/s 1,555 | data_time_frac 88.9% | peak_vram 2344MiB
iter   1675 | loss 1.9936 | lr 2.94e-04 | grad_norm 0.807 | tok/s 1,576 | data_time_frac 88.8% | peak_vram 2344MiB
iter   1700 | loss 2.0353 | lr 2.93e-04 | grad_norm 0.946 | tok/s 1,597 | data_time_frac 88.7% | peak_vram 2344MiB
iter   1725 | loss 1.9551 | lr 2.93e-04 | grad_norm 0.850 | tok/s 1,618 | data_time_frac 88.5% | peak_vram 2344MiB
iter   1750 | loss 1.9500 | lr 2.92e-04 | grad_norm 0.817 | tok/s 1,639 | data_time_frac 88.4% | peak_vram 2344MiB
iter   1775 | loss 1.9137 | lr 2.92e-04 | grad_norm 0.880 | tok/s 1,660 | data_time_frac 88.3% | peak_vram 2344MiB
iter   1800 | loss 1.9560 | lr 2.91e-04 | grad_norm 0.782 | tok/s 1,681 | data_time_frac 88.2% | peak_vram 2344MiB
iter   1825 | loss 1.8831 | lr 2.91e-04 | grad_norm 0.778 | tok/s 1,702 | data_time_frac 88.1% | peak_vram 2344MiB
iter   1850 | loss 1.8890 | lr 2.90e-04 | grad_norm 0.745 | tok/s 1,723 | data_time_frac 87.9% | peak_vram 2344MiB
iter   1875 | loss 1.8957 | lr 2.90e-04 | grad_norm 0.791 | tok/s 1,743 | data_time_frac 87.8% | peak_vram 2344MiB
iter   1900 | loss 1.9164 | lr 2.89e-04 | grad_norm 0.903 | tok/s 1,765 | data_time_frac 87.7% | peak_vram 2344MiB
iter   1925 | loss 1.9505 | lr 2.89e-04 | grad_norm 0.759 | tok/s 1,785 | data_time_frac 87.6% | peak_vram 2344MiB
iter   1950 | loss 1.9298 | lr 2.88e-04 | grad_norm 0.759 | tok/s 1,806 | data_time_frac 87.4% | peak_vram 2344MiB
iter   1975 | loss 1.8804 | lr 2.87e-04 | grad_norm 0.816 | tok/s 1,826 | data_time_frac 87.3% | peak_vram 2344MiB
iter   2000 | loss 1.9243 | lr 2.87e-04 | grad_norm 0.793 | tok/s 1,847 | data_time_frac 87.2% | peak_vram 2344MiB
  eval @ iter 2000: train 1.8814  val 1.9203
  new best val_loss 1.9203 — saved checkpoints\ablation_002_lr_3e-4\best.pt
iter   2025 | loss 1.8870 | lr 2.86e-04 | grad_norm 0.762 | tok/s 1,866 | data_time_frac 87.1% | peak_vram 2344MiB
iter   2050 | loss 1.8826 | lr 2.85e-04 | grad_norm 0.733 | tok/s 1,887 | data_time_frac 87.0% | peak_vram 2344MiB
iter   2075 | loss 1.8737 | lr 2.85e-04 | grad_norm 0.784 | tok/s 1,907 | data_time_frac 86.8% | peak_vram 2344MiB
iter   2100 | loss 1.9525 | lr 2.84e-04 | grad_norm 0.817 | tok/s 1,927 | data_time_frac 86.7% | peak_vram 2344MiB
iter   2125 | loss 1.8618 | lr 2.83e-04 | grad_norm 0.733 | tok/s 1,947 | data_time_frac 86.6% | peak_vram 2344MiB
iter   2150 | loss 1.8323 | lr 2.82e-04 | grad_norm 0.736 | tok/s 1,967 | data_time_frac 86.5% | peak_vram 2344MiB
iter   2175 | loss 1.9031 | lr 2.82e-04 | grad_norm 0.820 | tok/s 1,987 | data_time_frac 86.3% | peak_vram 2344MiB
iter   2200 | loss 1.8764 | lr 2.81e-04 | grad_norm 0.798 | tok/s 2,007 | data_time_frac 86.2% | peak_vram 2344MiB
iter   2225 | loss 1.9185 | lr 2.80e-04 | grad_norm 0.792 | tok/s 2,027 | data_time_frac 86.1% | peak_vram 2344MiB
iter   2250 | loss 1.8496 | lr 2.79e-04 | grad_norm 0.730 | tok/s 2,046 | data_time_frac 86.0% | peak_vram 2344MiB
iter   2275 | loss 1.9313 | lr 2.78e-04 | grad_norm 0.716 | tok/s 2,066 | data_time_frac 85.8% | peak_vram 2344MiB
iter   2300 | loss 1.8465 | lr 2.78e-04 | grad_norm 0.764 | tok/s 2,086 | data_time_frac 85.7% | peak_vram 2344MiB
iter   2325 | loss 1.8544 | lr 2.77e-04 | grad_norm 0.705 | tok/s 2,105 | data_time_frac 85.6% | peak_vram 2344MiB
iter   2350 | loss 1.9070 | lr 2.76e-04 | grad_norm 0.728 | tok/s 2,125 | data_time_frac 85.5% | peak_vram 2344MiB
iter   2375 | loss 1.8513 | lr 2.75e-04 | grad_norm 0.694 | tok/s 2,144 | data_time_frac 85.3% | peak_vram 2344MiB
iter   2400 | loss 1.8316 | lr 2.74e-04 | grad_norm 0.710 | tok/s 2,163 | data_time_frac 85.2% | peak_vram 2344MiB
iter   2425 | loss 1.8383 | lr 2.73e-04 | grad_norm 0.744 | tok/s 2,183 | data_time_frac 85.1% | peak_vram 2344MiB
iter   2450 | loss 1.8492 | lr 2.72e-04 | grad_norm 0.700 | tok/s 2,202 | data_time_frac 85.0% | peak_vram 2344MiB
iter   2475 | loss 1.7971 | lr 2.71e-04 | grad_norm 0.651 | tok/s 2,221 | data_time_frac 84.8% | peak_vram 2344MiB
iter   2500 | loss 1.7775 | lr 2.71e-04 | grad_norm 0.664 | tok/s 2,240 | data_time_frac 84.7% | peak_vram 2344MiB
  eval @ iter 2500: train 1.8562  val 1.8499
  new best val_loss 1.8499 — saved checkpoints\ablation_002_lr_3e-4\best.pt
iter   2525 | loss 1.8504 | lr 2.70e-04 | grad_norm 0.729 | tok/s 2,258 | data_time_frac 84.6% | peak_vram 2344MiB
iter   2550 | loss 1.7876 | lr 2.69e-04 | grad_norm 0.733 | tok/s 2,277 | data_time_frac 84.5% | peak_vram 2344MiB
iter   2575 | loss 1.8366 | lr 2.68e-04 | grad_norm 0.689 | tok/s 2,296 | data_time_frac 84.4% | peak_vram 2344MiB
iter   2600 | loss 1.8092 | lr 2.67e-04 | grad_norm 0.686 | tok/s 2,315 | data_time_frac 84.2% | peak_vram 2344MiB
iter   2625 | loss 1.8216 | lr 2.66e-04 | grad_norm 0.675 | tok/s 2,334 | data_time_frac 84.1% | peak_vram 2344MiB
iter   2650 | loss 1.7626 | lr 2.65e-04 | grad_norm 0.711 | tok/s 2,353 | data_time_frac 84.0% | peak_vram 2344MiB
iter   2675 | loss 1.8395 | lr 2.64e-04 | grad_norm 0.708 | tok/s 2,372 | data_time_frac 83.9% | peak_vram 2344MiB
iter   2700 | loss 1.8242 | lr 2.63e-04 | grad_norm 0.678 | tok/s 2,391 | data_time_frac 83.8% | peak_vram 2344MiB
iter   2725 | loss 1.8492 | lr 2.62e-04 | grad_norm 0.657 | tok/s 2,409 | data_time_frac 83.6% | peak_vram 2344MiB
iter   2750 | loss 1.8009 | lr 2.60e-04 | grad_norm 0.640 | tok/s 2,428 | data_time_frac 83.5% | peak_vram 2344MiB
iter   2775 | loss 1.8359 | lr 2.59e-04 | grad_norm 0.641 | tok/s 2,446 | data_time_frac 83.4% | peak_vram 2344MiB
iter   2800 | loss 1.7254 | lr 2.58e-04 | grad_norm 0.667 | tok/s 2,465 | data_time_frac 83.3% | peak_vram 2344MiB
iter   2825 | loss 1.7525 | lr 2.57e-04 | grad_norm 0.639 | tok/s 2,484 | data_time_frac 83.2% | peak_vram 2344MiB
iter   2850 | loss 1.7313 | lr 2.56e-04 | grad_norm 0.701 | tok/s 2,502 | data_time_frac 83.1% | peak_vram 2344MiB
iter   2875 | loss 1.7600 | lr 2.55e-04 | grad_norm 0.657 | tok/s 2,520 | data_time_frac 82.9% | peak_vram 2344MiB
iter   2900 | loss 1.8007 | lr 2.54e-04 | grad_norm 0.662 | tok/s 2,539 | data_time_frac 82.8% | peak_vram 2344MiB
iter   2925 | loss 1.7767 | lr 2.53e-04 | grad_norm 0.650 | tok/s 2,557 | data_time_frac 82.7% | peak_vram 2344MiB
iter   2950 | loss 1.8261 | lr 2.52e-04 | grad_norm 0.637 | tok/s 2,575 | data_time_frac 82.6% | peak_vram 2344MiB
iter   2975 | loss 1.7641 | lr 2.50e-04 | grad_norm 0.677 | tok/s 2,594 | data_time_frac 82.5% | peak_vram 2344MiB
iter   3000 | loss 1.6972 | lr 2.49e-04 | grad_norm 0.695 | tok/s 2,612 | data_time_frac 82.4% | peak_vram 2344MiB
  eval @ iter 3000: train 1.7862  val 1.8122
  new best val_loss 1.8122 — saved checkpoints\ablation_002_lr_3e-4\best.pt
iter   3025 | loss 1.7491 | lr 2.48e-04 | grad_norm 0.646 | tok/s 2,629 | data_time_frac 82.3% | peak_vram 2344MiB
iter   3050 | loss 1.8185 | lr 2.47e-04 | grad_norm 0.649 | tok/s 2,648 | data_time_frac 82.2% | peak_vram 2344MiB
iter   3075 | loss 1.7814 | lr 2.46e-04 | grad_norm 0.638 | tok/s 2,666 | data_time_frac 82.1% | peak_vram 2344MiB
iter   3100 | loss 1.7689 | lr 2.44e-04 | grad_norm 0.624 | tok/s 2,684 | data_time_frac 82.0% | peak_vram 2344MiB
iter   3125 | loss 1.7626 | lr 2.43e-04 | grad_norm 0.648 | tok/s 2,702 | data_time_frac 81.8% | peak_vram 2344MiB
iter   3150 | loss 1.6845 | lr 2.42e-04 | grad_norm 0.645 | tok/s 2,719 | data_time_frac 81.7% | peak_vram 2344MiB
iter   3175 | loss 1.6716 | lr 2.41e-04 | grad_norm 0.644 | tok/s 2,737 | data_time_frac 81.6% | peak_vram 2344MiB
iter   3200 | loss 1.7603 | lr 2.39e-04 | grad_norm 0.633 | tok/s 2,755 | data_time_frac 81.5% | peak_vram 2344MiB
iter   3225 | loss 1.6907 | lr 2.38e-04 | grad_norm 0.625 | tok/s 2,773 | data_time_frac 81.4% | peak_vram 2344MiB
iter   3250 | loss 1.8391 | lr 2.37e-04 | grad_norm 0.623 | tok/s 2,790 | data_time_frac 81.3% | peak_vram 2344MiB
iter   3275 | loss 1.7242 | lr 2.36e-04 | grad_norm 0.669 | tok/s 2,808 | data_time_frac 81.2% | peak_vram 2344MiB
iter   3300 | loss 1.8280 | lr 2.34e-04 | grad_norm 0.648 | tok/s 2,826 | data_time_frac 81.1% | peak_vram 2344MiB
iter   3325 | loss 1.7379 | lr 2.33e-04 | grad_norm 0.625 | tok/s 2,843 | data_time_frac 81.0% | peak_vram 2344MiB
iter   3350 | loss 1.6974 | lr 2.32e-04 | grad_norm 0.665 | tok/s 2,861 | data_time_frac 80.9% | peak_vram 2344MiB
iter   3375 | loss 1.7385 | lr 2.30e-04 | grad_norm 0.678 | tok/s 2,878 | data_time_frac 80.7% | peak_vram 2344MiB
iter   3400 | loss 1.7107 | lr 2.29e-04 | grad_norm 0.640 | tok/s 2,895 | data_time_frac 80.6% | peak_vram 2344MiB
iter   3425 | loss 1.6699 | lr 2.28e-04 | grad_norm 0.616 | tok/s 2,912 | data_time_frac 80.5% | peak_vram 2344MiB
iter   3450 | loss 1.7394 | lr 2.26e-04 | grad_norm 0.654 | tok/s 2,930 | data_time_frac 80.4% | peak_vram 2344MiB
iter   3475 | loss 1.6954 | lr 2.25e-04 | grad_norm 0.610 | tok/s 2,947 | data_time_frac 80.3% | peak_vram 2344MiB
iter   3500 | loss 1.7083 | lr 2.24e-04 | grad_norm 0.634 | tok/s 2,961 | data_time_frac 80.1% | peak_vram 2344MiB
  eval @ iter 3500: train 1.6885  val 1.7010
  new best val_loss 1.7010 — saved checkpoints\ablation_002_lr_3e-4\best.pt
iter   3525 | loss 1.7217 | lr 2.22e-04 | grad_norm 0.644 | tok/s 2,975 | data_time_frac 80.0% | peak_vram 2344MiB
iter   3550 | loss 1.7811 | lr 2.21e-04 | grad_norm 0.715 | tok/s 2,992 | data_time_frac 79.9% | peak_vram 2344MiB
iter   3575 | loss 1.7058 | lr 2.19e-04 | grad_norm 0.597 | tok/s 3,009 | data_time_frac 79.8% | peak_vram 2344MiB
iter   3600 | loss 1.6048 | lr 2.18e-04 | grad_norm 0.638 | tok/s 3,027 | data_time_frac 79.7% | peak_vram 2344MiB
iter   3625 | loss 1.6853 | lr 2.17e-04 | grad_norm 0.638 | tok/s 3,043 | data_time_frac 79.6% | peak_vram 2344MiB
iter   3650 | loss 1.5987 | lr 2.15e-04 | grad_norm 0.628 | tok/s 3,061 | data_time_frac 79.5% | peak_vram 2344MiB
iter   3675 | loss 1.6744 | lr 2.14e-04 | grad_norm 0.651 | tok/s 3,077 | data_time_frac 79.4% | peak_vram 2344MiB
iter   3700 | loss 1.7379 | lr 2.12e-04 | grad_norm 0.620 | tok/s 3,094 | data_time_frac 79.3% | peak_vram 2344MiB
iter   3725 | loss 1.7052 | lr 2.11e-04 | grad_norm 0.613 | tok/s 3,111 | data_time_frac 79.2% | peak_vram 2344MiB
iter   3750 | loss 1.6603 | lr 2.10e-04 | grad_norm 0.636 | tok/s 3,128 | data_time_frac 79.1% | peak_vram 2344MiB
iter   3775 | loss 1.6937 | lr 2.08e-04 | grad_norm 0.615 | tok/s 3,145 | data_time_frac 79.0% | peak_vram 2344MiB
iter   3800 | loss 1.6921 | lr 2.07e-04 | grad_norm 0.588 | tok/s 3,161 | data_time_frac 78.9% | peak_vram 2344MiB
iter   3825 | loss 1.6807 | lr 2.05e-04 | grad_norm 0.644 | tok/s 3,178 | data_time_frac 78.8% | peak_vram 2344MiB
iter   3850 | loss 1.7501 | lr 2.04e-04 | grad_norm 0.613 | tok/s 3,195 | data_time_frac 78.7% | peak_vram 2344MiB
iter   3875 | loss 1.7081 | lr 2.02e-04 | grad_norm 0.630 | tok/s 3,211 | data_time_frac 78.6% | peak_vram 2344MiB
iter   3900 | loss 1.6354 | lr 2.01e-04 | grad_norm 0.620 | tok/s 3,228 | data_time_frac 78.5% | peak_vram 2344MiB
iter   3925 | loss 1.6489 | lr 1.99e-04 | grad_norm 0.642 | tok/s 3,244 | data_time_frac 78.4% | peak_vram 2344MiB
iter   3950 | loss 1.6713 | lr 1.98e-04 | grad_norm 0.600 | tok/s 3,260 | data_time_frac 78.3% | peak_vram 2344MiB
iter   3975 | loss 1.6969 | lr 1.97e-04 | grad_norm 0.637 | tok/s 3,276 | data_time_frac 78.2% | peak_vram 2344MiB
iter   4000 | loss 1.7004 | lr 1.95e-04 | grad_norm 0.613 | tok/s 3,293 | data_time_frac 78.1% | peak_vram 2344MiB
  eval @ iter 4000: train 1.6679  val 1.6612
  new best val_loss 1.6612 — saved checkpoints\ablation_002_lr_3e-4\best.pt
iter   4025 | loss 1.6744 | lr 1.94e-04 | grad_norm 0.687 | tok/s 3,308 | data_time_frac 77.9% | peak_vram 2344MiB
iter   4050 | loss 1.6521 | lr 1.92e-04 | grad_norm 0.609 | tok/s 3,324 | data_time_frac 77.9% | peak_vram 2344MiB
iter   4075 | loss 1.6808 | lr 1.91e-04 | grad_norm 0.595 | tok/s 3,340 | data_time_frac 77.7% | peak_vram 2344MiB
iter   4100 | loss 1.6513 | lr 1.89e-04 | grad_norm 0.612 | tok/s 3,356 | data_time_frac 77.6% | peak_vram 2344MiB
iter   4125 | loss 1.6592 | lr 1.88e-04 | grad_norm 0.651 | tok/s 3,372 | data_time_frac 77.6% | peak_vram 2344MiB
iter   4150 | loss 1.6789 | lr 1.86e-04 | grad_norm 0.604 | tok/s 3,388 | data_time_frac 77.5% | peak_vram 2344MiB
iter   4175 | loss 1.6504 | lr 1.85e-04 | grad_norm 0.603 | tok/s 3,405 | data_time_frac 77.4% | peak_vram 2344MiB
iter   4200 | loss 1.5831 | lr 1.83e-04 | grad_norm 0.619 | tok/s 3,421 | data_time_frac 77.3% | peak_vram 2344MiB
iter   4225 | loss 1.6684 | lr 1.82e-04 | grad_norm 0.592 | tok/s 3,437 | data_time_frac 77.2% | peak_vram 2344MiB
iter   4250 | loss 1.6618 | lr 1.80e-04 | grad_norm 0.600 | tok/s 3,453 | data_time_frac 77.1% | peak_vram 2344MiB
iter   4275 | loss 1.5839 | lr 1.79e-04 | grad_norm 0.595 | tok/s 3,469 | data_time_frac 77.0% | peak_vram 2344MiB
iter   4300 | loss 1.6045 | lr 1.77e-04 | grad_norm 0.605 | tok/s 3,485 | data_time_frac 76.9% | peak_vram 2344MiB
iter   4325 | loss 1.6611 | lr 1.76e-04 | grad_norm 0.622 | tok/s 3,501 | data_time_frac 76.8% | peak_vram 2344MiB
iter   4350 | loss 1.6869 | lr 1.74e-04 | grad_norm 0.591 | tok/s 3,517 | data_time_frac 76.7% | peak_vram 2344MiB
iter   4375 | loss 1.6118 | lr 1.73e-04 | grad_norm 0.607 | tok/s 3,532 | data_time_frac 76.6% | peak_vram 2344MiB
iter   4400 | loss 1.5293 | lr 1.71e-04 | grad_norm 0.633 | tok/s 3,548 | data_time_frac 76.5% | peak_vram 2344MiB
iter   4425 | loss 1.5623 | lr 1.70e-04 | grad_norm 0.573 | tok/s 3,563 | data_time_frac 76.4% | peak_vram 2344MiB
iter   4450 | loss 1.6353 | lr 1.68e-04 | grad_norm 0.592 | tok/s 3,579 | data_time_frac 76.3% | peak_vram 2344MiB
iter   4475 | loss 1.6292 | lr 1.67e-04 | grad_norm 0.606 | tok/s 3,595 | data_time_frac 76.2% | peak_vram 2344MiB
iter   4500 | loss 1.6292 | lr 1.65e-04 | grad_norm 0.581 | tok/s 3,610 | data_time_frac 76.1% | peak_vram 2344MiB
  eval @ iter 4500: train 1.6607  val 1.6738
iter   4525 | loss 1.6023 | lr 1.63e-04 | grad_norm 0.580 | tok/s 3,625 | data_time_frac 76.0% | peak_vram 2344MiB
iter   4550 | loss 1.6271 | lr 1.62e-04 | grad_norm 0.590 | tok/s 3,640 | data_time_frac 75.9% | peak_vram 2344MiB
iter   4575 | loss 1.5296 | lr 1.60e-04 | grad_norm 0.585 | tok/s 3,655 | data_time_frac 75.8% | peak_vram 2344MiB
iter   4600 | loss 1.5648 | lr 1.59e-04 | grad_norm 0.640 | tok/s 3,671 | data_time_frac 75.8% | peak_vram 2344MiB
iter   4625 | loss 1.6610 | lr 1.57e-04 | grad_norm 0.609 | tok/s 3,686 | data_time_frac 75.7% | peak_vram 2344MiB
iter   4650 | loss 1.6454 | lr 1.56e-04 | grad_norm 0.589 | tok/s 3,701 | data_time_frac 75.6% | peak_vram 2344MiB
iter   4675 | loss 1.6188 | lr 1.54e-04 | grad_norm 0.582 | tok/s 3,716 | data_time_frac 75.5% | peak_vram 2344MiB
iter   4700 | loss 1.6156 | lr 1.53e-04 | grad_norm 0.597 | tok/s 3,732 | data_time_frac 75.4% | peak_vram 2344MiB
iter   4725 | loss 1.6670 | lr 1.51e-04 | grad_norm 0.644 | tok/s 3,747 | data_time_frac 75.3% | peak_vram 2344MiB
iter   4750 | loss 1.6445 | lr 1.50e-04 | grad_norm 0.621 | tok/s 3,763 | data_time_frac 75.2% | peak_vram 2344MiB
iter   4775 | loss 1.6565 | lr 1.48e-04 | grad_norm 0.603 | tok/s 3,777 | data_time_frac 75.1% | peak_vram 2344MiB
iter   4800 | loss 1.5681 | lr 1.47e-04 | grad_norm 0.608 | tok/s 3,792 | data_time_frac 75.0% | peak_vram 2344MiB
iter   4825 | loss 1.5767 | lr 1.45e-04 | grad_norm 0.620 | tok/s 3,807 | data_time_frac 74.9% | peak_vram 2344MiB
iter   4850 | loss 1.6384 | lr 1.44e-04 | grad_norm 0.616 | tok/s 3,822 | data_time_frac 74.8% | peak_vram 2344MiB
iter   4875 | loss 1.5761 | lr 1.42e-04 | grad_norm 0.618 | tok/s 3,837 | data_time_frac 74.7% | peak_vram 2344MiB
iter   4900 | loss 1.6422 | lr 1.41e-04 | grad_norm 0.600 | tok/s 3,851 | data_time_frac 74.6% | peak_vram 2344MiB
iter   4925 | loss 1.6321 | lr 1.39e-04 | grad_norm 0.627 | tok/s 3,866 | data_time_frac 74.5% | peak_vram 2344MiB
iter   4950 | loss 1.6594 | lr 1.38e-04 | grad_norm 0.602 | tok/s 3,881 | data_time_frac 74.5% | peak_vram 2344MiB
iter   4975 | loss 1.5868 | lr 1.36e-04 | grad_norm 0.578 | tok/s 3,895 | data_time_frac 74.4% | peak_vram 2344MiB
iter   5000 | loss 1.6212 | lr 1.35e-04 | grad_norm 0.576 | tok/s 3,910 | data_time_frac 74.3% | peak_vram 2344MiB
  eval @ iter 5000: train 1.5766  val 1.6325
  new best val_loss 1.6325 — saved checkpoints\ablation_002_lr_3e-4\best.pt
iter   5025 | loss 1.6147 | lr 1.33e-04 | grad_norm 0.594 | tok/s 3,924 | data_time_frac 74.2% | peak_vram 2344MiB
iter   5050 | loss 1.6036 | lr 1.32e-04 | grad_norm 0.603 | tok/s 3,938 | data_time_frac 74.1% | peak_vram 2344MiB
iter   5075 | loss 1.5524 | lr 1.31e-04 | grad_norm 0.590 | tok/s 3,953 | data_time_frac 74.0% | peak_vram 2344MiB
iter   5100 | loss 1.6437 | lr 1.29e-04 | grad_norm 0.590 | tok/s 3,967 | data_time_frac 73.9% | peak_vram 2344MiB
iter   5125 | loss 1.5301 | lr 1.28e-04 | grad_norm 0.585 | tok/s 3,981 | data_time_frac 73.8% | peak_vram 2344MiB
iter   5150 | loss 1.5896 | lr 1.26e-04 | grad_norm 0.605 | tok/s 3,996 | data_time_frac 73.7% | peak_vram 2344MiB
iter   5175 | loss 1.6094 | lr 1.25e-04 | grad_norm 0.595 | tok/s 4,010 | data_time_frac 73.6% | peak_vram 2344MiB
iter   5200 | loss 1.6189 | lr 1.23e-04 | grad_norm 0.585 | tok/s 4,025 | data_time_frac 73.6% | peak_vram 2344MiB
iter   5225 | loss 1.6089 | lr 1.22e-04 | grad_norm 0.608 | tok/s 4,039 | data_time_frac 73.5% | peak_vram 2344MiB
iter   5250 | loss 1.6071 | lr 1.20e-04 | grad_norm 0.593 | tok/s 4,054 | data_time_frac 73.4% | peak_vram 2344MiB
iter   5275 | loss 1.5809 | lr 1.19e-04 | grad_norm 0.593 | tok/s 4,068 | data_time_frac 73.3% | peak_vram 2344MiB
iter   5300 | loss 1.4868 | lr 1.18e-04 | grad_norm 0.586 | tok/s 4,082 | data_time_frac 73.2% | peak_vram 2344MiB
iter   5325 | loss 1.5768 | lr 1.16e-04 | grad_norm 0.612 | tok/s 4,097 | data_time_frac 73.1% | peak_vram 2344MiB
iter   5350 | loss 1.5905 | lr 1.15e-04 | grad_norm 0.614 | tok/s 4,110 | data_time_frac 73.0% | peak_vram 2344MiB
iter   5375 | loss 1.5255 | lr 1.13e-04 | grad_norm 0.619 | tok/s 4,125 | data_time_frac 72.9% | peak_vram 2344MiB
iter   5400 | loss 1.5638 | lr 1.12e-04 | grad_norm 0.616 | tok/s 4,139 | data_time_frac 72.9% | peak_vram 2344MiB
iter   5425 | loss 1.5401 | lr 1.11e-04 | grad_norm 0.638 | tok/s 4,153 | data_time_frac 72.8% | peak_vram 2344MiB
iter   5450 | loss 1.6219 | lr 1.09e-04 | grad_norm 0.599 | tok/s 4,168 | data_time_frac 72.7% | peak_vram 2344MiB
iter   5475 | loss 1.5822 | lr 1.08e-04 | grad_norm 0.625 | tok/s 4,182 | data_time_frac 72.6% | peak_vram 2344MiB
iter   5500 | loss 1.5805 | lr 1.06e-04 | grad_norm 0.592 | tok/s 4,196 | data_time_frac 72.5% | peak_vram 2344MiB
  eval @ iter 5500: train 1.5732  val 1.5945
  new best val_loss 1.5945 — saved checkpoints\ablation_002_lr_3e-4\best.pt
iter   5525 | loss 1.5511 | lr 1.05e-04 | grad_norm 0.616 | tok/s 4,208 | data_time_frac 72.4% | peak_vram 2344MiB
iter   5550 | loss 1.6790 | lr 1.04e-04 | grad_norm 0.597 | tok/s 4,222 | data_time_frac 72.4% | peak_vram 2344MiB
iter   5575 | loss 1.6117 | lr 1.02e-04 | grad_norm 0.613 | tok/s 4,236 | data_time_frac 72.3% | peak_vram 2344MiB
iter   5600 | loss 1.5354 | lr 1.01e-04 | grad_norm 0.602 | tok/s 4,250 | data_time_frac 72.2% | peak_vram 2344MiB
iter   5625 | loss 1.5331 | lr 9.97e-05 | grad_norm 0.587 | tok/s 4,264 | data_time_frac 72.1% | peak_vram 2344MiB
iter   5650 | loss 1.5466 | lr 9.84e-05 | grad_norm 0.598 | tok/s 4,277 | data_time_frac 72.0% | peak_vram 2344MiB
iter   5675 | loss 1.5890 | lr 9.71e-05 | grad_norm 0.590 | tok/s 4,291 | data_time_frac 71.9% | peak_vram 2344MiB
iter   5700 | loss 1.5990 | lr 9.58e-05 | grad_norm 0.612 | tok/s 4,304 | data_time_frac 71.8% | peak_vram 2344MiB
iter   5725 | loss 1.6060 | lr 9.45e-05 | grad_norm 0.590 | tok/s 4,318 | data_time_frac 71.7% | peak_vram 2344MiB
iter   5750 | loss 1.5974 | lr 9.32e-05 | grad_norm 0.592 | tok/s 4,331 | data_time_frac 71.7% | peak_vram 2344MiB
iter   5775 | loss 1.4947 | lr 9.19e-05 | grad_norm 0.598 | tok/s 4,345 | data_time_frac 71.6% | peak_vram 2344MiB
iter   5800 | loss 1.5758 | lr 9.06e-05 | grad_norm 0.605 | tok/s 4,358 | data_time_frac 71.5% | peak_vram 2344MiB
iter   5825 | loss 1.5452 | lr 8.94e-05 | grad_norm 0.592 | tok/s 4,371 | data_time_frac 71.4% | peak_vram 2344MiB
iter   5850 | loss 1.5668 | lr 8.81e-05 | grad_norm 0.601 | tok/s 4,385 | data_time_frac 71.3% | peak_vram 2344MiB
iter   5875 | loss 1.5511 | lr 8.69e-05 | grad_norm 0.590 | tok/s 4,398 | data_time_frac 71.2% | peak_vram 2344MiB
iter   5900 | loss 1.5407 | lr 8.56e-05 | grad_norm 0.577 | tok/s 4,411 | data_time_frac 71.1% | peak_vram 2344MiB
iter   5925 | loss 1.5255 | lr 8.44e-05 | grad_norm 0.594 | tok/s 4,425 | data_time_frac 71.1% | peak_vram 2344MiB
iter   5950 | loss 1.6225 | lr 8.32e-05 | grad_norm 0.601 | tok/s 4,438 | data_time_frac 71.0% | peak_vram 2344MiB
iter   5975 | loss 1.5105 | lr 8.20e-05 | grad_norm 0.591 | tok/s 4,451 | data_time_frac 70.9% | peak_vram 2344MiB
iter   6000 | loss 1.5681 | lr 8.08e-05 | grad_norm 0.594 | tok/s 4,465 | data_time_frac 70.8% | peak_vram 2344MiB
  eval @ iter 6000: train 1.5714  val 1.5861
  new best val_loss 1.5861 — saved checkpoints\ablation_002_lr_3e-4\best.pt
iter   6025 | loss 1.5268 | lr 7.96e-05 | grad_norm 0.610 | tok/s 4,477 | data_time_frac 70.7% | peak_vram 2344MiB
iter   6050 | loss 1.5352 | lr 7.85e-05 | grad_norm 0.608 | tok/s 4,490 | data_time_frac 70.7% | peak_vram 2344MiB
iter   6075 | loss 1.4703 | lr 7.73e-05 | grad_norm 0.585 | tok/s 4,503 | data_time_frac 70.6% | peak_vram 2344MiB
iter   6100 | loss 1.5604 | lr 7.62e-05 | grad_norm 0.617 | tok/s 4,516 | data_time_frac 70.5% | peak_vram 2344MiB
iter   6125 | loss 1.5606 | lr 7.50e-05 | grad_norm 0.620 | tok/s 4,528 | data_time_frac 70.4% | peak_vram 2344MiB
iter   6150 | loss 1.6608 | lr 7.39e-05 | grad_norm 0.639 | tok/s 4,542 | data_time_frac 70.3% | peak_vram 2344MiB
iter   6175 | loss 1.6024 | lr 7.28e-05 | grad_norm 0.599 | tok/s 4,556 | data_time_frac 70.2% | peak_vram 2344MiB
iter   6200 | loss 1.4613 | lr 7.17e-05 | grad_norm 0.612 | tok/s 4,570 | data_time_frac 70.2% | peak_vram 2344MiB
iter   6225 | loss 1.4623 | lr 7.06e-05 | grad_norm 0.593 | tok/s 4,584 | data_time_frac 70.1% | peak_vram 2344MiB
iter   6250 | loss 1.5437 | lr 6.95e-05 | grad_norm 0.603 | tok/s 4,598 | data_time_frac 70.1% | peak_vram 2344MiB
iter   6275 | loss 1.4720 | lr 6.85e-05 | grad_norm 0.606 | tok/s 4,612 | data_time_frac 70.0% | peak_vram 2344MiB
iter   6300 | loss 1.5720 | lr 6.74e-05 | grad_norm 0.587 | tok/s 4,625 | data_time_frac 69.9% | peak_vram 2344MiB
iter   6325 | loss 1.5083 | lr 6.64e-05 | grad_norm 0.579 | tok/s 4,638 | data_time_frac 69.9% | peak_vram 2344MiB
iter   6350 | loss 1.5667 | lr 6.54e-05 | grad_norm 0.625 | tok/s 4,652 | data_time_frac 69.8% | peak_vram 2344MiB
iter   6375 | loss 1.5934 | lr 6.43e-05 | grad_norm 0.610 | tok/s 4,665 | data_time_frac 69.7% | peak_vram 2344MiB
iter   6400 | loss 1.5382 | lr 6.33e-05 | grad_norm 0.595 | tok/s 4,678 | data_time_frac 69.7% | peak_vram 2344MiB
iter   6425 | loss 1.5312 | lr 6.23e-05 | grad_norm 0.603 | tok/s 4,692 | data_time_frac 69.6% | peak_vram 2344MiB
iter   6450 | loss 1.4824 | lr 6.14e-05 | grad_norm 0.593 | tok/s 4,705 | data_time_frac 69.5% | peak_vram 2344MiB
iter   6475 | loss 1.4563 | lr 6.04e-05 | grad_norm 0.605 | tok/s 4,718 | data_time_frac 69.5% | peak_vram 2344MiB
iter   6500 | loss 1.6203 | lr 5.95e-05 | grad_norm 0.594 | tok/s 4,731 | data_time_frac 69.4% | peak_vram 2344MiB
  eval @ iter 6500: train 1.5167  val 1.5489
  new best val_loss 1.5489 — saved checkpoints\ablation_002_lr_3e-4\best.pt
iter   6525 | loss 1.5635 | lr 5.85e-05 | grad_norm 0.618 | tok/s 4,743 | data_time_frac 69.3% | peak_vram 2344MiB
iter   6550 | loss 1.5287 | lr 5.76e-05 | grad_norm 0.601 | tok/s 4,756 | data_time_frac 69.3% | peak_vram 2344MiB
iter   6575 | loss 1.5805 | lr 5.67e-05 | grad_norm 0.587 | tok/s 4,769 | data_time_frac 69.2% | peak_vram 2344MiB
iter   6600 | loss 1.5529 | lr 5.58e-05 | grad_norm 0.605 | tok/s 4,782 | data_time_frac 69.2% | peak_vram 2344MiB
iter   6625 | loss 1.5382 | lr 5.49e-05 | grad_norm 0.605 | tok/s 4,795 | data_time_frac 69.1% | peak_vram 2344MiB
iter   6650 | loss 1.4391 | lr 5.40e-05 | grad_norm 0.617 | tok/s 4,808 | data_time_frac 69.0% | peak_vram 2344MiB
iter   6675 | loss 1.5392 | lr 5.32e-05 | grad_norm 0.602 | tok/s 4,821 | data_time_frac 69.0% | peak_vram 2344MiB
iter   6700 | loss 1.5912 | lr 5.23e-05 | grad_norm 0.607 | tok/s 4,833 | data_time_frac 68.9% | peak_vram 2344MiB
iter   6725 | loss 1.3976 | lr 5.15e-05 | grad_norm 0.610 | tok/s 4,846 | data_time_frac 68.8% | peak_vram 2344MiB
iter   6750 | loss 1.6028 | lr 5.07e-05 | grad_norm 0.613 | tok/s 4,859 | data_time_frac 68.8% | peak_vram 2344MiB
iter   6775 | loss 1.5117 | lr 4.99e-05 | grad_norm 0.610 | tok/s 4,871 | data_time_frac 68.7% | peak_vram 2344MiB
iter   6800 | loss 1.5117 | lr 4.91e-05 | grad_norm 0.612 | tok/s 4,884 | data_time_frac 68.6% | peak_vram 2344MiB
iter   6825 | loss 1.5257 | lr 4.83e-05 | grad_norm 0.612 | tok/s 4,896 | data_time_frac 68.6% | peak_vram 2344MiB
iter   6850 | loss 1.5376 | lr 4.76e-05 | grad_norm 0.585 | tok/s 4,909 | data_time_frac 68.5% | peak_vram 2344MiB
iter   6875 | loss 1.4596 | lr 4.68e-05 | grad_norm 0.595 | tok/s 4,921 | data_time_frac 68.5% | peak_vram 2344MiB
iter   6900 | loss 1.4815 | lr 4.61e-05 | grad_norm 0.617 | tok/s 4,933 | data_time_frac 68.4% | peak_vram 2344MiB
iter   6925 | loss 1.4538 | lr 4.54e-05 | grad_norm 0.625 | tok/s 4,945 | data_time_frac 68.3% | peak_vram 2344MiB
iter   6950 | loss 1.5718 | lr 4.47e-05 | grad_norm 0.603 | tok/s 4,958 | data_time_frac 68.3% | peak_vram 2344MiB
iter   6975 | loss 1.4347 | lr 4.40e-05 | grad_norm 0.619 | tok/s 4,970 | data_time_frac 68.2% | peak_vram 2344MiB
iter   7000 | loss 1.4896 | lr 4.34e-05 | grad_norm 0.589 | tok/s 4,982 | data_time_frac 68.1% | peak_vram 2344MiB
  eval @ iter 7000: train 1.4954  val 1.5751
iter   7025 | loss 1.5307 | lr 4.27e-05 | grad_norm 0.601 | tok/s 4,994 | data_time_frac 68.1% | peak_vram 2344MiB
iter   7050 | loss 1.4428 | lr 4.21e-05 | grad_norm 0.607 | tok/s 5,005 | data_time_frac 68.0% | peak_vram 2344MiB
iter   7075 | loss 1.5260 | lr 4.15e-05 | grad_norm 0.615 | tok/s 5,018 | data_time_frac 68.0% | peak_vram 2344MiB
iter   7100 | loss 1.5239 | lr 4.09e-05 | grad_norm 0.604 | tok/s 5,030 | data_time_frac 67.9% | peak_vram 2344MiB
iter   7125 | loss 1.5249 | lr 4.03e-05 | grad_norm 0.601 | tok/s 5,043 | data_time_frac 67.8% | peak_vram 2344MiB
iter   7150 | loss 1.4354 | lr 3.97e-05 | grad_norm 0.613 | tok/s 5,055 | data_time_frac 67.8% | peak_vram 2344MiB
iter   7175 | loss 1.5113 | lr 3.91e-05 | grad_norm 0.613 | tok/s 5,067 | data_time_frac 67.7% | peak_vram 2344MiB
iter   7200 | loss 1.5515 | lr 3.86e-05 | grad_norm 0.626 | tok/s 5,079 | data_time_frac 67.6% | peak_vram 2344MiB
iter   7225 | loss 1.4093 | lr 3.81e-05 | grad_norm 0.600 | tok/s 5,091 | data_time_frac 67.6% | peak_vram 2344MiB
iter   7250 | loss 1.5373 | lr 3.76e-05 | grad_norm 0.611 | tok/s 5,103 | data_time_frac 67.5% | peak_vram 2344MiB
iter   7275 | loss 1.4144 | lr 3.71e-05 | grad_norm 0.621 | tok/s 5,115 | data_time_frac 67.5% | peak_vram 2344MiB
iter   7300 | loss 1.4171 | lr 3.66e-05 | grad_norm 0.597 | tok/s 5,127 | data_time_frac 67.4% | peak_vram 2344MiB
iter   7325 | loss 1.4773 | lr 3.61e-05 | grad_norm 0.615 | tok/s 5,139 | data_time_frac 67.3% | peak_vram 2344MiB
iter   7350 | loss 1.5220 | lr 3.57e-05 | grad_norm 0.595 | tok/s 5,150 | data_time_frac 67.3% | peak_vram 2344MiB
iter   7375 | loss 1.5450 | lr 3.53e-05 | grad_norm 0.598 | tok/s 5,161 | data_time_frac 67.2% | peak_vram 2344MiB
iter   7400 | loss 1.4928 | lr 3.49e-05 | grad_norm 0.598 | tok/s 5,173 | data_time_frac 67.2% | peak_vram 2344MiB
iter   7425 | loss 1.4764 | lr 3.45e-05 | grad_norm 0.609 | tok/s 5,185 | data_time_frac 67.1% | peak_vram 2344MiB
iter   7450 | loss 1.4235 | lr 3.41e-05 | grad_norm 0.615 | tok/s 5,197 | data_time_frac 67.1% | peak_vram 2344MiB
iter   7475 | loss 1.5156 | lr 3.37e-05 | grad_norm 0.634 | tok/s 5,210 | data_time_frac 67.0% | peak_vram 2344MiB
iter   7500 | loss 1.4986 | lr 3.34e-05 | grad_norm 0.601 | tok/s 5,222 | data_time_frac 67.0% | peak_vram 2344MiB
  eval @ iter 7500: train 1.5247  val 1.5310
  new best val_loss 1.5310 — saved checkpoints\ablation_002_lr_3e-4\best.pt
iter   7525 | loss 1.5090 | lr 3.31e-05 | grad_norm 0.600 | tok/s 5,233 | data_time_frac 66.9% | peak_vram 2344MiB
iter   7550 | loss 1.5305 | lr 3.27e-05 | grad_norm 0.621 | tok/s 5,246 | data_time_frac 66.8% | peak_vram 2344MiB
iter   7575 | loss 1.5246 | lr 3.24e-05 | grad_norm 0.599 | tok/s 5,258 | data_time_frac 66.8% | peak_vram 2344MiB
iter   7600 | loss 1.5270 | lr 3.22e-05 | grad_norm 0.611 | tok/s 5,271 | data_time_frac 66.7% | peak_vram 2344MiB
iter   7625 | loss 1.4828 | lr 3.19e-05 | grad_norm 0.600 | tok/s 5,283 | data_time_frac 66.7% | peak_vram 2344MiB
iter   7650 | loss 1.4642 | lr 3.17e-05 | grad_norm 0.616 | tok/s 5,296 | data_time_frac 66.6% | peak_vram 2344MiB
iter   7675 | loss 1.6461 | lr 3.14e-05 | grad_norm 0.620 | tok/s 5,308 | data_time_frac 66.5% | peak_vram 2344MiB
iter   7700 | loss 1.4746 | lr 3.12e-05 | grad_norm 0.629 | tok/s 5,321 | data_time_frac 66.5% | peak_vram 2344MiB
iter   7725 | loss 1.4670 | lr 3.10e-05 | grad_norm 0.607 | tok/s 5,333 | data_time_frac 66.4% | peak_vram 2344MiB
iter   7750 | loss 1.5422 | lr 3.08e-05 | grad_norm 0.627 | tok/s 5,345 | data_time_frac 66.4% | peak_vram 2344MiB
iter   7775 | loss 1.5188 | lr 3.07e-05 | grad_norm 0.629 | tok/s 5,357 | data_time_frac 66.3% | peak_vram 2344MiB
iter   7800 | loss 1.4878 | lr 3.05e-05 | grad_norm 0.613 | tok/s 5,368 | data_time_frac 66.2% | peak_vram 2344MiB
iter   7825 | loss 1.5336 | lr 3.04e-05 | grad_norm 0.612 | tok/s 5,381 | data_time_frac 66.2% | peak_vram 2344MiB
iter   7850 | loss 1.4876 | lr 3.03e-05 | grad_norm 0.611 | tok/s 5,393 | data_time_frac 66.1% | peak_vram 2344MiB
iter   7875 | loss 1.5594 | lr 3.02e-05 | grad_norm 0.611 | tok/s 5,405 | data_time_frac 66.1% | peak_vram 2344MiB
iter   7900 | loss 1.5123 | lr 3.01e-05 | grad_norm 0.616 | tok/s 5,417 | data_time_frac 66.0% | peak_vram 2344MiB
iter   7925 | loss 1.5835 | lr 3.01e-05 | grad_norm 0.621 | tok/s 5,428 | data_time_frac 65.9% | peak_vram 2344MiB
iter   7950 | loss 1.4733 | lr 3.00e-05 | grad_norm 0.632 | tok/s 5,440 | data_time_frac 65.9% | peak_vram 2344MiB
iter   7975 | loss 1.6234 | lr 3.00e-05 | grad_norm 0.622 | tok/s 5,452 | data_time_frac 65.8% | peak_vram 2344MiB
done. final checkpoint: checkpoints\ablation_002_lr_3e-4\latest.pt
